ARM Linker, 5.03 [Build 24] [MDK-ARM Standard]

==============================================================================

Section Cross References

    main.o(.text) refers to tsensor.o(.text) for T_Get_Adc_Average
    main.o(.text) refers to fflt_clz.o(x$fpl$ffltu) for __aeabi_ui2f
    main.o(.text) refers to f2d.o(x$fpl$f2d) for __aeabi_f2d
    main.o(.text) refers to dmul.o(x$fpl$dmul) for __aeabi_dmul
    main.o(.text) refers to d2f.o(x$fpl$d2f) for __aeabi_d2f
    main.o(.text) refers to ffixu.o(x$fpl$ffixu) for __aeabi_f2uiz
    main.o(.text) refers to ds18b20.o(.text) for DS18B20_Get_Temp
    main.o(.text) refers to lcd.o(.text) for LCD_ShowChar
    main.o(.text) refers to daddsub_clz.o(x$fpl$drsb) for __aeabi_drsub
    main.o(.text) refers to ddiv.o(x$fpl$ddiv) for __aeabi_ddiv
    main.o(.text) refers to daddsub_clz.o(x$fpl$dadd) for __aeabi_dadd
    main.o(.text) refers to faddsub_clz.o(x$fpl$frsb) for __aeabi_frsub
    main.o(.text) refers to fmul.o(x$fpl$fmul) for __aeabi_fmul
    main.o(.text) refers to delay.o(.text) for delay_ms
    main.o(.text) refers to sys.o(.text) for NVIC_Configuration
    main.o(.text) refers to usart2.o(.text) for USART2_Init
    main.o(.text) refers to usart3.o(.text) for usart3_init
    main.o(.text) refers to usart.o(.text) for uart_init
    main.o(.text) refers to led.o(.text) for LED_Init
    main.o(.text) refers to key.o(.text) for KEY_Init
    main.o(.text) refers to a6.o(.text) for SIM808_CONNECT
    main.o(.text) refers to ffix.o(x$fpl$ffix) for __aeabi_f2iz
    main.o(.text) refers to edpdemo.o(.text) for restful_send
    main.o(.text) refers to main.o(.data) for adcx
    main.o(.text) refers to lcd.o(.data) for POINT_COLOR
    system_stm32f10x.o(.text) refers to system_stm32f10x.o(.data) for SystemCoreClock
    led.o(.text) refers to stm32f10x_rcc.o(.text) for RCC_APB2PeriphClockCmd
    led.o(.text) refers to stm32f10x_gpio.o(.text) for GPIO_Init
    key.o(.text) refers to stm32f10x_rcc.o(.text) for RCC_APB2PeriphClockCmd
    key.o(.text) refers to stm32f10x_gpio.o(.text) for GPIO_Init
    key.o(.text) refers to delay.o(.text) for delay_ms
    key.o(.text) refers to key.o(.data) for key_up
    usart2.o(.text) refers to sys.o(.text) for MY_NVIC_Init
    usart2.o(.text) refers to delay.o(.text) for delay_us
    usart2.o(.text) refers to c89vsprintf.o(.text) for __c89vsprintf
    usart2.o(.text) refers to strlen.o(.text) for strlen
    usart2.o(.text) refers to stm32f10x_usart.o(.text) for USART_ClearFlag
    usart2.o(.text) refers to usart2.o(.data) for USART2_RX_STA
    usart2.o(.text) refers to usart2.o(.bss) for USART2_RX_BUF
    usart3.o(.text) refers to sys.o(.text) for MY_NVIC_Init
    usart3.o(.text) refers to timer.o(.text) for TIM7_Int_Init
    usart3.o(.text) refers to c89vsprintf.o(.text) for __c89vsprintf
    usart3.o(.text) refers to strlen.o(.text) for strlen
    usart3.o(.text) refers to rt_memcpy_v6.o(.text) for __aeabi_memcpy
    usart3.o(.text) refers to rt_memclr.o(.text) for __aeabi_memclr
    usart3.o(.text) refers to usart3.o(.data) for USART3_RX_STA
    usart3.o(.text) refers to usart3.o(.bss) for USART3_RX_BUF
    timer.o(.text) refers to sys.o(.text) for MY_NVIC_Init
    timer.o(.text) refers to usart3.o(.data) for USART3_RX_STA
    adc.o(.text) refers to stm32f10x_rcc.o(.text) for RCC_APB2PeriphClockCmd
    adc.o(.text) refers to stm32f10x_gpio.o(.text) for GPIO_Init
    adc.o(.text) refers to stm32f10x_adc.o(.text) for ADC_DeInit
    adc.o(.text) refers to delay.o(.text) for delay_ms
    tsensor.o(.text) refers to stm32f10x_rcc.o(.text) for RCC_APB2PeriphClockCmd
    tsensor.o(.text) refers to stm32f10x_adc.o(.text) for ADC_DeInit
    tsensor.o(.text) refers to delay.o(.text) for delay_ms
    lcd.o(.text) refers to _printf_percent.o(.ARM.Collect$$_printf_percent$$00000000) for _printf_percent
    lcd.o(.text) refers to _printf_x.o(.ARM.Collect$$_printf_percent$$0000000C) for _printf_x
    lcd.o(.text) refers to _printf_hex_int_ll_ptr.o(.text) for _printf_longlong_hex
    lcd.o(.text) refers to delay.o(.text) for delay_us
    lcd.o(.text) refers to lcd.o(.bss) for lcddev
    lcd.o(.text) refers to lcd.o(.data) for POINT_COLOR
    lcd.o(.text) refers to stm32f10x_rcc.o(.text) for RCC_AHBPeriphClockCmd
    lcd.o(.text) refers to stm32f10x_gpio.o(.text) for GPIO_Init
    lcd.o(.text) refers to stm32f10x_fsmc.o(.text) for FSMC_NORSRAMInit
    lcd.o(.text) refers to __2printf.o(.text) for __2printf
    lcd.o(.text) refers to lcd.o(.constdata) for asc2_1206
    ds18b20.o(.text) refers to delay.o(.text) for delay_us
    ds18b20.o(.text) refers to stm32f10x_rcc.o(.text) for RCC_APB2PeriphClockCmd
    ds18b20.o(.text) refers to stm32f10x_gpio.o(.text) for GPIO_Init
    ds18b20.o(.text) refers to fflt_clz.o(x$fpl$fflt) for __aeabi_i2f
    ds18b20.o(.text) refers to f2d.o(x$fpl$f2d) for __aeabi_f2d
    ds18b20.o(.text) refers to dmul.o(x$fpl$dmul) for __aeabi_dmul
    ds18b20.o(.text) refers to dfix.o(x$fpl$dfix) for __aeabi_d2iz
[...]
    LCD_Fast_DrawPoint                       0x080014ef   Thumb Code   278  lcd.o(.text)
    LCD_Display_Dir                          0x08001605   Thumb Code   434  lcd.o(.text)
    LCD_Set_Window                           0x080017b7   Thumb Code   420  lcd.o(.text)
    LCD_Clear                                0x0800195b   Thumb Code   100  lcd.o(.text)
    LCD_Init                                 0x080019bf   Thumb Code 14090  lcd.o(.text)
    LCD_Fill                                 0x080050c9   Thumb Code   178  lcd.o(.text)
    LCD_Color_Fill                           0x0800517b   Thumb Code   102  lcd.o(.text)
    LCD_DrawLine                             0x080051e1   Thumb Code   176  lcd.o(.text)
    LCD_DrawRectangle                        0x08005291   Thumb Code    60  lcd.o(.text)
    Draw_Circle                              0x080052cd   Thumb Code   152  lcd.o(.text)
    LCD_ShowChar                             0x08005365   Thumb Code   340  lcd.o(.text)
    LCD_Pow                                  0x080054b9   Thumb Code    22  lcd.o(.text)
    LCD_ShowNum                              0x080054cf   Thumb Code   148  lcd.o(.text)
    LCD_ShowxNum                             0x08005563   Thumb Code   218  lcd.o(.text)
    LCD_ShowString                           0x0800563d   Thumb Code   102  lcd.o(.text)
    DS18B20_Rst                              0x080056a5   Thumb Code    54  ds18b20.o(.text)
    DS18B20_Check                            0x080056db   Thumb Code    92  ds18b20.o(.text)
    DS18B20_Read_Bit                         0x08005737   Thumb Code    96  ds18b20.o(.text)
    DS18B20_Read_Byte                        0x08005797   Thumb Code    34  ds18b20.o(.text)
    DS18B20_Write_Byte                       0x080057b9   Thumb Code   106  ds18b20.o(.text)
    DS18B20_Start                            0x08005823   Thumb Code    24  ds18b20.o(.text)
    DS18B20_Init                             0x0800583b   Thumb Code    58  ds18b20.o(.text)
    DS18B20_Get_Temp                         0x08005875   Thumb Code   136  ds18b20.o(.text)
    delay_init                               0x08005911   Thumb Code    50  delay.o(.text)
    delay_us                                 0x08005943   Thumb Code    70  delay.o(.text)
    delay_ms                                 0x08005989   Thumb Code    70  delay.o(.text)
    NVIC_Configuration                       0x080059e1   Thumb Code    12  sys.o(.text)
    MY_NVIC_SetVectorTable                   0x080059ed   Thumb Code    12  sys.o(.text)
    MY_NVIC_PriorityGroupConfig              0x080059f9   Thumb Code    36  sys.o(.text)
    MY_NVIC_Init                             0x08005a1d   Thumb Code   114  sys.o(.text)
    Ex_NVIC_Config                           0x08005a8f   Thumb Code   144  sys.o(.text)
    MYRCC_DeInit                             0x08005b1f   Thumb Code    90  sys.o(.text)
    Sys_Standby                              0x08005b79   Thumb Code    68  sys.o(.text)
    Sys_Soft_Reset                           0x08005bbd   Thumb Code    12  sys.o(.text)
    JTAG_Set                                 0x08005bc9   Thumb Code    42  sys.o(.text)
    Stm32_Clock_Init                         0x08005bf3   Thumb Code   130  sys.o(.text)
    _sys_exit                                0x08005ca9   Thumb Code     6  usart.o(.text)
    fputc                                    0x08005caf   Thumb Code    32  usart.o(.text)
    uart_init                                0x08005ccf   Thumb Code   158  usart.o(.text)
    USART1_IRQHandler                        0x08005d6d   Thumb Code   122  usart.o(.text)
    Reset_Handler                            0x08005df9   Thumb Code     8  startup_stm32f10x_hd.o(.text)
    ADC1_2_IRQHandler                        0x08005e13   Thumb Code     0  startup_stm32f10x_hd.o(.text)
    ADC3_IRQHandler                          0x08005e13   Thumb Code     0  startup_stm32f10x_hd.o(.text)
    CAN1_RX1_IRQHandler                      0x08005e13   Thumb Code     0  startup_stm32f10x_hd.o(.text)
    CAN1_SCE_IRQHandler                      0x08005e13   Thumb Code     0  startup_stm32f10x_hd.o(.text)
    DMA1_Channel1_IRQHandler                 0x08005e13   Thumb Code     0  startup_stm32f10x_hd.o(.text)
    DMA1_Channel2_IRQHandler                 0x08005e13   Thumb Code     0  startup_stm32f10x_hd.o(.text)
    DMA1_Channel3_IRQHandler                 0x08005e13   Thumb Code     0  startup_stm32f10x_hd.o(.text)
    DMA1_Channel4_IRQHandler                 0x08005e13   Thumb Code     0  startup_stm32f10x_hd.o(.text)
    DMA1_Channel5_IRQHandler                 0x08005e13   Thumb Code     0  startup_stm32f10x_hd.o(.text)
    DMA1_Channel6_IRQHandler                 0x08005e13   Thumb Code     0  startup_stm32f10x_hd.o(.text)
    DMA1_Channel7_IRQHandler                 0x08005e13   Thumb Code     0  startup_stm32f10x_hd.o(.text)
    DMA2_Channel1_IRQHandler                 0x08005e13   Thumb Code     0  startup_stm32f10x_hd.o(.text)
    DMA2_Channel2_IRQHandler                 0x08005e13   Thumb Code     0  startup_stm32f10x_hd.o(.text)
    DMA2_Channel3_IRQHandler                 0x08005e13   Thumb Code     0  startup_stm32f10x_hd.o(.text)
    DMA2_Channel4_5_IRQHandler               0x08005e13   Thumb Code     0  startup_stm32f10x_hd.o(.text)
    EXTI0_IRQHandler                         0x08005e13   Thumb Code     0  startup_stm32f10x_hd.o(.text)
    EXTI15_10_IRQHandler                     0x08005e13   Thumb Code     0  startup_stm32f10x_hd.o(.text)
    EXTI1_IRQHandler                         0x08005e13   Thumb Code     0  startup_stm32f10x_hd.o(.text)
    EXTI2_IRQHandler                         0x08005e13   Thumb Code     0  startup_stm32f10x_hd.o(.text)
    EXTI3_IRQHandler                         0x08005e13   Thumb Code     0  startup_stm32f10x_hd.o(.text)
    EXTI4_IRQHandler                         0x08005e13   Thumb Code     0  startup_stm32f10x_hd.o(.text)
    EXTI9_5_IRQHandler                       0x08005e13   Thumb Code     0  startup_stm32f10x_hd.o(.text)
    FLASH_IRQHandler                         0x08005e13   Thumb Code     0  startup_stm32f10x_hd.o(.text)
    FSMC_IRQHandler                          0x08005e13   Thumb Code     0  startup_stm32f10x_hd.o(.text)
    I2C1_ER_IRQHandler                       0x08005e13   Thumb Code     0  startup_stm32f10x_hd.o(.text)
    I2C1_EV_IRQHandler                       0x08005e13   Thumb Code     0  startup_stm32f10x_hd.o(.text)
    I2C2_ER_IRQHandler                       0x08005e13   Thumb Code     0  startup_stm32f10x_hd.o(.text)
    I2C2_EV_IRQHandler                       0x08005e13   Thumb Code     0  startup_stm32f10x_hd.o(.text)
    PVD_IRQHandler                           0x08005e13   Thumb Code     0  startup_stm32f10x_hd.o(.text)
    RCC_IRQHandler                           0x08005e13   Thumb Code     0  startup_stm32f10x_hd.o(.text)
    RTCAlarm_IRQHandler                      0x08005e13   Thumb Code     0  startup_stm32f10x_hd.o(.text)
    RTC_IRQHandler                           0x08005e13   Thumb Code     0  startup_stm32f10x_hd.o(.text)
    SDIO_IRQHandler                          0x08005e13   Thumb Code     0  startup_stm32f10x_hd.o(.text)
    SPI1_IRQHandler                          0x08005e13   Thumb Code     0  startup_stm32f10x_hd.o(.text)
    SPI2_IRQHandler                          0x08005e13   Thumb Code     0  startup_stm32f10x_hd.o(.text)
    SPI3_IRQHandler                          0x08005e13   Thumb Code     0  startup_stm32f10x_hd.o(.text)
    TAMPER_IRQHandler                        0x08005e13   Thumb Code     0  startup_stm32f10x_hd.o(.text)
    TIM1_BRK_IRQHandler                      0x08005e13   Thumb Code     0  startup_stm32f10x_hd.o(.text)
    TIM1_CC_IRQHandler                       0x08005e13   Thumb Code     0  startup_stm32f10x_hd.o(.text)
    TIM1_TRG_COM_IRQHandler                  0x08005e13   Thumb Code     0  startup_stm32f10x_hd.o(.text)
    TIM1_UP_IRQHandler                       0x08005e13   Thumb Code     0  startup_stm32f10x_hd.o(.text)
    TIM2_IRQHandler                          0x08005e13   Thumb Code     0  startup_stm32f10x_hd.o(.text)
    TIM3_IRQHandler                          0x08005e13   Thumb Code     0  startup_stm32f10x_hd.o(.text)
    TIM5_IRQHandler                          0x08005e13   Thumb Code     0  startup_stm32f10x_hd.o(.text)
    TIM6_IRQHandler                          0x08005e13   Thumb Code     0  startup_stm32f10x_hd.o(.text)
    TIM8_BRK_IRQHandler                      0x08005e13   Thumb Code     0  startup_stm32f10x_hd.o(.text)
    TIM8_CC_IRQHandler                       0x08005e13   Thumb Code     0  startup_stm32f10x_hd.o(.text)
    TIM8_TRG_COM_IRQHandler                  0x08005e13   Thumb Code     0  startup_stm32f10x_hd.o(.text)
    TIM8_UP_IRQHandler                       0x08005e13   Thumb Code     0  startup_stm32f10x_hd.o(.text)
    UART4_IRQHandler                         0x08005e13   Thumb Code     0  startup_stm32f10x_hd.o(.text)
    UART5_IRQHandler                         0x08005e13   Thumb Code     0  startup_stm32f10x_hd.o(.text)
    USBWakeUp_IRQHandler                     0x08005e13   Thumb Code     0  startup_stm32f10x_hd.o(.text)
    USB_HP_CAN1_TX_IRQHandler                0x08005e13   Thumb Code     0  startup_stm32f10x_hd.o(.text)
    USB_LP_CAN1_RX0_IRQHandler               0x08005e13   Thumb Code     0  startup_stm32f10x_hd.o(.text)
    WWDG_IRQHandler                          0x08005e13   Thumb Code     0  startup_stm32f10x_hd.o(.text)
    __user_initial_stackheap                 0x08005e15   Thumb Code     0  startup_stm32f10x_hd.o(.text)
    NVIC_PriorityGroupConfig                 0x08005e39   Thumb Code    10  misc.o(.text)
    NVIC_Init                                0x08005e43   Thumb Code   102  misc.o(.text)
    NVIC_SetVectorTable                      0x08005ea9   Thumb Code    14  misc.o(.text)
    NVIC_SystemLPConfig                      0x08005eb7   Thumb Code    34  misc.o(.text)
    SysTick_CLKSourceConfig                  0x08005ed9   Thumb Code    40  misc.o(.text)
    GPIO_DeInit                              0x08005f15   Thumb Code   172  stm32f10x_gpio.o(.text)
    GPIO_AFIODeInit                          0x08005fc1   Thumb Code    20  stm32f10x_gpio.o(.text)
    GPIO_Init                                0x08005fd5   Thumb Code   274  stm32f10x_gpio.o(.text)
    GPIO_StructInit                          0x080060e7   Thumb Code    16  stm32f10x_gpio.o(.text)
    GPIO_ReadInputDataBit                    0x080060f7   Thumb Code    18  stm32f10x_gpio.o(.text)
    GPIO_ReadInputData                       0x08006109   Thumb Code     8  stm32f10x_gpio.o(.text)
    GPIO_ReadOutputDataBit                   0x08006111   Thumb Code    18  stm32f10x_gpio.o(.text)
    GPIO_ReadOutputData                      0x08006123   Thumb Code     8  stm32f10x_gpio.o(.text)
    GPIO_SetBits                             0x0800612b   Thumb Code     4  stm32f10x_gpio.o(.text)
    GPIO_ResetBits                           0x0800612f   Thumb Code     4  stm32f10x_gpio.o(.text)
    GPIO_WriteBit                            0x08006133   Thumb Code    10  stm32f10x_gpio.o(.text)
    GPIO_Write                               0x0800613d   Thumb Code     4  stm32f10x_gpio.o(.text)
    GPIO_PinLockConfig                       0x08006141   Thumb Code    18  stm32f10x_gpio.o(.text)
    GPIO_EventOutputConfig                   0x08006153   Thumb Code    26  stm32f10x_gpio.o(.text)
    GPIO_EventOutputCmd                      0x0800616d   Thumb Code     6  stm32f10x_gpio.o(.text)
    GPIO_PinRemapConfig                      0x08006173   Thumb Code   138  stm32f10x_gpio.o(.text)
    GPIO_EXTILineConfig                      0x080061fd   Thumb Code    66  stm32f10x_gpio.o(.text)
    GPIO_ETH_MediaInterfaceConfig            0x0800623f   Thumb Code     6  stm32f10x_gpio.o(.text)
    RCC_DeInit                               0x0800626d   Thumb Code    64  stm32f10x_rcc.o(.text)
    RCC_HSEConfig                            0x080062ad   Thumb Code    70  stm32f10x_rcc.o(.text)
    RCC_GetFlagStatus                        0x080062f3   Thumb Code    56  stm32f10x_rcc.o(.text)
    RCC_WaitForHSEStartUp                    0x0800632b   Thumb Code    56  stm32f10x_rcc.o(.text)
    RCC_AdjustHSICalibrationValue            0x08006363   Thumb Code    20  stm32f10x_rcc.o(.text)
    RCC_HSICmd                               0x08006377   Thumb Code     6  stm32f10x_rcc.o(.text)
    RCC_PLLConfig                            0x0800637d   Thumb Code    24  stm32f10x_rcc.o(.text)
    RCC_PLLCmd                               0x08006395   Thumb Code     6  stm32f10x_rcc.o(.text)
    RCC_SYSCLKConfig                         0x0800639b   Thumb Code    18  stm32f10x_rcc.o(.text)
    RCC_GetSYSCLKSource                      0x080063ad   Thumb Code    10  stm32f10x_rcc.o(.text)
    RCC_HCLKConfig                           0x080063b7   Thumb Code    18  stm32f10x_rcc.o(.text)
    RCC_PCLK1Config                          0x080063c9   Thumb Code    18  stm32f10x_rcc.o(.text)
    RCC_PCLK2Config                          0x080063db   Thumb Code    20  stm32f10x_rcc.o(.text)
    RCC_ITConfig                             0x080063ef   Thumb Code    26  stm32f10x_rcc.o(.text)
    RCC_USBCLKConfig                         0x08006409   Thumb Code     6  stm32f10x_rcc.o(.text)
    RCC_ADCCLKConfig                         0x0800640f   Thumb Code    18  stm32f10x_rcc.o(.text)
    RCC_LSEConfig                            0x08006421   Thumb Code    44  stm32f10x_rcc.o(.text)
    RCC_LSICmd                               0x0800644d   Thumb Code     6  stm32f10x_rcc.o(.text)
    RCC_RTCCLKConfig                         0x08006453   Thumb Code    12  stm32f10x_rcc.o(.text)
    RCC_RTCCLKCmd                            0x0800645f   Thumb Code     8  stm32f10x_rcc.o(.text)
    RCC_GetClocksFreq                        0x08006467   Thumb Code   192  stm32f10x_rcc.o(.text)
    RCC_AHBPeriphClockCmd                    0x08006527   Thumb Code    26  stm32f10x_rcc.o(.text)
    RCC_APB2PeriphClockCmd                   0x08006541   Thumb Code    26  stm32f10x_rcc.o(.text)
    RCC_APB1PeriphClockCmd                   0x0800655b   Thumb Code    26  stm32f10x_rcc.o(.text)
    RCC_APB2PeriphResetCmd                   0x08006575   Thumb Code    26  stm32f10x_rcc.o(.text)
    RCC_APB1PeriphResetCmd                   0x0800658f   Thumb Code    26  stm32f10x_rcc.o(.text)
    RCC_BackupResetCmd                       0x080065a9   Thumb Code     8  stm32f10x_rcc.o(.text)
    RCC_ClockSecuritySystemCmd               0x080065b1   Thumb Code     6  stm32f10x_rcc.o(.text)
    RCC_MCOConfig                            0x080065b7   Thumb Code     6  stm32f10x_rcc.o(.text)
    RCC_ClearFlag                            0x080065bd   Thumb Code    14  stm32f10x_rcc.o(.text)
    RCC_GetITStatus                          0x080065cb   Thumb Code    20  stm32f10x_rcc.o(.text)
    RCC_ClearITPendingBit                    0x080065df   Thumb Code     6  stm32f10x_rcc.o(.text)
    USART_DeInit                             0x08006611   Thumb Code   134  stm32f10x_usart.o(.text)
    USART_Init                               0x08006697   Thumb Code   210  stm32f10x_usart.o(.text)
    USART_StructInit                         0x08006769   Thumb Code    24  stm32f10x_usart.o(.text)
    USART_ClockInit                          0x08006781   Thumb Code    34  stm32f10x_usart.o(.text)
    USART_ClockStructInit                    0x080067a3   Thumb Code    12  stm32f10x_usart.o(.text)
    USART_Cmd                                0x080067af   Thumb Code    24  stm32f10x_usart.o(.text)
    USART_ITConfig                           0x080067c7   Thumb Code    74  stm32f10x_usart.o(.text)
    USART_DMACmd                             0x08006811   Thumb Code    18  stm32f10x_usart.o(.text)
    USART_SetAddress                         0x08006823   Thumb Code    18  stm32f10x_usart.o(.text)
    USART_WakeUpConfig                       0x08006835   Thumb Code    18  stm32f10x_usart.o(.text)
    USART_ReceiverWakeUpCmd                  0x08006847   Thumb Code    24  stm32f10x_usart.o(.text)
    USART_LINBreakDetectLengthConfig         0x0800685f   Thumb Code    18  stm32f10x_usart.o(.text)
    USART_LINCmd                             0x08006871   Thumb Code    24  stm32f10x_usart.o(.text)
    USART_SendData                           0x08006889   Thumb Code     8  stm32f10x_usart.o(.text)
    USART_ReceiveData                        0x08006891   Thumb Code    10  stm32f10x_usart.o(.text)
    USART_SendBreak                          0x0800689b   Thumb Code    10  stm32f10x_usart.o(.text)
    USART_SetGuardTime                       0x080068a5   Thumb Code    16  stm32f10x_usart.o(.text)
    USART_SetPrescaler                       0x080068b5   Thumb Code    16  stm32f10x_usart.o(.text)
    USART_SmartCardCmd                       0x080068c5   Thumb Code    24  stm32f10x_usart.o(.text)
    USART_SmartCardNACKCmd                   0x080068dd   Thumb Code    24  stm32f10x_usart.o(.text)
    USART_HalfDuplexCmd                      0x080068f5   Thumb Code    24  stm32f10x_usart.o(.text)
    USART_OverSampling8Cmd                   0x0800690d   Thumb Code    22  stm32f10x_usart.o(.text)
    USART_OneBitMethodCmd                    0x08006923   Thumb Code    24  stm32f10x_usart.o(.text)
    USART_IrDAConfig                         0x0800693b   Thumb Code    18  stm32f10x_usart.o(.text)
    USART_IrDACmd                            0x0800694d   Thumb Code    24  stm32f10x_usart.o(.text)
    USART_GetFlagStatus                      0x08006965   Thumb Code    26  stm32f10x_usart.o(.text)
    USART_ClearFlag                          0x0800697f   Thumb Code    18  stm32f10x_usart.o(.text)
    USART_GetITStatus                        0x08006991   Thumb Code    84  stm32f10x_usart.o(.text)
    USART_ClearITPendingBit                  0x080069e5   Thumb Code    52  stm32f10x_usart.o(.text)
    ADC_DeInit                               0x08006a19   Thumb Code    78  stm32f10x_adc.o(.text)
    ADC_Init                                 0x08006a67   Thumb Code    70  stm32f10x_adc.o(.text)
    ADC_StructInit                           0x08006aad   Thumb Code    18  stm32f10x_adc.o(.text)
    ADC_Cmd                                  0x08006abf   Thumb Code    22  stm32f10x_adc.o(.text)
    ADC_DMACmd                               0x08006ad5   Thumb Code    22  stm32f10x_adc.o(.text)
    ADC_ITConfig                             0x08006aeb   Thumb Code    24  stm32f10x_adc.o(.text)
    ADC_ResetCalibration                     0x08006b03   Thumb Code    10  stm32f10x_adc.o(.text)
    ADC_GetResetCalibrationStatus            0x08006b0d   Thumb Code    20  stm32f10x_adc.o(.text)
    ADC_StartCalibration                     0x08006b21   Thumb Code    10  stm32f10x_adc.o(.text)
    ADC_GetCalibrationStatus                 0x08006b2b   Thumb Code    20  stm32f10x_adc.o(.text)
    ADC_SoftwareStartConvCmd                 0x08006b3f   Thumb Code    22  stm32f10x_adc.o(.text)
    ADC_GetSoftwareStartConvStatus           0x08006b55   Thumb Code    20  stm32f10x_adc.o(.text)
    ADC_DiscModeChannelCountConfig           0x08006b69   Thumb Code    24  stm32f10x_adc.o(.text)
    ADC_DiscModeCmd                          0x08006b81   Thumb Code    22  stm32f10x_adc.o(.text)
    ADC_RegularChannelConfig                 0x08006b97   Thumb Code   184  stm32f10x_adc.o(.text)
    ADC_ExternalTrigConvCmd                  0x08006c4f   Thumb Code    22  stm32f10x_adc.o(.text)
    ADC_GetConversionValue                   0x08006c65   Thumb Code     8  stm32f10x_adc.o(.text)
    ADC_GetDualModeConversionValue           0x08006c6d   Thumb Code     8  stm32f10x_adc.o(.text)
    ADC_AutoInjectedConvCmd                  0x08006c75   Thumb Code    22  stm32f10x_adc.o(.text)
    ADC_InjectedDiscModeCmd                  0x08006c8b   Thumb Code    22  stm32f10x_adc.o(.text)
    ADC_ExternalTrigInjectedConvConfig       0x08006ca1   Thumb Code    16  stm32f10x_adc.o(.text)
    ADC_ExternalTrigInjectedConvCmd          0x08006cb1   Thumb Code    22  stm32f10x_adc.o(.text)
    ADC_SoftwareStartInjectedConvCmd         0x08006cc7   Thumb Code    22  stm32f10x_adc.o(.text)
    ADC_GetSoftwareStartInjectedConvCmdStatus 0x08006cdd   Thumb Code    20  stm32f10x_adc.o(.text)
    ADC_InjectedChannelConfig                0x08006cf1   Thumb Code   130  stm32f10x_adc.o(.text)
    ADC_InjectedSequencerLengthConfig        0x08006d73   Thumb Code    24  stm32f10x_adc.o(.text)
    ADC_SetInjectedOffset                    0x08006d8b   Thumb Code    20  stm32f10x_adc.o(.text)
    ADC_GetInjectedConversionValue           0x08006d9f   Thumb Code    28  stm32f10x_adc.o(.text)
    ADC_AnalogWatchdogCmd                    0x08006dbb   Thumb Code    16  stm32f10x_adc.o(.text)
    ADC_AnalogWatchdogThresholdsConfig       0x08006dcb   Thumb Code     6  stm32f10x_adc.o(.text)
    ADC_AnalogWatchdogSingleChannelConfig    0x08006dd1   Thumb Code    16  stm32f10x_adc.o(.text)
    ADC_TempSensorVrefintCmd                 0x08006de1   Thumb Code    64  stm32f10x_adc.o(.text)
    ADC_GetFlagStatus                        0x08006e21   Thumb Code    18  stm32f10x_adc.o(.text)
    ADC_ClearFlag                            0x08006e33   Thumb Code     6  stm32f10x_adc.o(.text)
    ADC_GetITStatus                          0x08006e39   Thumb Code    36  stm32f10x_adc.o(.text)
    ADC_ClearITPendingBit                    0x08006e5d   Thumb Code    10  stm32f10x_adc.o(.text)
    FSMC_NORSRAMDeInit                       0x08006e69   Thumb Code    56  stm32f10x_fsmc.o(.text)
    FSMC_NANDDeInit                          0x08006ea1   Thumb Code    62  stm32f10x_fsmc.o(.text)
    FSMC_PCCARDDeInit                        0x08006edf   Thumb Code    40  stm32f10x_fsmc.o(.text)
    FSMC_NORSRAMInit                         0x08006f07   Thumb Code   224  stm32f10x_fsmc.o(.text)
    FSMC_NANDInit                            0x08006fe7   Thumb Code   130  stm32f10x_fsmc.o(.text)
    FSMC_PCCARDInit                          0x08007069   Thumb Code   124  stm32f10x_fsmc.o(.text)
    FSMC_NORSRAMStructInit                   0x080070e5   Thumb Code   114  stm32f10x_fsmc.o(.text)
    FSMC_NANDStructInit                      0x08007157   Thumb Code    54  stm32f10x_fsmc.o(.text)
    FSMC_PCCARDStructInit                    0x0800718d   Thumb Code    60  stm32f10x_fsmc.o(.text)
    FSMC_NORSRAMCmd                          0x080071c9   Thumb Code    46  stm32f10x_fsmc.o(.text)
    FSMC_NANDCmd                             0x080071f7   Thumb Code    86  stm32f10x_fsmc.o(.text)
    FSMC_PCCARDCmd                           0x0800724d   Thumb Code    40  stm32f10x_fsmc.o(.text)
    FSMC_NANDECCCmd                          0x08007275   Thumb Code   118  stm32f10x_fsmc.o(.text)
    FSMC_GetECC                              0x080072eb   Thumb Code    22  stm32f10x_fsmc.o(.text)
    FSMC_ITConfig                            0x08007301   Thumb Code   128  stm32f10x_fsmc.o(.text)
    FSMC_GetFlagStatus                       0x08007381   Thumb Code    48  stm32f10x_fsmc.o(.text)
    FSMC_ClearFlag                           0x080073b1   Thumb Code    62  stm32f10x_fsmc.o(.text)
    FSMC_GetITStatus                         0x080073ef   Thumb Code    60  stm32f10x_fsmc.o(.text)
    FSMC_ClearITPendingBit                   0x0800742b   Thumb Code    64  stm32f10x_fsmc.o(.text)
    cJSON_GetErrorPtr                        0x08007481   Thumb Code     6  cjson.o(.text)
    cJSON_InitHooks                          0x080074fd   Thumb Code    48  cjson.o(.text)
    cJSON_Delete                             0x08007547   Thumb Code    82  cjson.o(.text)
    cJSON_ParseWithOpts                      0x080080f1   Thumb Code    96  cjson.o(.text)
    cJSON_Parse                              0x08008151   Thumb Code    16  cjson.o(.text)
    cJSON_Print                              0x080088e1   Thumb Code    18  cjson.o(.text)
    cJSON_PrintUnformatted                   0x080088f3   Thumb Code    18  cjson.o(.text)
    cJSON_PrintBuffered                      0x08008905   Thumb Code    54  cjson.o(.text)
    cJSON_GetArraySize                       0x0800893b   Thumb Code    18  cjson.o(.text)
    cJSON_GetArrayItem                       0x0800894d   Thumb Code    18  cjson.o(.text)
    cJSON_GetObjectItem                      0x0800895f   Thumb Code    30  cjson.o(.text)
    cJSON_AddItemToArray                     0x080089b3   Thumb Code    42  cjson.o(.text)
    cJSON_AddItemToObject                    0x080089dd   Thumb Code    44  cjson.o(.text)
    cJSON_AddItemToObjectCS                  0x08008a09   Thumb Code    54  cjson.o(.text)
    cJSON_AddItemReferenceToArray            0x08008a3f   Thumb Code    24  cjson.o(.text)
    cJSON_AddItemReferenceToObject           0x08008a57   Thumb Code    32  cjson.o(.text)
    cJSON_DetachItemFromArray                0x08008a77   Thumb Code    66  cjson.o(.text)
    cJSON_DeleteItemFromArray                0x08008ab9   Thumb Code    22  cjson.o(.text)
    cJSON_DetachItemFromObject               0x08008acf   Thumb Code    50  cjson.o(.text)
    cJSON_DeleteItemFromObject               0x08008b01   Thumb Code    22  cjson.o(.text)
    cJSON_InsertItemInArray                  0x08008b17   Thumb Code    64  cjson.o(.text)
    cJSON_ReplaceItemInArray                 0x08008b57   Thumb Code    76  cjson.o(.text)
    cJSON_ReplaceItemInObject                0x08008ba3   Thumb Code    62  cjson.o(.text)
    cJSON_CreateNull                         0x08008be1   Thumb Code    18  cjson.o(.text)
    cJSON_CreateTrue                         0x08008bf3   Thumb Code    18  cjson.o(.text)
    cJSON_CreateFalse                        0x08008c05   Thumb Code    18  cjson.o(.text)
    cJSON_CreateBool                         0x08008c17   Thumb Code    26  cjson.o(.text)
    cJSON_CreateNumber                       0x08008c31   Thumb Code    36  cjson.o(.text)
    cJSON_CreateString                       0x08008c55   Thumb Code    28  cjson.o(.text)
    cJSON_CreateArray                        0x08008c71   Thumb Code    18  cjson.o(.text)
    cJSON_CreateObject                       0x08008c83   Thumb Code    18  cjson.o(.text)
    cJSON_CreateIntArray                     0x08008c95   Thumb Code    68  cjson.o(.text)
    cJSON_CreateFloatArray                   0x08008cd9   Thumb Code    68  cjson.o(.text)
    cJSON_CreateDoubleArray                  0x08008d1d   Thumb Code    68  cjson.o(.text)
    cJSON_CreateStringArray                  0x08008d61   Thumb Code    62  cjson.o(.text)
    cJSON_Duplicate                          0x08008d9f   Thumb Code   180  cjson.o(.text)
    cJSON_Minify                             0x08008e53   Thumb Code   186  cjson.o(.text)
    assert                                   0x08008f0d   Thumb Code     2  edpkit.o(.text)
    NewBuffer                                0x08008f39   Thumb Code    36  edpkit.o(.text)
    DeleteBuffer                             0x08008f5d   Thumb Code    26  edpkit.o(.text)
    CheckCapacity                            0x08008f77   Thumb Code    90  edpkit.o(.text)
    ReadByte                                 0x08008fd1   Thumb Code    36  edpkit.o(.text)
    ReadBytes                                0x08008ff5   Thumb Code    56  edpkit.o(.text)
    ReadUint16                               0x0800902d   Thumb Code    54  edpkit.o(.text)
    ReadUint32                               0x08009063   Thumb Code    54  edpkit.o(.text)
    ReadStr                                  0x08009099   Thumb Code   102  edpkit.o(.text)
    ReadRemainlen                            0x080090ff   Thumb Code    82  edpkit.o(.text)
    WriteByte                                0x08009151   Thumb Code    54  edpkit.o(.text)
    WriteBytes                               0x08009187   Thumb Code    64  edpkit.o(.text)
    WriteUint16                              0x080091c7   Thumb Code    50  edpkit.o(.text)
    WriteUint32                              0x080091f9   Thumb Code    74  edpkit.o(.text)
    WriteStr                                 0x08009243   Thumb Code    62  edpkit.o(.text)
    WriteRemainlen                           0x08009281   Thumb Code    80  edpkit.o(.text)
    PacketConnect1                           0x080092d1   Thumb Code   122  edpkit.o(.text)
    PacketConnect2                           0x0800934b   Thumb Code   126  edpkit.o(.text)
    PacketPushdata                           0x080093c9   Thumb Code    70  edpkit.o(.text)
    PacketSavedataJson                       0x0800940f   Thumb Code   142  edpkit.o(.text)
    PacketSavedataInt                        0x08009981   Thumb Code    98  edpkit.o(.text)
    PacketSavedataDouble                     0x080099e3   Thumb Code   112  edpkit.o(.text)
    PacketSavedataString                     0x08009a53   Thumb Code    98  edpkit.o(.text)
    UnpackSavedataJson                       0x08009ab5   Thumb Code    68  edpkit.o(.text)
    UnpackSavedataInt                        0x0800a04b   Thumb Code    88  edpkit.o(.text)
    UnpackSavedataDouble                     0x0800a0a3   Thumb Code    88  edpkit.o(.text)
    UnpackSavedataString                     0x0800a0fb   Thumb Code    88  edpkit.o(.text)
    UnpackSavedataAck                        0x0800a153   Thumb Code    86  edpkit.o(.text)
    PacketSavedataBin                        0x0800a1a9   Thumb Code   200  edpkit.o(.text)
    PacketSavedataBinStr                     0x0800a271   Thumb Code   182  edpkit.o(.text)
    PacketCmdResp                            0x0800a327   Thumb Code    98  edpkit.o(.text)
    PacketPing                               0x0800a389   Thumb Code    30  edpkit.o(.text)
    IsPkgComplete                            0x0800a3a7   Thumb Code    96  edpkit.o(.text)
    GetEdpPacket                             0x0800a407   Thumb Code    80  edpkit.o(.text)
    EdpPacketType                            0x0800a457   Thumb Code    22  edpkit.o(.text)
    UnpackConnectResp                        0x0800a46d   Thumb Code    76  edpkit.o(.text)
    UnpackPushdata                           0x0800a4b9   Thumb Code   102  edpkit.o(.text)
    UnpackSavedata                           0x0800a51f   Thumb Code    88  edpkit.o(.text)
    UnpackSavedataBin                        0x0800a577   Thumb Code   108  edpkit.o(.text)
    UnpackSavedataBinStr                     0x0800a5e3   Thumb Code    88  edpkit.o(.text)
    UnpackCmdReq                             0x0800a63b   Thumb Code   128  edpkit.o(.text)
    UnpackPingResp                           0x0800a6bb   Thumb Code    44  edpkit.o(.text)
    PacketSavedataSimpleString               0x0800a6e7   Thumb Code   120  edpkit.o(.text)
    UnpackSavedataSimpleString               0x0800a75f   Thumb Code    26  edpkit.o(.text)
    DoSend                                   0x0800a77d   Thumb Code    74  edpdemo.o(.text)
    Recv_Thread_Func                         0x0800a7c7   Thumb Code   466  edpdemo.o(.text)
    Connect_RequestType1                     0x0800a999   Thumb Code   150  edpdemo.o(.text)
    restful_send                             0x0800aa2f   Thumb Code   158  edpdemo.o(.text)
    Ping_Server                              0x0800aacd   Thumb Code    70  edpdemo.o(.text)
    Save_Pm2p5ToOneNet                       0x0800ab13   Thumb Code   450  edpdemo.o(.text)
    check_cmd                                0x0800acd5   Thumb Code    44  a6.o(.text)
    SendCmd                                  0x0800ad01   Thumb Code   120  a6.o(.text)
    chr2hex                                  0x0800ad79   Thumb Code    54  a6.o(.text)
    hex2chr                                  0x0800adaf   Thumb Code    34  a6.o(.text)
    SIM808_Init                              0x0800add1   Thumb Code    48  a6.o(.text)
    SIM808_CONNECT                           0x0800ae01   Thumb Code     8  a6.o(.text)
    malloc                                   0x0800ae65   Thumb Code    94  h1_alloc.o(.text)
    free                                     0x0800aec3   Thumb Code    78  h1_free.o(.text)
    tolower                                  0x0800af11   Thumb Code    26  tolower.o(.text)
    __c89vsprintf                            0x0800af2d   Thumb Code    32  c89vsprintf.o(.text)
    __2printf                                0x0800af51   Thumb Code    20  __2printf.o(.text)
    __2sprintf                               0x0800af69   Thumb Code    38  __2sprintf.o(.text)
    _printf_pre_padding                      0x0800af95   Thumb Code    46  _printf_pad.o(.text)
    _printf_post_padding                     0x0800afc3   Thumb Code    36  _printf_pad.o(.text)
    _printf_str                              0x0800afe7   Thumb Code    82  _printf_str.o(.text)
    _printf_int_dec                          0x0800b039   Thumb Code   102  _printf_dec.o(.text)
    _printf_longlong_hex                     0x0800b0b1   Thumb Code    92  _printf_hex_int_ll_ptr.o(.text)
    _printf_int_hex                          0x0800b10d   Thumb Code    28  _printf_hex_int_ll_ptr.o(.text)
    _printf_ll_hex                           0x0800b129   Thumb Code    12  _printf_hex_int_ll_ptr.o(.text)
    _printf_hex_ptr                          0x0800b135   Thumb Code    18  _printf_hex_int_ll_ptr.o(.text)
    __printf                                 0x0800b14d   Thumb Code   390  __printf_flags_ss_wp.o(.text)
    strchr                                   0x0800b2d9   Thumb Code    20  strchr.o(.text)
    strstr                                   0x0800b2ed   Thumb Code    36  strstr.o(.text)
    strcpy                                   0x0800b311   Thumb Code    72  strcpy.o(.text)
    strlen                                   0x0800b359   Thumb Code    62  strlen.o(.text)
    strncmp                                  0x0800b397   Thumb Code   150  strncmp.o(.text)
    __aeabi_memcpy                           0x0800b42d   Thumb Code     0  rt_memcpy_v6.o(.text)
    __rt_memcpy                              0x0800b42d   Thumb Code   138  rt_memcpy_v6.o(.text)
    _memcpy_lastbytes                        0x0800b493   Thumb Code     0  rt_memcpy_v6.o(.text)
    __aeabi_memmove                          0x0800b4b7   Thumb Code     0  rt_memmove_v6.o(.text)
    __rt_memmove                             0x0800b4b7   Thumb Code   132  rt_memmove_v6.o(.text)
    __memmove_lastfew                        0x0800b517   Thumb Code     0  rt_memmove_v6.o(.text)
    __aeabi_memcpy4                          0x0800b53b   Thumb Code     0  rt_memcpy_w.o(.text)
    __aeabi_memcpy8                          0x0800b53b   Thumb Code     0  rt_memcpy_w.o(.text)
    __rt_memcpy_w                            0x0800b53b   Thumb Code   100  rt_memcpy_w.o(.text)
    _memcpy_lastbytes_aligned                0x0800b583   Thumb Code     0  rt_memcpy_w.o(.text)
    __aeabi_memclr                           0x0800b59f   Thumb Code     0  rt_memclr.o(.text)
    __rt_memclr                              0x0800b59f   Thumb Code    68  rt_memclr.o(.text)
    _memset                                  0x0800b5a3   Thumb Code     0  rt_memclr.o(.text)
    __aeabi_memclr4                          0x0800b5e3   Thumb Code     0  rt_memclr_w.o(.text)
    __aeabi_memclr8                          0x0800b5e3   Thumb Code     0  rt_memclr_w.o(.text)
    __rt_memclr_w                            0x0800b5e3   Thumb Code    78  rt_memclr_w.o(.text)
    _memset_w                                0x0800b5e7   Thumb Code     0  rt_memclr_w.o(.text)
    strncpy                                  0x0800b631   Thumb Code    86  strncpy.o(.text)
    strftime                                 0x0800b6c9   Thumb Code   638  strftime.o(.text)
    _localtime_r                             0x0800b9f1   Thumb Code   158  localtime_internal.o(.text)
    localtime_r                              0x0800b9f1   Thumb Code     0  localtime_internal.o(.text)
    __use_two_region_memory                  0x0800ba95   Thumb Code     2  heapauxi.o(.text)
    __rt_heap_escrow                         0x0800ba97   Thumb Code     2  heapauxi.o(.text)
    __rt_heap_expand                         0x0800ba99   Thumb Code     2  heapauxi.o(.text)
    __rt_ctype_table                         0x0800ba9d   Thumb Code    16  rt_ctype_table.o(.text)
    __rt_heap_descriptor                     0x0800baad   Thumb Code     8  rt_heap_descriptor_intlibspace.o(.text)
    __rt_locale                              0x0800bab5   Thumb Code     8  rt_locale_intlibspace.o(.text)
    __use_no_heap                            0x0800babd   Thumb Code     2  hguard.o(.text)
    __heap$guard                             0x0800babf   Thumb Code     2  hguard.o(.text)
    _terminate_user_alloc                    0x0800bac1   Thumb Code     2  init_alloc.o(.text)
    _init_user_alloc                         0x0800bac3   Thumb Code     2  init_alloc.o(.text)
    __Heap_Full                              0x0800bac5   Thumb Code    34  init_alloc.o(.text)
    __Heap_Broken                            0x0800bae7   Thumb Code     6  init_alloc.o(.text)
    _init_alloc                              0x0800baed   Thumb Code    94  init_alloc.o(.text)
    __Heap_Initialize                        0x0800bb4b   Thumb Code    10  h1_init.o(.text)
    __Heap_DescSize                          0x0800bb55   Thumb Code     4  h1_init.o(.text)
    __read_errno                             0x0800bb59   Thumb Code    10  _rserrno.o(.text)
    __set_errno                              0x0800bb63   Thumb Code    12  _rserrno.o(.text)
    sprintf                                  0x0800bb71   Thumb Code    38  sprintf.o(.text)
    _printf_truncate_signed                  0x0800bb9d   Thumb Code    18  _printf_truncate.o(.text)
    _printf_truncate_unsigned                0x0800bbaf   Thumb Code    18  _printf_truncate.o(.text)
    _printf_int_common                       0x0800bbc1   Thumb Code   184  _printf_intcommon.o(.text)
    _printf_charcount                        0x0800bc79   Thumb Code    42  _printf_charcount.o(.text)
    __lib_sel_fp_printf                      0x0800bca3   Thumb Code     2  _printf_fp_dec.o(.text)
    _printf_fp_dec_real                      0x0800be4f   Thumb Code   628  _printf_fp_dec.o(.text)
    _printf_char_common                      0x0800c0cf   Thumb Code    32  _printf_char_common.o(.text)
    _sputc                                   0x0800c0f5   Thumb Code    10  _sputc.o(.text)
    _printf_cs_common                        0x0800c0ff   Thumb Code    20  _printf_char.o(.text)
    _printf_char                             0x0800c113   Thumb Code    16  _printf_char.o(.text)
    _printf_string                           0x0800c123   Thumb Code     8  _printf_char.o(.text)
    _printf_char_file                        0x0800c12d   Thumb Code    32  _printf_char_file.o(.text)
    _printf_wctomb                           0x0800c151   Thumb Code   182  _printf_wctomb.o(.text)
    _printf_longlong_dec                     0x0800c20d   Thumb Code   104  _printf_longlong_dec.o(.text)
    _printf_longlong_oct                     0x0800c285   Thumb Code    76  _printf_oct_int_ll.o(.text)
    _printf_int_oct                          0x0800c2d1   Thumb Code    24  _printf_oct_int_ll.o(.text)
    _printf_ll_oct                           0x0800c2e9   Thumb Code    12  _printf_oct_int_ll.o(.text)
    __aeabi_memmove4                         0x0800c2fd   Thumb Code     0  rt_memmove_w.o(.text)
    __aeabi_memmove8                         0x0800c2fd   Thumb Code     0  rt_memmove_w.o(.text)
    __rt_memmove_w                           0x0800c2fd   Thumb Code   122  rt_memmove_w.o(.text)
    __memmove_aligned                        0x0800c323   Thumb Code     0  rt_memmove_w.o(.text)
    __memmove_lastfew_aligned                0x0800c35b   Thumb Code     0  rt_memmove_w.o(.text)
    __user_libspace                          0x0800c379   Thumb Code     8  libspace.o(.text)
    __user_perproc_libspace                  0x0800c379   Thumb Code     0  libspace.o(.text)
    __user_perthread_libspace                0x0800c379   Thumb Code     0  libspace.o(.text)
    __aeabi_errno_addr                       0x0800c381   Thumb Code     8  rt_errno_addr_intlibspace.o(.text)
    __errno$intlibspace                      0x0800c381   Thumb Code     0  rt_errno_addr_intlibspace.o(.text)
    __rt_errno_addr$intlibspace              0x0800c381   Thumb Code     0  rt_errno_addr_intlibspace.o(.text)
    __Heap_ProvideMemory                     0x0800c389   Thumb Code    52  h1_extend.o(.text)
    _ll_udiv10                               0x0800c3bd   Thumb Code   138  lludiv10.o(.text)
    _printf_fp_infnan                        0x0800c449   Thumb Code   112  _printf_fp_infnan.o(.text)
    _printf_lcs_common                       0x0800c4c9   Thumb Code    20  _printf_wchar.o(.text)
    _printf_wchar                            0x0800c4dd   Thumb Code    16  _printf_wchar.o(.text)
    _printf_wstring                          0x0800c4ed   Thumb Code     8  _printf_wchar.o(.text)
    _btod_etento                             0x0800c4f5   Thumb Code   222  bigflt0.o(.text)
    ferror                                   0x0800c5d9   Thumb Code     8  ferror.o(.text)
    _wcrtomb                                 0x0800c5e1   Thumb Code    64  _wcrtomb.o(.text)
    __rt_SIGRTMEM                            0x0800c621   Thumb Code    14  defsig_rtmem_outer.o(.text)
    strcmp                                   0x0800c631   Thumb Code   128  strcmpv7m.o(.text)
    __I$use$semihosting                      0x0800c6b1   Thumb Code     0  use_no_semi.o(.text)
    __use_no_semihosting_swi                 0x0800c6b1   Thumb Code     2  use_no_semi.o(.text)
    __semihosting_library_function           0x0800c6b3   Thumb Code     0  indicate_semi.o(.text)
    __user_setup_stackheap                   0x0800c6b3   Thumb Code    74  sys_stackheap_outer.o(.text)
    _printf_fp_hex_real                      0x0800c6fd   Thumb Code   760  _printf_fp_hex.o(.text)
    exit                                     0x0800c9fd   Thumb Code    12  exit.o(.text)
    __sig_exit                               0x0800ca09   Thumb Code    10  defsig_exit.o(.text)
    __rt_SIGRTMEM_inner                      0x0800ca15   Thumb Code    22  defsig_rtmem_inner.o(.text)
    __default_signal_display                 0x0800ca65   Thumb Code    50  defsig_general.o(.text)
    _ttywrch                                 0x0800ca97   Thumb Code    14  sys_wrch.o(.text)
    _btod_d2e                                0x0800caa5   Thumb Code    62  btod.o(CL$$btod_d2e)
    _d2e_denorm_low                          0x0800cae3   Thumb Code    70  btod.o(CL$$btod_d2e_denorm_low)
    _d2e_norm_op1                            0x0800cb29   Thumb Code    96  btod.o(CL$$btod_d2e_norm_op1)
    __btod_div_common                        0x0800cb89   Thumb Code   696  btod.o(CL$$btod_div_common)
    _e2e                                     0x0800cec1   Thumb Code   198  btod.o(CL$$btod_e2e)
    _btod_ediv                               0x0800cf87   Thumb Code    40  btod.o(CL$$btod_ediv)
    _btod_emul                               0x0800cfaf   Thumb Code    40  btod.o(CL$$btod_emul)
    __btod_mult_common                       0x0800cfd7   Thumb Code   580  btod.o(CL$$btod_mult_common)
    __ARM_fpclassify                         0x0800d21b   Thumb Code    40  fpclassify.o(i.__ARM_fpclassify)
    __kernel_poly                            0x0800d243   Thumb Code   170  poly.o(i.__kernel_poly)
    __mathlib_dbl_underflow                  0x0800d2ed   Thumb Code    10  dunder.o(i.__mathlib_dbl_underflow)
    _is_digit                                0x0800d2fd   Thumb Code    14  __printf_wp.o(i._is_digit)
    floor                                    0x0800d30d   Thumb Code   204  floor.o(i.floor)
    pow                                      0x0800d3e9   Thumb Code  2510  pow.o(i.pow)
    sqrt                                     0x0800ddc9   Thumb Code    78  sqrt.o(i.sqrt)
    _get_lc_time                             0x0800de19   Thumb Code    44  lc_time_c.o(locale$$code)
    _get_lc_ctype                            0x0800de45   Thumb Code    44  lc_ctype_c.o(locale$$code)
    _get_lc_numeric                          0x0800de71   Thumb Code    44  lc_numeric_c.o(locale$$code)
    __aeabi_d2f                              0x0800de9d   Thumb Code     0  d2f.o(x$fpl$d2f)
    _d2f                                     0x0800de9d   Thumb Code    98  d2f.o(x$fpl$d2f)
    __aeabi_dadd                             0x0800df01   Thumb Code     0  daddsub_clz.o(x$fpl$dadd)
    _dadd                                    0x0800df01   Thumb Code   332  daddsub_clz.o(x$fpl$dadd)
    __fpl_dcheck_NaN1                        0x0800e051   Thumb Code    10  dcheck1.o(x$fpl$dcheck1)
    __fpl_dcmp_Inf                           0x0800e061   Thumb Code    24  dcmpi.o(x$fpl$dcmpinf)
    __aeabi_ddiv                             0x0800e079   Thumb Code     0  ddiv.o(x$fpl$ddiv)
    _ddiv                                    0x0800e079   Thumb Code   552  ddiv.o(x$fpl$ddiv)
    __aeabi_cdcmpeq                          0x0800e329   Thumb Code     0  deqf.o(x$fpl$deqf)
    _dcmpeq                                  0x0800e329   Thumb Code   120  deqf.o(x$fpl$deqf)
    __aeabi_d2iz                             0x0800e3a1   Thumb Code     0  dfix.o(x$fpl$dfix)
    _dfix                                    0x0800e3a1   Thumb Code    94  dfix.o(x$fpl$dfix)
    __aeabi_i2d                              0x0800e3ff   Thumb Code     0  dflt_clz.o(x$fpl$dflt)
    _dflt                                    0x0800e3ff   Thumb Code    46  dflt_clz.o(x$fpl$dflt)
    __aeabi_cdcmple                          0x0800e42d   Thumb Code     0  dleqf.o(x$fpl$dleqf)
    _dcmple                                  0x0800e42d   Thumb Code   120  dleqf.o(x$fpl$dleqf)
    __fpl_dcmple_InfNaN                      0x0800e48f   Thumb Code     0  dleqf.o(x$fpl$dleqf)
    __aeabi_dmul                             0x0800e4a5   Thumb Code     0  dmul.o(x$fpl$dmul)
    _dmul                                    0x0800e4a5   Thumb Code   332  dmul.o(x$fpl$dmul)
    __fpl_dnaninf                            0x0800e5f9   Thumb Code   156  dnaninf.o(x$fpl$dnaninf)
    __fpl_dretinf                            0x0800e695   Thumb Code    12  dretinf.o(x$fpl$dretinf)
    __aeabi_cdrcmple                         0x0800e6a1   Thumb Code     0  drleqf.o(x$fpl$drleqf)
    _drcmple                                 0x0800e6a1   Thumb Code   108  drleqf.o(x$fpl$drleqf)
    __aeabi_drsub                            0x0800e70d   Thumb Code     0  daddsub_clz.o(x$fpl$drsb)
    _drsb                                    0x0800e70d   Thumb Code    22  daddsub_clz.o(x$fpl$drsb)
    _dsqrt                                   0x0800e725   Thumb Code   456  dsqrt_noumaal.o(x$fpl$dsqrt)
    __aeabi_dsub                             0x0800e8f1   Thumb Code     0  daddsub_clz.o(x$fpl$dsub)
    _dsub                                    0x0800e8f1   Thumb Code   464  daddsub_clz.o(x$fpl$dsub)
    __aeabi_f2d                              0x0800eac5   Thumb Code     0  f2d.o(x$fpl$f2d)
    _f2d                                     0x0800eac5   Thumb Code    86  f2d.o(x$fpl$f2d)
    __aeabi_fadd                             0x0800eb1d   Thumb Code     0  faddsub_clz.o(x$fpl$fadd)
    _fadd                                    0x0800eb1d   Thumb Code   196  faddsub_clz.o(x$fpl$fadd)
    __aeabi_f2iz                             0x0800ebe1   Thumb Code     0  ffix.o(x$fpl$ffix)
    _ffix                                    0x0800ebe1   Thumb Code    54  ffix.o(x$fpl$ffix)
    __aeabi_f2uiz                            0x0800ec19   Thumb Code     0  ffixu.o(x$fpl$ffixu)
    _ffixu                                   0x0800ec19   Thumb Code    62  ffixu.o(x$fpl$ffixu)
    __aeabi_i2f                              0x0800ec59   Thumb Code     0  fflt_clz.o(x$fpl$fflt)
    _fflt                                    0x0800ec59   Thumb Code    48  fflt_clz.o(x$fpl$fflt)
    __aeabi_ui2f                             0x0800ec89   Thumb Code     0  fflt_clz.o(x$fpl$ffltu)
    _ffltu                                   0x0800ec89   Thumb Code    38  fflt_clz.o(x$fpl$ffltu)
    __aeabi_fmul                             0x0800ecb1   Thumb Code     0  fmul.o(x$fpl$fmul)
    _fmul                                    0x0800ecb1   Thumb Code   258  fmul.o(x$fpl$fmul)
    __fpl_fnaninf                            0x0800edb3   Thumb Code   140  fnaninf.o(x$fpl$fnaninf)
    __fpl_fretinf                            0x0800ee3f   Thumb Code    10  fretinf.o(x$fpl$fretinf)
    __aeabi_frsub                            0x0800ee49   Thumb Code     0  faddsub_clz.o(x$fpl$frsb)
    _frsb                                    0x0800ee49   Thumb Code    20  faddsub_clz.o(x$fpl$frsb)
    __aeabi_fsub                             0x0800ee5d   Thumb Code     0  faddsub_clz.o(x$fpl$fsub)
    _fsub                                    0x0800ee5d   Thumb Code   234  faddsub_clz.o(x$fpl$fsub)
    _printf_fp_dec                           0x0800ef47   Thumb Code     4  printf1.o(x$fpl$printf1)
    _printf_fp_hex                           0x0800ef4b   Thumb Code     4  printf2.o(x$fpl$printf2)
    __fpl_return_NaN                         0x0800ef4f   Thumb Code   100  retnan.o(x$fpl$retnan)
    __ARM_scalbn                             0x0800efb3   Thumb Code    92  scalbn.o(x$fpl$scalbn)
    __fpl_cmpreturn                          0x0800f00f   Thumb Code    48  trapv.o(x$fpl$trapveneer)
    __I$use$fp                               0x0800f03e   Number         0  usenofp.o(x$fpl$usenofp)
    asc2_1206                                0x0800f03e   Data        1140  lcd.o(.constdata)
    asc2_1608                                0x0800f4b2   Data        1520  lcd.o(.constdata)
    _monlen                                  0x0800fc28   Data          12  _monlen.o(.constdata)
    __mathlib_zero                           0x0800fc38   Data           8  qnan.o(.constdata)
    Region$$Table$$Base                      0x0800fcfc   Number         0  anon$$obj.o(Region$$Table)
    Region$$Table$$Limit                     0x0800fd1c   Number         0  anon$$obj.o(Region$$Table)
    __ctype                                  0x0800fea1   Data           0  lc_ctype_c.o(locale$$data)
    src_api_key                              0x20000000   Data          29  main.o(.data)
    src_dev                                  0x2000001d   Data           9  main.o(.data)
    adcx                                     0x20000026   Data           2  main.o(.data)
    b_temp                                   0x20000028   Data           2  main.o(.data)
    cpu_temp                                 0x2000002c   Data           4  main.o(.data)
    SystemCoreClock                          0x20000030   Data           4  system_stm32f10x.o(.data)
    AHBPrescTable                            0x20000034   Data          16  system_stm32f10x.o(.data)
    USART2_RX_STA                            0x20000046   Data           2  usart2.o(.data)
    usart3_rcv_len                           0x20000048   Data           4  usart3.o(.data)
    USART3_RX_STA                            0x2000004c   Data           2  usart3.o(.data)
    POINT_COLOR                              0x2000004e   Data           2  lcd.o(.data)
    BACK_COLOR                               0x20000050   Data           2  lcd.o(.data)
    USART_RX_STA                             0x20000058   Data           2  usart.o(.data)
    __stdout                                 0x2000005c   Data           4  usart.o(.data)
    buf                                      0x20000080   Data           3  edpdemo.o(.data)
    Conce_PM2_5                              0x20000084   Data           2  edpdemo.o(.data)
    cntflag                                  0x20000086   Data           1  edpdemo.o(.data)
    sendflag                                 0x20000087   Data           1  edpdemo.o(.data)
    USART2_TX_BUF                            0x20000088   Data        1024  usart2.o(.bss)
    USART2_RX_BUF                            0x20000488   Data        1024  usart2.o(.bss)
    USART3_RX_BUF                            0x20000888   Data         800  usart3.o(.bss)
    USART3_TX_BUF                            0x20000ba8   Data         800  usart3.o(.bss)
    lcddev                                   0x20000ec8   Data          14  lcd.o(.bss)
    USART_RX_BUF                             0x20000ed6   Data         200  usart.o(.bss)
    __libspace_start                         0x20000fa0   Data          96  libspace.o(.bss)
    __temporary_stack_top$libspace           0x20001000   Data           0  libspace.o(.bss)



==============================================================================

Memory Map of the image

  Image Entry point : 0x08000131

  Load Region LR_IROM1 (Base: 0x08000000, Size: 0x00010048, Max: 0x00080000, ABSOLUTE)

    Execution Region ER_IROM1 (Base: 0x08000000, Size: 0x0000ffc0, Max: 0x00080000, ABSOLUTE)

    Base Addr    Size         Type   Attr      Idx    E Section Name        Object

    0x08000000   0x00000130   Data   RO          400    RESET               startup_stm32f10x_hd.o
    0x08000130   0x00000008   Code   RO          781  * !!!main             c_w.l(__main.o)
    0x08000138   0x00000034   Code   RO         1208    !!!scatter          c_w.l(__scatter.o)
    0x0800016c   0x0000001a   Code   RO         1210    !!handler_copy      c_w.l(__scatter_copy.o)
    0x08000186   0x00000002   PAD
    0x08000188   0x0000001c   Code   RO         1212    !!handler_zi        c_w.l(__scatter_zi.o)
    0x080001a4   0x00000000   Code   RO          752    .ARM.Collect$$_printf_percent$$00000000  c_w.l(_printf_percent.o)
    0x080001a4   0x00000006   Code   RO          920    .ARM.Collect$$_printf_percent$$00000001  c_w.l(_printf_n.o)
    0x080001aa   0x00000006   Code   RO          921    .ARM.Collect$$_printf_percent$$00000002  c_w.l(_printf_p.o)
    0x080001b0   0x00000006   Code   RO          750    .ARM.Collect$$_printf_percent$$00000003  c_w.l(_printf_f.o)
    0x080001b6   0x00000006   Code   RO          751    .ARM.Collect$$_printf_percent$$00000004  c_w.l(_printf_e.o)
    0x080001bc   0x00000006   Code   RO          925    .ARM.Collect$$_printf_percent$$00000005  c_w.l(_printf_g.o)
    0x080001c2   0x00000006   Code   RO          926    .ARM.Collect$$_printf_percent$$00000006  c_w.l(_printf_a.o)
    0x080001c8   0x0000000a   Code   RO          931    .ARM.Collect$$_printf_percent$$00000007  c_w.l(_printf_ll.o)
    0x080001d2   0x00000006   Code   RO          923    .ARM.Collect$$_printf_percent$$00000008  c_w.l(_printf_i.o)
    0x080001d8   0x00000006   Code   RO          749    .ARM.Collect$$_printf_percent$$00000009  c_w.l(_printf_d.o)
    0x080001de   0x00000006   Code   RO          924    .ARM.Collect$$_printf_percent$$0000000A  c_w.l(_printf_u.o)
    0x080001e4   0x00000006   Code   RO          922    .ARM.Collect$$_printf_percent$$0000000B  c_w.l(_printf_o.o)
    0x080001ea   0x00000006   Code   RO          748    .ARM.Collect$$_printf_percent$$0000000C  c_w.l(_printf_x.o)
    0x080001f0   0x00000006   Code   RO          928    .ARM.Collect$$_printf_percent$$0000000D  c_w.l(_printf_lli.o)
    0x080001f6   0x00000006   Code   RO          929    .ARM.Collect$$_printf_percent$$0000000E  c_w.l(_printf_lld.o)
    0x080001fc   0x00000006   Code   RO          930    .ARM.Collect$$_printf_percent$$0000000F  c_w.l(_printf_llu.o)
    0x08000202   0x00000006   Code   RO          935    .ARM.Collect$$_printf_percent$$00000010  c_w.l(_printf_llo.o)
    0x08000208   0x00000006   Code   RO          936    .ARM.Collect$$_printf_percent$$00000011  c_w.l(_printf_llx.o)
    0x0800020e   0x0000000a   Code   RO          932    .ARM.Collect$$_printf_percent$$00000012  c_w.l(_printf_l.o)
    0x08000218   0x00000006   Code   RO          919    .ARM.Collect$$_printf_percent$$00000013  c_w.l(_printf_c.o)
    0x0800021e   0x00000006   Code   RO          747    .ARM.Collect$$_printf_percent$$00000014  c_w.l(_printf_s.o)
    0x08000224   0x00000006   Code   RO          933    .ARM.Collect$$_printf_percent$$00000015  c_w.l(_printf_lc.o)
    0x0800022a   0x00000006   Code   RO          934    .ARM.Collect$$_printf_percent$$00000016  c_w.l(_printf_ls.o)
    0x08000230   0x00000004   Code   RO          927    .ARM.Collect$$_printf_percent$$00000017  c_w.l(_printf_percent_end.o)
    0x08000234   0x00000002   Code   RO         1146    .ARM.Collect$$libinit$$00000000  c_w.l(libinit.o)
    0x08000236   0x00000000   Code   RO          946    .ARM.Collect$$libinit$$00000002  c_w.l(libinit2.o)
    0x08000236   0x00000008   Code   RO          947    .ARM.Collect$$libinit$$00000003  c_w.l(libinit2.o)
    0x0800023e   0x00000000   Code   RO          949    .ARM.Collect$$libinit$$00000008  c_w.l(libinit2.o)
    0x0800023e   0x00000000   Code   RO          951    .ARM.Collect$$libinit$$0000000A  c_w.l(libinit2.o)
    0x0800023e   0x00000000   Code   RO          953    .ARM.Collect$$libinit$$0000000C  c_w.l(libinit2.o)
    0x0800023e   0x00000006   Code   RO          954    .ARM.Collect$$libinit$$0000000D  c_w.l(libinit2.o)
    0x08000244   0x00000000   Code   RO          956    .ARM.Collect$$libinit$$0000000F  c_w.l(libinit2.o)
    0x08000244   0x0000000c   Code   RO          957    .ARM.Collect$$libinit$$00000010  c_w.l(libinit2.o)
    0x08000250   0x00000000   Code   RO          958    .ARM.Collect$$libinit$$00000011  c_w.l(libinit2.o)
    0x08000250   0x00000000   Code   RO          960    .ARM.Collect$$libinit$$00000013  c_w.l(libinit2.o)
    0x08000250   0x0000000a   Code   RO          961    .ARM.Collect$$libinit$$00000014  c_w.l(libinit2.o)
    0x0800025a   0x00000000   Code   RO          962    .ARM.Collect$$libinit$$00000015  c_w.l(libinit2.o)
    0x0800025a   0x0000000a   Code   RO          963    .ARM.Collect$$libinit$$00000016  c_w.l(libinit2.o)
    0x08000264   0x00000000   Code   RO          964    .ARM.Collect$$libinit$$00000017  c_w.l(libinit2.o)
    0x08000264   0x00000000   Code   RO          966    .ARM.Collect$$libinit$$00000019  c_w.l(libinit2.o)
    0x08000264   0x00000000   Code   RO          968    .ARM.Collect$$libinit$$0000001B  c_w.l(libinit2.o)
    0x08000264   0x00000000   Code   RO          970    .ARM.Collect$$libinit$$0000001D  c_w.l(libinit2.o)
    0x08000264   0x00000000   Code   RO          972    .ARM.Collect$$libinit$$0000001F  c_w.l(libinit2.o)
    0x08000264   0x00000000   Code   RO          974    .ARM.Collect$$libinit$$00000021  c_w.l(libinit2.o)
    0x08000264   0x00000000   Code   RO          976    .ARM.Collect$$libinit$$00000023  c_w.l(libinit2.o)
    0x08000264   0x00000000   Code   RO          980    .ARM.Collect$$libinit$$0000002A  c_w.l(libinit2.o)
    0x08000264   0x00000000   Code   RO          982    .ARM.Collect$$libinit$$0000002C  c_w.l(libinit2.o)
    0x08000264   0x00000000   Code   RO          984    .ARM.Collect$$libinit$$0000002E  c_w.l(libinit2.o)
    0x08000264   0x00000000   Code   RO          986    .ARM.Collect$$libinit$$00000030  c_w.l(libinit2.o)
    0x08000264   0x00000002   Code   RO          987    .ARM.Collect$$libinit$$00000031  c_w.l(libinit2.o)
    0x08000266   0x00000002   Code   RO         1205    .ARM.Collect$$libshutdown$$00000000  c_w.l(libshutdown.o)
    0x08000268   0x00000000   Code   RO         1161    .ARM.Collect$$libshutdown$$00000003  c_w.l(libshutdown2.o)
    0x08000268   0x00000000   Code   RO         1164    .ARM.Collect$$libshutdown$$00000006  c_w.l(libshutdown2.o)
    0x08000268   0x00000000   Code   RO         1167    .ARM.Collect$$libshutdown$$00000009  c_w.l(libshutdown2.o)
    0x08000268   0x00000000   Code   RO         1169    .ARM.Collect$$libshutdown$$0000000B  c_w.l(libshutdown2.o)
    0x08000268   0x00000000   Code   RO         1172    .ARM.Collect$$libshutdown$$0000000E  c_w.l(libshutdown2.o)
    0x08000268   0x00000002   Code   RO         1173    .ARM.Collect$$libshutdown$$0000000F  c_w.l(libshutdown2.o)
    0x0800026a   0x00000000   Code   RO          855    .ARM.Collect$$rtentry$$00000000  c_w.l(rtentry.o)
    0x0800026a   0x00000000   Code   RO         1022    .ARM.Collect$$rtentry$$00000002  c_w.l(rtentry2.o)
    0x0800026a   0x00000006   Code   RO         1034    .ARM.Collect$$rtentry$$00000004  c_w.l(rtentry4.o)
    0x08000270   0x00000000   Code   RO         1024    .ARM.Collect$$rtentry$$00000009  c_w.l(rtentry2.o)
    0x08000270   0x00000004   Code   RO         1025    .ARM.Collect$$rtentry$$0000000A  c_w.l(rtentry2.o)
    0x08000274   0x00000000   Code   RO         1027    .ARM.Collect$$rtentry$$0000000C  c_w.l(rtentry2.o)
    0x08000274   0x00000008   Code   RO         1028    .ARM.Collect$$rtentry$$0000000D  c_w.l(rtentry2.o)
    0x0800027c   0x00000002   Code   RO         1149    .ARM.Collect$$rtexit$$00000000  c_w.l(rtexit.o)
    0x0800027e   0x00000000   Code   RO         1179    .ARM.Collect$$rtexit$$00000002  c_w.l(rtexit2.o)
    0x0800027e   0x00000004   Code   RO         1180    .ARM.Collect$$rtexit$$00000003  c_w.l(rtexit2.o)
    0x08000282   0x00000006   Code   RO         1181    .ARM.Collect$$rtexit$$00000004  c_w.l(rtexit2.o)
    0x08000288   0x0000000c   Code   RO          348    .emb_text           sys.o
    0x08000294   0x00000000   Code   RO         1043    .emb_text           c_w.l(maybetermalloc1.o)
    0x08000294   0x000002e8   Code   RO            1    .text               main.o
    0x0800057c   0x0000001a   Code   RO          126    .text               stm32f10x_it.o
    0x08000596   0x00000002   PAD
    0x08000598   0x000001dc   Code   RO          161    .text               system_stm32f10x.o
    0x08000774   0x0000004c   Code   RO          179    .text               led.o
    0x080007c0   0x000000fc   Code   RO          191    .text               key.o
    0x080008bc   0x000002a4   Code   RO          204    .text               usart2.o
    0x08000b60   0x0000019c   Code   RO          230    .text               usart3.o
    0x08000cfc   0x0000008c   Code   RO          252    .text               timer.o
    0x08000d88   0x00000100   Code   RO          280    .text               tsensor.o
    0x08000e88   0x0000481a   Code   RO          292    .text               lcd.o
    0x080056a2   0x00000002   PAD
    0x080056a4   0x0000026c   Code   RO          322    .text               ds18b20.o
    0x08005910   0x000000d0   Code   RO          334    .text               delay.o
    0x080059e0   0x000002c8   Code   RO          349    .text               sys.o
    0x08005ca8   0x00000150   Code   RO          365    .text               usart.o
    0x08005df8   0x00000040   Code   RO          401    .text               startup_stm32f10x_hd.o
    0x08005e38   0x000000dc   Code   RO          405    .text               misc.o
    0x08005f14   0x00000358   Code   RO          417    .text               stm32f10x_gpio.o
    0x0800626c   0x000003a4   Code   RO          429    .text               stm32f10x_rcc.o
    0x08006610   0x00000408   Code   RO          443    .text               stm32f10x_usart.o
    0x08006a18   0x0000044e   Code   RO          455    .text               stm32f10x_adc.o
    0x08006e66   0x00000002   PAD
    0x08006e68   0x00000618   Code   RO          467    .text               stm32f10x_fsmc.o
    0x08007480   0x00001a8c   Code   RO          479    .text               cjson.o
    0x08008f0c   0x00001870   Code   RO          521    .text               edpkit.o
    0x0800a77c   0x00000558   Code   RO          548    .text               edpdemo.o
    0x0800acd4   0x00000190   Code   RO          602    .text               a6.o
    0x0800ae64   0x0000005e   Code   RO          628    .text               c_w.l(h1_alloc.o)
    0x0800aec2   0x0000004e   Code   RO          630    .text               c_w.l(h1_free.o)
    0x0800af10   0x0000001a   Code   RO          686    .text               c_w.l(tolower.o)
    0x0800af2a   0x00000002   PAD
    0x0800af2c   0x00000024   Code   RO          688    .text               c_w.l(c89vsprintf.o)
    0x0800af50   0x00000018   Code   RO          690    .text               c_w.l(__2printf.o)
    0x0800af68   0x0000002c   Code   RO          692    .text               c_w.l(__2sprintf.o)
    0x0800af94   0x00000052   Code   RO          700    .text               c_w.l(_printf_pad.o)
    0x0800afe6   0x00000052   Code   RO          702    .text               c_w.l(_printf_str.o)
    0x0800b038   0x00000078   Code   RO          704    .text               c_w.l(_printf_dec.o)
    0x0800b0b0   0x0000009c   Code   RO          724    .text               c_w.l(_printf_hex_int_ll_ptr.o)
    0x0800b14c   0x0000018c   Code   RO          744    .text               c_w.l(__printf_flags_ss_wp.o)
    0x0800b2d8   0x00000014   Code   RO          753    .text               c_w.l(strchr.o)
    0x0800b2ec   0x00000024   Code   RO          755    .text               c_w.l(strstr.o)
    0x0800b310   0x00000048   Code   RO          757    .text               c_w.l(strcpy.o)
    0x0800b358   0x0000003e   Code   RO          759    .text               c_w.l(strlen.o)
    0x0800b396   0x00000096   Code   RO          761    .text               c_w.l(strncmp.o)
    0x0800b42c   0x0000008a   Code   RO          763    .text               c_w.l(rt_memcpy_v6.o)
    0x0800b4b6   0x00000084   Code   RO          765    .text               c_w.l(rt_memmove_v6.o)
    0x0800b53a   0x00000064   Code   RO          767    .text               c_w.l(rt_memcpy_w.o)
    0x0800b59e   0x00000044   Code   RO          769    .text               c_w.l(rt_memclr.o)
    0x0800b5e2   0x0000004e   Code   RO          771    .text               c_w.l(rt_memclr_w.o)
    0x0800b630   0x00000056   Code   RO          773    .text               c_w.l(strncpy.o)
    0x0800b686   0x00000002   PAD
    0x0800b688   0x00000368   Code   RO          775    .text               c_w.l(strftime.o)
    0x0800b9f0   0x000000a4   Code   RO          777    .text               c_w.l(localtime_internal.o)
    0x0800ba94   0x00000006   Code   RO          779    .text               c_w.l(heapauxi.o)
    0x0800ba9a   0x00000002   PAD
    0x0800ba9c   0x00000010   Code   RO          856    .text               c_w.l(rt_ctype_table.o)
    0x0800baac   0x00000008   Code   RO          861    .text               c_w.l(rt_heap_descriptor_intlibspace.o)
    0x0800bab4   0x00000008   Code   RO          866    .text               c_w.l(rt_locale_intlibspace.o)
    0x0800babc   0x00000004   Code   RO          868    .text               c_w.l(hguard.o)
    0x0800bac0   0x0000008a   Code   RO          870    .text               c_w.l(init_alloc.o)
    0x0800bb4a   0x0000000e   Code   RO          874    .text               c_w.l(h1_init.o)
    0x0800bb58   0x00000016   Code   RO          888    .text               c_w.l(_rserrno.o)
    0x0800bb6e   0x00000002   PAD
    0x0800bb70   0x0000002c   Code   RO          890    .text               c_w.l(sprintf.o)
    0x0800bb9c   0x00000024   Code   RO          892    .text               c_w.l(_printf_truncate.o)
    0x0800bbc0   0x000000b8   Code   RO          894    .text               c_w.l(_printf_intcommon.o)
    0x0800bc78   0x0000002a   Code   RO          896    .text               c_w.l(_printf_charcount.o)
    0x0800bca2   0x00000420   Code   RO          898    .text               c_w.l(_printf_fp_dec.o)
    0x0800c0c2   0x00000002   PAD
    0x0800c0c4   0x00000030   Code   RO          900    .text               c_w.l(_printf_char_common.o)
    0x0800c0f4   0x0000000a   Code   RO          902    .text               c_w.l(_sputc.o)
    0x0800c0fe   0x0000002c   Code   RO          904    .text               c_w.l(_printf_char.o)
    0x0800c12a   0x00000002   PAD
    0x0800c12c   0x00000024   Code   RO          906    .text               c_w.l(_printf_char_file.o)
    0x0800c150   0x000000bc   Code   RO          908    .text               c_w.l(_printf_wctomb.o)
    0x0800c20c   0x00000078   Code   RO          911    .text               c_w.l(_printf_longlong_dec.o)
    0x0800c284   0x00000078   Code   RO          917    .text               c_w.l(_printf_oct_int_ll.o)
    0x0800c2fc   0x0000007a   Code   RO          940    .text               c_w.l(rt_memmove_w.o)
    0x0800c376   0x00000002   PAD
    0x0800c378   0x00000008   Code   RO         1018    .text               c_w.l(libspace.o)
    0x0800c380   0x00000008   Code   RO         1039    .text               c_w.l(rt_errno_addr_intlibspace.o)
    0x0800c388   0x00000034   Code   RO         1045    .text               c_w.l(h1_extend.o)
    0x0800c3bc   0x0000008a   Code   RO         1049    .text               c_w.l(lludiv10.o)
    0x0800c446   0x00000002   PAD
    0x0800c448   0x00000080   Code   RO         1051    .text               c_w.l(_printf_fp_infnan.o)
    0x0800c4c8   0x0000002c   Code   RO         1055    .text               c_w.l(_printf_wchar.o)
    0x0800c4f4   0x000000e4   Code   RO         1057    .text               c_w.l(bigflt0.o)
    0x0800c5d8   0x00000008   Code   RO         1082    .text               c_w.l(ferror.o)
    0x0800c5e0   0x00000040   Code   RO         1086    .text               c_w.l(_wcrtomb.o)
    0x0800c620   0x0000000e   Code   RO         1094    .text               c_w.l(defsig_rtmem_outer.o)
    0x0800c62e   0x00000002   PAD
    0x0800c630   0x00000080   Code   RO         1098    .text               c_w.l(strcmpv7m.o)
    0x0800c6b0   0x00000002   Code   RO         1119    .text               c_w.l(use_no_semi.o)
    0x0800c6b2   0x00000000   Code   RO         1121    .text               c_w.l(indicate_semi.o)
    0x0800c6b2   0x0000004a   Code   RO         1122    .text               c_w.l(sys_stackheap_outer.o)
    0x0800c6fc   0x00000300   Code   RO         1128    .text               c_w.l(_printf_fp_hex.o)
    0x0800c9fc   0x0000000c   Code   RO         1131    .text               c_w.l(exit.o)
    0x0800ca08   0x0000000a   Code   RO         1133    .text               c_w.l(defsig_exit.o)
    0x0800ca12   0x00000002   PAD
    0x0800ca14   0x00000050   Code   RO         1135    .text               c_w.l(defsig_rtmem_inner.o)
    0x0800ca64   0x00000032   Code   RO         1157    .text               c_w.l(defsig_general.o)
    0x0800ca96   0x0000000e   Code   RO         1176    .text               c_w.l(sys_wrch.o)
    0x0800caa4   0x0000003e   Code   RO         1060    CL$$btod_d2e        c_w.l(btod.o)
    0x0800cae2   0x00000046   Code   RO         1062    CL$$btod_d2e_denorm_low  c_w.l(btod.o)
    0x0800cb28   0x00000060   Code   RO         1061    CL$$btod_d2e_norm_op1  c_w.l(btod.o)
    0x0800cb88   0x00000338   Code   RO         1070    CL$$btod_div_common  c_w.l(btod.o)
    0x0800cec0   0x000000c6   Code   RO         1067    CL$$btod_e2e        c_w.l(btod.o)
    0x0800cf86   0x00000028   Code   RO         1064    CL$$btod_ediv       c_w.l(btod.o)
    0x0800cfae   0x00000028   Code   RO         1063    CL$$btod_emul       c_w.l(btod.o)
    0x0800cfd6   0x00000244   Code   RO         1069    CL$$btod_mult_common  c_w.l(btod.o)
    0x0800d21a   0x00000028   Code   RO         1003    i.__ARM_fpclassify  m_ws.l(fpclassify.o)
    0x0800d242   0x000000aa   Code   RO         1005    i.__kernel_poly     m_ws.l(poly.o)
    0x0800d2ec   0x00000010   Code   RO         1001    i.__mathlib_dbl_underflow  m_ws.l(dunder.o)
    0x0800d2fc   0x0000000e   Code   RO          737    i._is_digit         c_w.l(__printf_wp.o)
    0x0800d30a   0x00000002   PAD
    0x0800d30c   0x000000dc   Code   RO          840    i.floor             m_ws.l(floor.o)
    0x0800d3e8   0x000009e0   Code   RO          844    i.pow               m_ws.l(pow.o)
    0x0800ddc8   0x0000004e   Code   RO         1009    i.sqrt              m_ws.l(sqrt.o)
    0x0800de16   0x00000002   PAD
    0x0800de18   0x0000002c   Code   RO          938    locale$$code        c_w.l(lc_time_c.o)
    0x0800de44   0x0000002c   Code   RO         1089    locale$$code        c_w.l(lc_ctype_c.o)
    0x0800de70   0x0000002c   Code   RO         1092    locale$$code        c_w.l(lc_numeric_c.o)
    0x0800de9c   0x00000062   Code   RO          783    x$fpl$d2f           fz_ws.l(d2f.o)
    0x0800defe   0x00000002   PAD
    0x0800df00   0x00000150   Code   RO          785    x$fpl$dadd          fz_ws.l(daddsub_clz.o)
    0x0800e050   0x00000010   Code   RO         1105    x$fpl$dcheck1       fz_ws.l(dcheck1.o)
    0x0800e060   0x00000018   Code   RO          988    x$fpl$dcmpinf       fz_ws.l(dcmpi.o)
    0x0800e078   0x000002b0   Code   RO          792    x$fpl$ddiv          fz_ws.l(ddiv.o)
    0x0800e328   0x00000078   Code   RO          795    x$fpl$deqf          fz_ws.l(deqf.o)
    0x0800e3a0   0x0000005e   Code   RO          797    x$fpl$dfix          fz_ws.l(dfix.o)
    0x0800e3fe   0x0000002e   Code   RO          802    x$fpl$dflt          fz_ws.l(dflt_clz.o)
    0x0800e42c   0x00000078   Code   RO          807    x$fpl$dleqf         fz_ws.l(dleqf.o)
    0x0800e4a4   0x00000154   Code   RO          809    x$fpl$dmul          fz_ws.l(dmul.o)
    0x0800e5f8   0x0000009c   Code   RO          990    x$fpl$dnaninf       fz_ws.l(dnaninf.o)
    0x0800e694   0x0000000c   Code   RO          992    x$fpl$dretinf       fz_ws.l(dretinf.o)
    0x0800e6a0   0x0000006c   Code   RO          811    x$fpl$drleqf        fz_ws.l(drleqf.o)
    0x0800e70c   0x00000016   Code   RO          786    x$fpl$drsb          fz_ws.l(daddsub_clz.o)
    0x0800e722   0x00000002   PAD
    0x0800e724   0x000001cc   Code   RO         1107    x$fpl$dsqrt         fz_ws.l(dsqrt_noumaal.o)
    0x0800e8f0   0x000001d4   Code   RO          787    x$fpl$dsub          fz_ws.l(daddsub_clz.o)
    0x0800eac4   0x00000056   Code   RO          813    x$fpl$f2d           fz_ws.l(f2d.o)
    0x0800eb1a   0x00000002   PAD
    0x0800eb1c   0x000000c4   Code   RO          815    x$fpl$fadd          fz_ws.l(faddsub_clz.o)
    0x0800ebe0   0x00000036   Code   RO          821    x$fpl$ffix          fz_ws.l(ffix.o)
    0x0800ec16   0x00000002   PAD
    0x0800ec18   0x0000003e   Code   RO          825    x$fpl$ffixu         fz_ws.l(ffixu.o)
    0x0800ec56   0x00000002   PAD
    0x0800ec58   0x00000030   Code   RO          830    x$fpl$fflt          fz_ws.l(fflt_clz.o)
    0x0800ec88   0x00000026   Code   RO          829    x$fpl$ffltu         fz_ws.l(fflt_clz.o)
    0x0800ecae   0x00000002   PAD
    0x0800ecb0   0x00000102   Code   RO          835    x$fpl$fmul          fz_ws.l(fmul.o)
    0x0800edb2   0x0000008c   Code   RO          994    x$fpl$fnaninf       fz_ws.l(fnaninf.o)
    0x0800ee3e   0x0000000a   Code   RO          996    x$fpl$fretinf       fz_ws.l(fretinf.o)
    0x0800ee48   0x00000014   Code   RO          816    x$fpl$frsb          fz_ws.l(faddsub_clz.o)
    0x0800ee5c   0x000000ea   Code   RO          817    x$fpl$fsub          fz_ws.l(faddsub_clz.o)
    0x0800ef46   0x00000004   Code   RO          837    x$fpl$printf1       fz_ws.l(printf1.o)
    0x0800ef4a   0x00000004   Code   RO         1113    x$fpl$printf2       fz_ws.l(printf2.o)
    0x0800ef4e   0x00000064   Code   RO         1147    x$fpl$retnan        fz_ws.l(retnan.o)
    0x0800efb2   0x0000005c   Code   RO          998    x$fpl$scalbn        fz_ws.l(scalbn.o)
    0x0800f00e   0x00000030   Code   RO         1174    x$fpl$trapveneer    fz_ws.l(trapv.o)
    0x0800f03e   0x00000000   Code   RO         1000    x$fpl$usenofp       fz_ws.l(usenofp.o)
    0x0800f03e   0x00000a64   Data   RO          294    .constdata          lcd.o
    0x0800faa2   0x00000007   Data   RO          480    .constdata          cjson.o
    0x0800faa9   0x00000003   PAD
    0x0800faac   0x000000a5   Data   RO          549    .constdata          edpdemo.o
    0x0800fb51   0x00000008   Data   RO          603    .constdata          a6.o
    0x0800fb59   0x00000028   Data   RO          725    .constdata          c_w.l(_printf_hex_int_ll_ptr.o)
    0x0800fb81   0x00000011   Data   RO          745    .constdata          c_w.l(__printf_flags_ss_wp.o)
    0x0800fb92   0x00000006   PAD
    0x0800fb98   0x00000088   Data   RO          845    .constdata          m_ws.l(pow.o)
    0x0800fc20   0x00000008   Data   RO          909    .constdata          c_w.l(_printf_wctomb.o)
    0x0800fc28   0x0000000c   Data   RO          942    .constdata          c_w.l(_monlen.o)
    0x0800fc34   0x00000004   PAD
    0x0800fc38   0x00000008   Data   RO         1007    .constdata          m_ws.l(qnan.o)
    0x0800fc40   0x00000094   Data   RO         1058    .constdata          c_w.l(bigflt0.o)
    0x0800fcd4   0x00000026   Data   RO         1129    .constdata          c_w.l(_printf_fp_hex.o)
    0x0800fcfa   0x00000002   PAD
    0x0800fcfc   0x00000020   Data   RO         1206    Region$$Table       anon$$obj.o
    0x0800fd1c   0x00000178   Data   RO          937    locale$$data        c_w.l(lc_time_c.o)
    0x0800fe94   0x00000110   Data   RO         1088    locale$$data        c_w.l(lc_ctype_c.o)
    0x0800ffa4   0x0000001c   Data   RO         1091    locale$$data        c_w.l(lc_numeric_c.o)


    Execution Region RW_IRAM1 (Base: 0x20000000, Size: 0x00001600, Max: 0x00010000, ABSOLUTE)

    Base Addr    Size         Type   Attr      Idx    E Section Name        Object

    0x20000000   0x00000030   Data   RW            2    .data               main.o
    0x20000030   0x00000014   Data   RW          162    .data               system_stm32f10x.o
    0x20000044   0x00000001   Data   RW          192    .data               key.o
    0x20000045   0x00000001   PAD
    0x20000046   0x00000002   Data   RW          206    .data               usart2.o
    0x20000048   0x00000006   Data   RW          232    .data               usart3.o
    0x2000004e   0x00000004   Data   RW          295    .data               lcd.o
    0x20000052   0x00000004   Data   RW          335    .data               delay.o
    0x20000056   0x00000002   PAD
    0x20000058   0x00000008   Data   RW          367    .data               usart.o
    0x20000060   0x00000014   Data   RW          430    .data               stm32f10x_rcc.o
    0x20000074   0x0000000c   Data   RW          481    .data               cjson.o
    0x20000080   0x00000008   Data   RW          550    .data               edpdemo.o
    0x20000088   0x00000800   Zero   RW          205    .bss                usart2.o
    0x20000888   0x00000640   Zero   RW          231    .bss                usart3.o
    0x20000ec8   0x0000000e   Zero   RW          293    .bss                lcd.o
    0x20000ed6   0x000000c8   Zero   RW          366    .bss                usart.o
    0x20000f9e   0x00000002   PAD
    0x20000fa0   0x00000060   Zero   RW         1019    .bss                c_w.l(libspace.o)
    0x20001000   0x00000200   Zero   RW          399    HEAP                startup_stm32f10x_hd.o
    0x20001200   0x00000400   Zero   RW          398    STACK               startup_stm32f10x_hd.o


==============================================================================

Image component sizes


      Code (inc. data)   RO Data    RW Data    ZI Data      Debug   Object Name

       400         92          8          0          0       1951   a6.o
      6796        210          7         12          0      22744   cjson.o
       208         18          0          4          0        911   delay.o
       620         20          0          0          0       2158   ds18b20.o
      1368        356        165          8          0       3975   edpdemo.o
      6256         86          0          0          0      34401   edpkit.o
       252         12          0          1          0        780   key.o
     18458        144       2660          4         14      22935   lcd.o
        76          8          0          0          0        447   led.o
       744        154          0         48          0     255144   main.o
       220         20          0          0          0       1697   misc.o
        64         26        304          0       1536        744   startup_stm32f10x_hd.o
      1102         26          0          0          0      10729   stm32f10x_adc.o
      1560         54          0          0          0       5239   stm32f10x_fsmc.o
       856         40          0          0          0       5541   stm32f10x_gpio.o
        26          0          0          0          0       1130   stm32f10x_it.o
       932         44          0         20          0       8660   stm32f10x_rcc.o
      1032         22          0          0          0       8268   stm32f10x_usart.o
       724         52          0          0          0       2826   sys.o
       476         36          0         20          0       1587   system_stm32f10x.o
       140         14          0          0          0        668   timer.o
       256          4          0          0          0       1212   tsensor.o
       336         18          0          8        200       2990   usart.o
       676         40          0          2       2048       3434   usart2.o
       412         36          0          6       1600       2168   usart3.o

    ----------------------------------------------------------------------
     43996       1532       3179        136       5400     402339   Object Totals
         0          0         32          0          0          0   (incl. Generated)
         6          0          3          3          2          0   (incl. Padding)

    ----------------------------------------------------------------------

      Code (inc. data)   RO Data    RW Data    ZI Data      Debug   Library Member Name

        24          4          0          0          0         84   __2printf.o
        44          6          0          0          0         84   __2sprintf.o
         8          0          0          0          0         68   __main.o
       396          6         17          0          0         92   __printf_flags_ss_wp.o
        14          0          0          0          0         68   __printf_wp.o
        52          8          0          0          0          0   __scatter.o
        26          0          0          0          0          0   __scatter_copy.o
        28          0          0          0          0          0   __scatter_zi.o
         0          0         12          0          0          0   _monlen.o
         6          0          0          0          0          0   _printf_a.o
         6          0          0          0          0          0   _printf_c.o
        44          0          0          0          0        108   _printf_char.o
        48          6          0          0          0         96   _printf_char_common.o
        36          4          0          0          0         80   _printf_char_file.o
        42          0          0          0          0         68   _printf_charcount.o
         6          0          0          0          0          0   _printf_d.o
       120         18          0          0          0         92   _printf_dec.o
         6          0          0          0          0          0   _printf_e.o
         6          0          0          0          0          0   _printf_f.o
      1056          0          0          0          0        212   _printf_fp_dec.o
       768          8         38          0          0        100   _printf_fp_hex.o
       128         16          0          0          0         84   _printf_fp_infnan.o
         6          0          0          0          0          0   _printf_g.o
       156          6         40          0          0        160   _printf_hex_int_ll_ptr.o
         6          0          0          0          0          0   _printf_i.o
       184          0          0          0          0         88   _printf_intcommon.o
        10          0          0          0          0          0   _printf_l.o
         6          0          0          0          0          0   _printf_lc.o
        10          0          0          0          0          0   _printf_ll.o
         6          0          0          0          0          0   _printf_lld.o
         6          0          0          0          0          0   _printf_lli.o
         6          0          0          0          0          0   _printf_llo.o
         6          0          0          0          0          0   _printf_llu.o
         6          0          0          0          0          0   _printf_llx.o
       120         16          0          0          0         92   _printf_longlong_dec.o
         6          0          0          0          0          0   _printf_ls.o
         6          0          0          0          0          0   _printf_n.o
         6          0          0          0          0          0   _printf_o.o
       120          8          0          0          0        124   _printf_oct_int_ll.o
         6          0          0          0          0          0   _printf_p.o
        82          0          0          0          0        108   _printf_pad.o
         0          0          0          0          0          0   _printf_percent.o
         4          0          0          0          0          0   _printf_percent_end.o
         6          0          0          0          0          0   _printf_s.o
        82          0          0          0          0         80   _printf_str.o
        36          0          0          0          0         84   _printf_truncate.o
         6          0          0          0          0          0   _printf_u.o
        44          0          0          0          0        108   _printf_wchar.o
       188          6          8          0          0         92   _printf_wctomb.o
         6          0          0          0          0          0   _printf_x.o
        22          0          0          0          0        100   _rserrno.o
        10          0          0          0          0         68   _sputc.o
        64          0          0          0          0         92   _wcrtomb.o
       228          6        148          0          0         96   bigflt0.o
      1910        128          0          0          0        672   btod.o
        36          4          0          0          0         76   c89vsprintf.o
        10          0          0          0          0         68   defsig_exit.o
        50          0          0          0          0         88   defsig_general.o
        80         58          0          0          0         76   defsig_rtmem_inner.o
        14          0          0          0          0         80   defsig_rtmem_outer.o
        12          0          0          0          0         72   exit.o
         8          0          0          0          0         68   ferror.o
        94          0          0          0          0         80   h1_alloc.o
        52          0          0          0          0         68   h1_extend.o
        78          0          0          0          0         80   h1_free.o
        14          0          0          0          0         84   h1_init.o
         6          0          0          0          0        152   heapauxi.o
         4          0          0          0          0        136   hguard.o
         0          0          0          0          0          0   indicate_semi.o
       138          0          0          0          0        168   init_alloc.o
        44         10        272          0          0         76   lc_ctype_c.o
        44         10         28          0          0         76   lc_numeric_c.o
        44         10        376          0          0         76   lc_time_c.o
         2          0          0          0          0          0   libinit.o
        48          0          0          0          0          0   libinit2.o
         2          0          0          0          0          0   libshutdown.o
         2          0          0          0          0          0   libshutdown2.o
         8          4          0          0         96         68   libspace.o
       138          0          0          0          0         80   lludiv10.o
       164          6          0          0          0         80   localtime_internal.o
         0          0          0          0          0          0   maybetermalloc1.o
        16          4          0          0          0         76   rt_ctype_table.o
         8          4          0          0          0         68   rt_errno_addr_intlibspace.o
         8          4          0          0          0         68   rt_heap_descriptor_intlibspace.o
         8          4          0          0          0         68   rt_locale_intlibspace.o
        68          0          0          0          0         68   rt_memclr.o
        78          0          0          0          0         80   rt_memclr_w.o
       138          0          0          0          0         68   rt_memcpy_v6.o
       100          0          0          0          0         80   rt_memcpy_w.o
       132          0          0          0          0         68   rt_memmove_v6.o
       122          0          0          0          0         80   rt_memmove_w.o
         0          0          0          0          0          0   rtentry.o
        12          0          0          0          0          0   rtentry2.o
         6          0          0          0          0          0   rtentry4.o
         2          0          0          0          0          0   rtexit.o
        10          0          0          0          0          0   rtexit2.o
        44          6          0          0          0         84   sprintf.o
        20          0          0          0          0         68   strchr.o
       128          0          0          0          0         68   strcmpv7m.o
        72          0          0          0          0         80   strcpy.o
       872        124          0          0          0        180   strftime.o
        62          0          0          0          0         76   strlen.o
       150          0          0          0          0         80   strncmp.o
        86          0          0          0          0         76   strncpy.o
        36          0          0          0          0         80   strstr.o
        74          0          0          0          0         80   sys_stackheap_outer.o
        14          0          0          0          0         76   sys_wrch.o
        26          0          0          0          0         76   tolower.o
         2          0          0          0          0         68   use_no_semi.o
        98          4          0          0          0         92   d2f.o
       826         16          0          0          0        356   daddsub_clz.o
        16          4          0          0          0         68   dcheck1.o
        24          0          0          0          0         68   dcmpi.o
       688        140          0          0          0        212   ddiv.o
       120          4          0          0          0         92   deqf.o
        94          4          0          0          0         92   dfix.o
        46          0          0          0          0         68   dflt_clz.o
       120          4          0          0          0         92   dleqf.o
       340         12          0          0          0        104   dmul.o
       156          4          0          0          0         92   dnaninf.o
        12          0          0          0          0         68   dretinf.o
       108          0          0          0          0         80   drleqf.o
       460         56          0          0          0        120   dsqrt_noumaal.o
        86          4          0          0          0         84   f2d.o
       450          8          0          0          0        236   faddsub_clz.o
        54          4          0          0          0         84   ffix.o
        62          4          0          0          0         84   ffixu.o
        86          0          0          0          0        136   fflt_clz.o
       258          4          0          0          0         84   fmul.o
       140          4          0          0          0         84   fnaninf.o
        10          0          0          0          0         68   fretinf.o
         4          0          0          0          0         68   printf1.o
         4          0          0          0          0         68   printf2.o
       100          0          0          0          0         68   retnan.o
        92          0          0          0          0         68   scalbn.o
        48          0          0          0          0         68   trapv.o
         0          0          0          0          0          0   usenofp.o
        16          6          0          0          0         68   dunder.o
       220         16          0          0          0         84   floor.o
        40          0          0          0          0         68   fpclassify.o
       170          0          0          0          0         96   poly.o
      2528        190        136          0          0        316   pow.o
         0          0          8          0          0          0   qnan.o
        78          0          0          0          0         84   sqrt.o

    ----------------------------------------------------------------------
     17202        982       1095          0         96      10288   Library Totals
        38          0         12          0          0          0   (incl. Padding)

    ----------------------------------------------------------------------

      Code (inc. data)   RO Data    RW Data    ZI Data      Debug   Library Name

      9610        494        939          0         96       6768   c_w.l
      4502        276          0          0          0       2804   fz_ws.l
      3052        212        144          0          0        716   m_ws.l

    ----------------------------------------------------------------------
     17202        982       1095          0         96      10288   Library Totals

    ----------------------------------------------------------------------

==============================================================================


      Code (inc. data)   RO Data    RW Data    ZI Data      Debug   

     61198       2514       4274        136       5496     404203   Grand Totals
     61198       2514       4274        136       5496     404203   ELF Image Totals
     61198       2514       4274        136          0          0   ROM Totals

==============================================================================

    Total RO  Size (Code + RO Data)                65472 (  63.94kB)
    Total RW  Size (RW Data + ZI Data)              5632 (   5.50kB)
    Total ROM Size (Code + RO Data + RW Data)      65608 (  64.07kB)

==============================================================================

