ARM Linker, 5.03 [Build 24] [MDK-ARM Standard]

==============================================================================

Section Cross References

    main.o(.text) refers to delay.o(.text) for delay_init
    main.o(.text) refers to usart2.o(.text) for USART2_Init
    main.o(.text) refers to usart.o(.text) for uart_init
    main.o(.text) refers to led.o(.text) for LED_Init
    main.o(.text) refers to key.o(.text) for KEY_Init
    system_stm32f10x.o(.text) refers to system_stm32f10x.o(.data) for SystemCoreClock
    led.o(.text) refers to stm32f10x_rcc.o(.text) for RCC_APB2PeriphClockCmd
    led.o(.text) refers to stm32f10x_gpio.o(.text) for GPIO_Init
    key.o(.text) refers to stm32f10x_rcc.o(.text) for RCC_APB2PeriphClockCmd
    key.o(.text) refers to stm32f10x_gpio.o(.text) for GPIO_Init
    key.o(.text) refers to delay.o(.text) for delay_ms
    key.o(.text) refers to key.o(.data) for key_up
    usart2.o(.text) refers to sys.o(.text) for MY_NVIC_Init
    usart2.o(.text) refers to delay.o(.text) for delay_us
    usart2.o(.text) refers to c89vsprintf.o(.text) for __c89vsprintf
    usart2.o(.text) refers to strlen.o(.text) for strlen
    usart2.o(.text) refers to usart2.o(.data) for USART2_RX_STA
    usart2.o(.text) refers to usart2.o(.bss) for USART2_RX_BUF
    delay.o(.text) refers to misc.o(.text) for SysTick_CLKSourceConfig
    delay.o(.text) refers to system_stm32f10x.o(.data) for SystemCoreClock
    delay.o(.text) refers to delay.o(.data) for fac_us
    sys.o(.text) refers to sys.o(.emb_text) for WFI_SET
    usart.o(.text) refers (Special) to use_no_semi_2.o(.text) for __use_no_semihosting
    usart.o(.text) refers to stm32f10x_usart.o(.text) for USART_GetFlagStatus
    usart.o(.text) refers to stm32f10x_rcc.o(.text) for RCC_APB2PeriphClockCmd
    usart.o(.text) refers to stm32f10x_gpio.o(.text) for GPIO_Init
    usart.o(.text) refers to misc.o(.text) for NVIC_Init
    usart.o(.text) refers to usart.o(.data) for USART_RX_STA
    usart.o(.text) refers to usart.o(.bss) for USART_RX_BUF
    usart.o(.bss) refers (Special) to use_no_semi_2.o(.text) for __use_no_semihosting
    usart.o(.data) refers (Special) to use_no_semi_2.o(.text) for __use_no_semihosting
    startup_stm32f10x_hd.o(STACK) refers (Special) to heapauxi.o(.text) for __use_two_region_memory
    startup_stm32f10x_hd.o(HEAP) refers (Special) to heapauxi.o(.text) for __use_two_region_memory
    startup_stm32f10x_hd.o(RESET) refers (Special) to heapauxi.o(.text) for __use_two_region_memory
    startup_stm32f10x_hd.o(RESET) refers to startup_stm32f10x_hd.o(STACK) for __initial_sp
    startup_stm32f10x_hd.o(RESET) refers to startup_stm32f10x_hd.o(.text) for Reset_Handler
    startup_stm32f10x_hd.o(RESET) refers to stm32f10x_it.o(.text) for NMI_Handler
    startup_stm32f10x_hd.o(RESET) refers to usart2.o(.text) for TIM4_IRQHandler
    startup_stm32f10x_hd.o(RESET) refers to usart.o(.text) for USART1_IRQHandler
    startup_stm32f10x_hd.o(.text) refers (Special) to heapauxi.o(.text) for __use_two_region_memory
    startup_stm32f10x_hd.o(.text) refers to system_stm32f10x.o(.text) for SystemInit
    startup_stm32f10x_hd.o(.text) refers to __main.o(!!!main) for __main
    startup_stm32f10x_hd.o(.text) refers to startup_stm32f10x_hd.o(HEAP) for Heap_Mem
    startup_stm32f10x_hd.o(.text) refers to startup_stm32f10x_hd.o(STACK) for Stack_Mem
    stm32f10x_gpio.o(.text) refers to stm32f10x_rcc.o(.text) for RCC_APB2PeriphResetCmd
    stm32f10x_rcc.o(.text) refers to stm32f10x_rcc.o(.data) for APBAHBPrescTable
    stm32f10x_usart.o(.text) refers to stm32f10x_rcc.o(.text) for RCC_APB2PeriphResetCmd
    cjson.o(.text) refers to _printf_percent.o(.ARM.Collect$$_printf_percent$$00000000) for _printf_percent
    cjson.o(.text) refers to _printf_d.o(.ARM.Collect$$_printf_percent$$00000009) for _printf_d
    cjson.o(.text) refers to _printf_dec.o(.text) for _printf_int_dec
    cjson.o(.text) refers to _printf_f.o(.ARM.Collect$$_printf_percent$$00000003) for _printf_f
    cjson.o(.text) refers to printf1.o(x$fpl$printf1) for _printf_fp_dec
    cjson.o(.text) refers to _printf_e.o(.ARM.Collect$$_printf_percent$$00000004) for _printf_e
    cjson.o(.text) refers to _printf_pad.o(.text) for _printf_pre_padding
    cjson.o(.text) refers to _printf_x.o(.ARM.Collect$$_printf_percent$$0000000C) for _printf_x
    cjson.o(.text) refers to _printf_hex_int_ll_ptr.o(.text) for _printf_longlong_hex
    cjson.o(.text) refers to tolower.o(.text) for tolower
    cjson.o(.text) refers to strlen.o(.text) for strlen
    cjson.o(.text) refers to rt_memcpy_v6.o(.text) for __aeabi_memcpy
    cjson.o(.text) refers to rt_memclr_w.o(.text) for __aeabi_memclr4
    cjson.o(.text) refers to dflt_clz.o(x$fpl$dflt) for __aeabi_i2d
    cjson.o(.text) refers to dmul.o(x$fpl$dmul) for __aeabi_dmul
    cjson.o(.text) refers to daddsub_clz.o(x$fpl$dadd) for __aeabi_dadd
    cjson.o(.text) refers to daddsub_clz.o(x$fpl$dsub) for __aeabi_dsub
    cjson.o(.text) refers to pow.o(i.pow) for pow
[...]
    ../clib/printf.c                         0x00000000   Number         0  _printf_hex_int.o ABSOLUTE
    ../clib/printf.c                         0x00000000   Number         0  _printf_hex_int_ll.o ABSOLUTE
    ../clib/printf.c                         0x00000000   Number         0  _printf_hex_ptr.o ABSOLUTE
    ../clib/printf.c                         0x00000000   Number         0  _printf_hex_int_ptr.o ABSOLUTE
    ../clib/printf.c                         0x00000000   Number         0  _printf_hex_ll_ptr.o ABSOLUTE
    ../clib/printf.c                         0x00000000   Number         0  _printf_hex_int_ll_ptr.o ABSOLUTE
    ../clib/printf.c                         0x00000000   Number         0  __printf_flags.o ABSOLUTE
    ../clib/printf.c                         0x00000000   Number         0  __printf_ss.o ABSOLUTE
    ../clib/printf.c                         0x00000000   Number         0  __printf_flags_ss.o ABSOLUTE
    ../clib/printf.c                         0x00000000   Number         0  __printf_wp.o ABSOLUTE
    ../clib/printf.c                         0x00000000   Number         0  __printf_flags_wp.o ABSOLUTE
    ../clib/printf.c                         0x00000000   Number         0  __printf_ss_wp.o ABSOLUTE
    ../clib/printf.c                         0x00000000   Number         0  __printf_flags_ss_wp.o ABSOLUTE
    ../clib/printf.c                         0x00000000   Number         0  _printf_fp_dec.o ABSOLUTE
    ../clib/printf.c                         0x00000000   Number         0  sprintf.o ABSOLUTE
    ../clib/printf.c                         0x00000000   Number         0  _printf_truncate.o ABSOLUTE
    ../clib/printf.c                         0x00000000   Number         0  _printf_str.o ABSOLUTE
    ../clib/printf.c                         0x00000000   Number         0  _printf_intcommon.o ABSOLUTE
    ../clib/printf.c                         0x00000000   Number         0  _printf_charcount.o ABSOLUTE
    ../clib/printf.c                         0x00000000   Number         0  _printf_char_common.o ABSOLUTE
    ../clib/printf.c                         0x00000000   Number         0  _sputc.o ABSOLUTE
    ../clib/printf_percent.s                 0x00000000   Number         0  _printf_llo.o ABSOLUTE
    ../clib/printf_percent.s                 0x00000000   Number         0  _printf_c.o ABSOLUTE
    ../clib/printf_percent.s                 0x00000000   Number         0  _printf_llx.o ABSOLUTE
    ../clib/printf_percent.s                 0x00000000   Number         0  _printf_o.o ABSOLUTE
    ../clib/printf_percent.s                 0x00000000   Number         0  _printf_ll.o ABSOLUTE
    ../clib/printf_percent.s                 0x00000000   Number         0  _printf_percent.o ABSOLUTE
    ../clib/printf_percent.s                 0x00000000   Number         0  _printf_d.o ABSOLUTE
    ../clib/printf_percent.s                 0x00000000   Number         0  _printf_f.o ABSOLUTE
    ../clib/printf_percent.s                 0x00000000   Number         0  _printf_e.o ABSOLUTE
    ../clib/printf_percent.s                 0x00000000   Number         0  _printf_lc.o ABSOLUTE
    ../clib/printf_percent.s                 0x00000000   Number         0  _printf_ls.o ABSOLUTE
    ../clib/printf_percent.s                 0x00000000   Number         0  _printf_percent_end.o ABSOLUTE
    ../clib/printf_percent.s                 0x00000000   Number         0  _printf_u.o ABSOLUTE
    ../clib/printf_percent.s                 0x00000000   Number         0  _printf_a.o ABSOLUTE
    ../clib/printf_percent.s                 0x00000000   Number         0  _printf_p.o ABSOLUTE
    ../clib/printf_percent.s                 0x00000000   Number         0  _printf_lli.o ABSOLUTE
    ../clib/printf_percent.s                 0x00000000   Number         0  _printf_n.o ABSOLUTE
    ../clib/printf_percent.s                 0x00000000   Number         0  _printf_lld.o ABSOLUTE
    ../clib/printf_percent.s                 0x00000000   Number         0  _printf_s.o ABSOLUTE
    ../clib/printf_percent.s                 0x00000000   Number         0  _printf_llu.o ABSOLUTE
    ../clib/printf_percent.s                 0x00000000   Number         0  _printf_l.o ABSOLUTE
    ../clib/printf_percent.s                 0x00000000   Number         0  _printf_x.o ABSOLUTE
    ../clib/printf_percent.s                 0x00000000   Number         0  _printf_g.o ABSOLUTE
    ../clib/printf_percent.s                 0x00000000   Number         0  _printf_i.o ABSOLUTE
    ../clib/signal.c                         0x00000000   Number         0  defsig_rtmem_inner.o ABSOLUTE
    ../clib/signal.c                         0x00000000   Number         0  defsig_fpe_inner.o ABSOLUTE
    ../clib/signal.c                         0x00000000   Number         0  defsig_exit.o ABSOLUTE
    ../clib/signal.c                         0x00000000   Number         0  defsig_other.o ABSOLUTE
    ../clib/signal.c                         0x00000000   Number         0  defsig_segv_inner.o ABSOLUTE
    ../clib/signal.c                         0x00000000   Number         0  defsig_cppl_inner.o ABSOLUTE
    ../clib/signal.c                         0x00000000   Number         0  defsig_pvfn_inner.o ABSOLUTE
    ../clib/signal.c                         0x00000000   Number         0  defsig_stak_inner.o ABSOLUTE
    ../clib/signal.c                         0x00000000   Number         0  __raise.o ABSOLUTE
    ../clib/signal.c                         0x00000000   Number         0  defsig_abrt_inner.o ABSOLUTE
    ../clib/signal.c                         0x00000000   Number         0  defsig_rtmem_outer.o ABSOLUTE
    ../clib/signal.c                         0x00000000   Number         0  defsig_rtmem_formal.o ABSOLUTE
    ../clib/signal.c                         0x00000000   Number         0  defsig_general.o ABSOLUTE
    ../clib/signal.c                         0x00000000   Number         0  defsig_rtred_inner.o ABSOLUTE
    ../clib/signal.s                         0x00000000   Number         0  defsig.o ABSOLUTE
    ../clib/stdlib.c                         0x00000000   Number         0  exit.o ABSOLUTE
    ../clib/string.c                         0x00000000   Number         0  strncmp.o ABSOLUTE
    ../clib/string.c                         0x00000000   Number         0  strlen.o ABSOLUTE
    ../clib/string.c                         0x00000000   Number         0  strcpy.o ABSOLUTE
    ../clib/string.c                         0x00000000   Number         0  strchr.o ABSOLUTE
    ../clib/time.c                           0x00000000   Number         0  _monlen.o ABSOLUTE
    ../clib/time.c                           0x00000000   Number         0  strftime.o ABSOLUTE
    ../clib/time.c                           0x00000000   Number         0  localtime_internal.o ABSOLUTE
    ../fplib/daddsub.s                       0x00000000   Number         0  daddsub_clz.o ABSOLUTE
    ../fplib/dcheck1.s                       0x00000000   Number         0  dcheck1.o ABSOLUTE
    ../fplib/dcmpi.s                         0x00000000   Number         0  dcmpi.o ABSOLUTE
    ../fplib/ddiv.s                          0x00000000   Number         0  ddiv.o ABSOLUTE
    ../fplib/deqf.s                          0x00000000   Number         0  deqf.o ABSOLUTE
    ../fplib/dfix.s                          0x00000000   Number         0  dfix.o ABSOLUTE
    ../fplib/dflt.s                          0x00000000   Number         0  dflt_clz.o ABSOLUTE
    ../fplib/dleqf.s                         0x00000000   Number         0  dleqf.o ABSOLUTE
    ../fplib/dmul.s                          0x00000000   Number         0  dmul.o ABSOLUTE
    ../fplib/dnaninf.s                       0x00000000   Number         0  dnaninf.o ABSOLUTE
    ../fplib/dretinf.s                       0x00000000   Number         0  dretinf.o ABSOLUTE
    ../fplib/drleqf.s                        0x00000000   Number         0  drleqf.o ABSOLUTE
    ../fplib/dsqrt.s                         0x00000000   Number         0  dsqrt_noumaal.o ABSOLUTE
    ../fplib/f2d.s                           0x00000000   Number         0  f2d.o ABSOLUTE
    ../fplib/fnaninf.s                       0x00000000   Number         0  fnaninf.o ABSOLUTE
    ../fplib/fpinit.s                        0x00000000   Number         0  fpinit.o ABSOLUTE
    ../fplib/istatus.s                       0x00000000   Number         0  istatus.o ABSOLUTE
    ../fplib/printf1.s                       0x00000000   Number         0  printf1.o ABSOLUTE
    ../fplib/printf2.s                       0x00000000   Number         0  printf2.o ABSOLUTE
    ../fplib/printf2a.s                      0x00000000   Number         0  printf2a.o ABSOLUTE
    ../fplib/printf2b.s                      0x00000000   Number         0  printf2b.o ABSOLUTE
    ../fplib/retnan.s                        0x00000000   Number         0  retnan.o ABSOLUTE
    ../fplib/scalbn.s                        0x00000000   Number         0  scalbn.o ABSOLUTE
    ../fplib/trapv.s                         0x00000000   Number         0  trapv.o ABSOLUTE
    ../fplib/usenofp.s                       0x00000000   Number         0  usenofp.o ABSOLUTE
    ../mathlib/dunder.c                      0x00000000   Number         0  dunder.o ABSOLUTE
    ../mathlib/floor.c                       0x00000000   Number         0  floor.o ABSOLUTE
    ../mathlib/fpclassify.c                  0x00000000   Number         0  fpclassify.o ABSOLUTE
    ../mathlib/poly.c                        0x00000000   Number         0  poly.o ABSOLUTE
    ../mathlib/pow.c                         0x00000000   Number         0  pow_x.o ABSOLUTE
    ../mathlib/pow.c                         0x00000000   Number         0  pow.o ABSOLUTE
    ../mathlib/qnan.c                        0x00000000   Number         0  qnan.o ABSOLUTE
    ../mathlib/sqrt.c                        0x00000000   Number         0  sqrt_x.o ABSOLUTE
    ../mathlib/sqrt.c                        0x00000000   Number         0  sqrt.o ABSOLUTE
    ..\CORE\core_cm3.c                       0x00000000   Number         0  core_cm3.o ABSOLUTE
    ..\CORE\startup_stm32f10x_hd.s           0x00000000   Number         0  startup_stm32f10x_hd.o ABSOLUTE
    ..\EDP\EdpKit.c                          0x00000000   Number         0  edpkit.o ABSOLUTE
    ..\EDP\cJSON.c                           0x00000000   Number         0  cjson.o ABSOLUTE
    ..\HARDWARE\KEY\key.c                    0x00000000   Number         0  key.o ABSOLUTE
    ..\HARDWARE\LED\led.c                    0x00000000   Number         0  led.o ABSOLUTE
    ..\HARDWARE\USART2\usart2.c              0x00000000   Number         0  usart2.o ABSOLUTE
    ..\STM32F10x_FWLib\src\misc.c            0x00000000   Number         0  misc.o ABSOLUTE
    ..\STM32F10x_FWLib\src\stm32f10x_gpio.c  0x00000000   Number         0  stm32f10x_gpio.o ABSOLUTE
    ..\STM32F10x_FWLib\src\stm32f10x_rcc.c   0x00000000   Number         0  stm32f10x_rcc.o ABSOLUTE
    ..\STM32F10x_FWLib\src\stm32f10x_usart.c 0x00000000   Number         0  stm32f10x_usart.o ABSOLUTE
    ..\SYSTEM\delay\delay.c                  0x00000000   Number         0  delay.o ABSOLUTE
    ..\SYSTEM\sys\sys.c                      0x00000000   Number         0  sys.o ABSOLUTE
    ..\SYSTEM\usart\usart.c                  0x00000000   Number         0  usart.o ABSOLUTE
    ..\\CORE\\core_cm3.c                     0x00000000   Number         0  core_cm3.o ABSOLUTE
    ..\\SYSTEM\\sys\\sys.c                   0x00000000   Number         0  sys.o ABSOLUTE
    dc.s                                     0x00000000   Number         0  dc.o ABSOLUTE
    main.c                                   0x00000000   Number         0  main.o ABSOLUTE
    stm32f10x_it.c                           0x00000000   Number         0  stm32f10x_it.o ABSOLUTE
    system_stm32f10x.c                       0x00000000   Number         0  system_stm32f10x.o ABSOLUTE
    RESET                                    0x08000000   Section      304  startup_stm32f10x_hd.o(RESET)
    !!!main                                  0x08000130   Section        8  __main.o(!!!main)
    !!!scatter                               0x08000138   Section       52  __scatter.o(!!!scatter)
    !!handler_copy                           0x0800016c   Section       26  __scatter_copy.o(!!handler_copy)
    !!handler_zi                             0x08000188   Section       28  __scatter_zi.o(!!handler_zi)
    .ARM.Collect$$_printf_percent$$00000000  0x080001a4   Section        0  _printf_percent.o(.ARM.Collect$$_printf_percent$$00000000)
    .ARM.Collect$$_printf_percent$$00000001  0x080001a4   Section        6  _printf_n.o(.ARM.Collect$$_printf_percent$$00000001)
    .ARM.Collect$$_printf_percent$$00000002  0x080001aa   Section        6  _printf_p.o(.ARM.Collect$$_printf_percent$$00000002)
    .ARM.Collect$$_printf_percent$$00000003  0x080001b0   Section        6  _printf_f.o(.ARM.Collect$$_printf_percent$$00000003)
    .ARM.Collect$$_printf_percent$$00000004  0x080001b6   Section        6  _printf_e.o(.ARM.Collect$$_printf_percent$$00000004)
    .ARM.Collect$$_printf_percent$$00000005  0x080001bc   Section        6  _printf_g.o(.ARM.Collect$$_printf_percent$$00000005)
    .ARM.Collect$$_printf_percent$$00000006  0x080001c2   Section        6  _printf_a.o(.ARM.Collect$$_printf_percent$$00000006)
    .ARM.Collect$$_printf_percent$$00000007  0x080001c8   Section       10  _printf_ll.o(.ARM.Collect$$_printf_percent$$00000007)
    .ARM.Collect$$_printf_percent$$00000008  0x080001d2   Section        6  _printf_i.o(.ARM.Collect$$_printf_percent$$00000008)
    .ARM.Collect$$_printf_percent$$00000009  0x080001d8   Section        6  _printf_d.o(.ARM.Collect$$_printf_percent$$00000009)
    .ARM.Collect$$_printf_percent$$0000000A  0x080001de   Section        6  _printf_u.o(.ARM.Collect$$_printf_percent$$0000000A)
    .ARM.Collect$$_printf_percent$$0000000B  0x080001e4   Section        6  _printf_o.o(.ARM.Collect$$_printf_percent$$0000000B)
    .ARM.Collect$$_printf_percent$$0000000C  0x080001ea   Section        6  _printf_x.o(.ARM.Collect$$_printf_percent$$0000000C)
    .ARM.Collect$$_printf_percent$$0000000D  0x080001f0   Section        6  _printf_lli.o(.ARM.Collect$$_printf_percent$$0000000D)
    .ARM.Collect$$_printf_percent$$0000000E  0x080001f6   Section        6  _printf_lld.o(.ARM.Collect$$_printf_percent$$0000000E)
    .ARM.Collect$$_printf_percent$$0000000F  0x080001fc   Section        6  _printf_llu.o(.ARM.Collect$$_printf_percent$$0000000F)
    .ARM.Collect$$_printf_percent$$00000010  0x08000202   Section        6  _printf_llo.o(.ARM.Collect$$_printf_percent$$00000010)
    .ARM.Collect$$_printf_percent$$00000011  0x08000208   Section        6  _printf_llx.o(.ARM.Collect$$_printf_percent$$00000011)
    .ARM.Collect$$_printf_percent$$00000012  0x0800020e   Section       10  _printf_l.o(.ARM.Collect$$_printf_percent$$00000012)
    .ARM.Collect$$_printf_percent$$00000013  0x08000218   Section        6  _printf_c.o(.ARM.Collect$$_printf_percent$$00000013)
    .ARM.Collect$$_printf_percent$$00000014  0x0800021e   Section        6  _printf_s.o(.ARM.Collect$$_printf_percent$$00000014)
    .ARM.Collect$$_printf_percent$$00000015  0x08000224   Section        6  _printf_lc.o(.ARM.Collect$$_printf_percent$$00000015)
    .ARM.Collect$$_printf_percent$$00000016  0x0800022a   Section        6  _printf_ls.o(.ARM.Collect$$_printf_percent$$00000016)
    .ARM.Collect$$_printf_percent$$00000017  0x08000230   Section        4  _printf_percent_end.o(.ARM.Collect$$_printf_percent$$00000017)
    .ARM.Collect$$libinit$$00000000          0x08000234   Section        2  libinit.o(.ARM.Collect$$libinit$$00000000)
    .ARM.Collect$$libinit$$00000002          0x08000236   Section        0  libinit2.o(.ARM.Collect$$libinit$$00000002)
    .ARM.Collect$$libinit$$00000008          0x08000236   Section        0  libinit2.o(.ARM.Collect$$libinit$$00000008)
    .ARM.Collect$$libinit$$0000000A          0x08000236   Section        0  libinit2.o(.ARM.Collect$$libinit$$0000000A)
    .ARM.Collect$$libinit$$0000000C          0x08000236   Section        0  libinit2.o(.ARM.Collect$$libinit$$0000000C)
    .ARM.Collect$$libinit$$0000000D          0x08000236   Section        6  libinit2.o(.ARM.Collect$$libinit$$0000000D)
    .ARM.Collect$$libinit$$0000000F          0x0800023c   Section        0  libinit2.o(.ARM.Collect$$libinit$$0000000F)
    .ARM.Collect$$libinit$$00000010          0x0800023c   Section       12  libinit2.o(.ARM.Collect$$libinit$$00000010)
    .ARM.Collect$$libinit$$00000011          0x08000248   Section        0  libinit2.o(.ARM.Collect$$libinit$$00000011)
    .ARM.Collect$$libinit$$00000013          0x08000248   Section        0  libinit2.o(.ARM.Collect$$libinit$$00000013)
    .ARM.Collect$$libinit$$00000014          0x08000248   Section       10  libinit2.o(.ARM.Collect$$libinit$$00000014)
    .ARM.Collect$$libinit$$00000015          0x08000252   Section        0  libinit2.o(.ARM.Collect$$libinit$$00000015)
    .ARM.Collect$$libinit$$00000017          0x08000252   Section        0  libinit2.o(.ARM.Collect$$libinit$$00000017)
    .ARM.Collect$$libinit$$00000019          0x08000252   Section        0  libinit2.o(.ARM.Collect$$libinit$$00000019)
    .ARM.Collect$$libinit$$0000001B          0x08000252   Section        0  libinit2.o(.ARM.Collect$$libinit$$0000001B)
    .ARM.Collect$$libinit$$0000001D          0x08000252   Section        0  libinit2.o(.ARM.Collect$$libinit$$0000001D)
    .ARM.Collect$$libinit$$0000001F          0x08000252   Section        0  libinit2.o(.ARM.Collect$$libinit$$0000001F)
    .ARM.Collect$$libinit$$00000021          0x08000252   Section        0  libinit2.o(.ARM.Collect$$libinit$$00000021)
    .ARM.Collect$$libinit$$00000023          0x08000252   Section        0  libinit2.o(.ARM.Collect$$libinit$$00000023)
    .ARM.Collect$$libinit$$0000002A          0x08000252   Section        0  libinit2.o(.ARM.Collect$$libinit$$0000002A)
    .ARM.Collect$$libinit$$0000002C          0x08000252   Section        0  libinit2.o(.ARM.Collect$$libinit$$0000002C)
    .ARM.Collect$$libinit$$0000002E          0x08000252   Section        0  libinit2.o(.ARM.Collect$$libinit$$0000002E)
    .ARM.Collect$$libinit$$00000030          0x08000252   Section        0  libinit2.o(.ARM.Collect$$libinit$$00000030)
    .ARM.Collect$$libinit$$00000031          0x08000252   Section        2  libinit2.o(.ARM.Collect$$libinit$$00000031)
    .ARM.Collect$$libshutdown$$00000000      0x08000254   Section        2  libshutdown.o(.ARM.Collect$$libshutdown$$00000000)
    .ARM.Collect$$libshutdown$$00000003      0x08000256   Section        0  libshutdown2.o(.ARM.Collect$$libshutdown$$00000003)
    .ARM.Collect$$libshutdown$$00000006      0x08000256   Section        0  libshutdown2.o(.ARM.Collect$$libshutdown$$00000006)
    .ARM.Collect$$libshutdown$$00000009      0x08000256   Section        0  libshutdown2.o(.ARM.Collect$$libshutdown$$00000009)
    .ARM.Collect$$libshutdown$$0000000B      0x08000256   Section        0  libshutdown2.o(.ARM.Collect$$libshutdown$$0000000B)
    .ARM.Collect$$libshutdown$$0000000E      0x08000256   Section        0  libshutdown2.o(.ARM.Collect$$libshutdown$$0000000E)
    .ARM.Collect$$libshutdown$$0000000F      0x08000256   Section        2  libshutdown2.o(.ARM.Collect$$libshutdown$$0000000F)
    .ARM.Collect$$rtentry$$00000000          0x08000258   Section        0  rtentry.o(.ARM.Collect$$rtentry$$00000000)
    .ARM.Collect$$rtentry$$00000002          0x08000258   Section        0  rtentry2.o(.ARM.Collect$$rtentry$$00000002)
    .ARM.Collect$$rtentry$$00000004          0x08000258   Section        6  rtentry4.o(.ARM.Collect$$rtentry$$00000004)
    .ARM.Collect$$rtentry$$00000009          0x0800025e   Section        0  rtentry2.o(.ARM.Collect$$rtentry$$00000009)
    .ARM.Collect$$rtentry$$0000000A          0x0800025e   Section        4  rtentry2.o(.ARM.Collect$$rtentry$$0000000A)
    .ARM.Collect$$rtentry$$0000000C          0x08000262   Section        0  rtentry2.o(.ARM.Collect$$rtentry$$0000000C)
    .ARM.Collect$$rtentry$$0000000D          0x08000262   Section        8  rtentry2.o(.ARM.Collect$$rtentry$$0000000D)
    .ARM.Collect$$rtexit$$00000000           0x0800026a   Section        2  rtexit.o(.ARM.Collect$$rtexit$$00000000)
    .ARM.Collect$$rtexit$$00000002           0x0800026c   Section        0  rtexit2.o(.ARM.Collect$$rtexit$$00000002)
    .ARM.Collect$$rtexit$$00000003           0x0800026c   Section        4  rtexit2.o(.ARM.Collect$$rtexit$$00000003)
    .ARM.Collect$$rtexit$$00000004           0x08000270   Section        6  rtexit2.o(.ARM.Collect$$rtexit$$00000004)
    .emb_text                                0x08000278   Section       12  sys.o(.emb_text)
    .text                                    0x08000284   Section        0  main.o(.text)
    .text                                    0x080002a8   Section        0  stm32f10x_it.o(.text)
    .text                                    0x080002c4   Section        0  system_stm32f10x.o(.text)
    SetSysClockTo72                          0x080002c5   Thumb Code   212  system_stm32f10x.o(.text)
    SetSysClock                              0x08000399   Thumb Code     8  system_stm32f10x.o(.text)
    .text                                    0x080004a0   Section        0  led.o(.text)
    .text                                    0x080004ec   Section        0  key.o(.text)
    .text                                    0x080005e8   Section        0  usart2.o(.text)
    .text                                    0x08000854   Section        0  delay.o(.text)
    .text                                    0x08000924   Section        0  sys.o(.text)
    .text                                    0x08000be0   Section        0  usart.o(.text)
    .text                                    0x08000d30   Section       64  startup_stm32f10x_hd.o(.text)
    .text                                    0x08000d70   Section        0  misc.o(.text)
    .text                                    0x08000e4c   Section        0  stm32f10x_gpio.o(.text)
    .text                                    0x080011a4   Section        0  stm32f10x_rcc.o(.text)
    .text                                    0x08001548   Section        0  stm32f10x_usart.o(.text)
    .text                                    0x08001950   Section        2  use_no_semi_2.o(.text)
    .text                                    0x08001954   Section        0  c89vsprintf.o(.text)
    .text                                    0x08001978   Section        0  _printf_pad.o(.text)
    .text                                    0x080019cc   Section        0  _printf_dec.o(.text)
    .text                                    0x08001a44   Section        0  _printf_hex_int_ll_ptr.o(.text)
    _printf_hex_common                       0x08001a45   Thumb Code     0  _printf_hex_int_ll_ptr.o(.text)
    .text                                    0x08001ae0   Section        0  __printf_flags_ss_wp.o(.text)
    .text                                    0x08001c6c   Section        0  strlen.o(.text)
    .text                                    0x08001caa   Section        0  heapauxi.o(.text)
    .text                                    0x08001cb0   Section        2  use_no_semi.o(.text)
    .text                                    0x08001cb4   Section       16  rt_ctype_table.o(.text)
    .text                                    0x08001cc4   Section        8  rt_locale_intlibspace.o(.text)
    .text                                    0x08001ccc   Section        0  _printf_truncate.o(.text)
    .text                                    0x08001cf0   Section        0  _printf_str.o(.text)
    .text                                    0x08001d42   Section        0  _printf_intcommon.o(.text)
    .text                                    0x08001dfa   Section        0  _printf_charcount.o(.text)
    .text                                    0x08001e24   Section        0  _printf_fp_dec.o(.text)
    _fp_digits                               0x08001e27   Thumb Code   426  _printf_fp_dec.o(.text)
    .text                                    0x08002244   Section        0  _printf_char_common.o(.text)
    _printf_input_char                       0x08002245   Thumb Code    10  _printf_char_common.o(.text)
    .text                                    0x08002274   Section        0  _sputc.o(.text)
    .text                                    0x08002280   Section        0  _printf_wctomb.o(.text)
    .text                                    0x0800233c   Section        0  _printf_longlong_dec.o(.text)
    .text                                    0x080023b4   Section        0  _printf_oct_int_ll.o(.text)
    _printf_longlong_oct_internal            0x080023b5   Thumb Code     0  _printf_oct_int_ll.o(.text)
    .text                                    0x0800242c   Section        8  libspace.o(.text)
    .text                                    0x08002434   Section      138  lludiv10.o(.text)
    .text                                    0x080024c0   Section        0  _printf_fp_infnan.o(.text)
    .text                                    0x08002540   Section        0  _printf_char.o(.text)
    .text                                    0x0800256c   Section        0  _printf_wchar.o(.text)
    .text                                    0x08002598   Section        0  bigflt0.o(.text)
    .text                                    0x0800267c   Section        0  _wcrtomb.o(.text)
    .text                                    0x080026bc   Section      128  strcmpv7m.o(.text)
    .text                                    0x0800273c   Section       74  sys_stackheap_outer.o(.text)
    .text                                    0x08002786   Section        0  exit.o(.text)
    CL$$btod_d2e                             0x08002792   Section       62  btod.o(CL$$btod_d2e)
    CL$$btod_d2e_denorm_low                  0x080027d0   Section       70  btod.o(CL$$btod_d2e_denorm_low)
    CL$$btod_d2e_norm_op1                    0x08002816   Section       96  btod.o(CL$$btod_d2e_norm_op1)
    CL$$btod_div_common                      0x08002876   Section      824  btod.o(CL$$btod_div_common)
    CL$$btod_e2e                             0x08002bae   Section      198  btod.o(CL$$btod_e2e)
    CL$$btod_ediv                            0x08002c74   Section       40  btod.o(CL$$btod_ediv)
    CL$$btod_emul                            0x08002c9c   Section       40  btod.o(CL$$btod_emul)
    CL$$btod_mult_common                     0x08002cc4   Section      580  btod.o(CL$$btod_mult_common)
    i.__ARM_fpclassify                       0x08002f08   Section        0  fpclassify.o(i.__ARM_fpclassify)
    i._is_digit                              0x08002f30   Section        0  __printf_wp.o(i._is_digit)
    locale$$code                             0x08002f40   Section       44  lc_ctype_c.o(locale$$code)
    locale$$code                             0x08002f6c   Section       44  lc_numeric_c.o(locale$$code)
    x$fpl$printf1                            0x08002f98   Section        4  printf1.o(x$fpl$printf1)
    .constdata                               0x08002f9c   Section       40  _printf_hex_int_ll_ptr.o(.constdata)
    x$fpl$usenofp                            0x08002f9c   Section        0  usenofp.o(x$fpl$usenofp)
    uc_hextab                                0x08002f9c   Data          20  _printf_hex_int_ll_ptr.o(.constdata)
    lc_hextab                                0x08002fb0   Data          20  _printf_hex_int_ll_ptr.o(.constdata)
    .constdata                               0x08002fc4   Section       17  __printf_flags_ss_wp.o(.constdata)
    maptable                                 0x08002fc4   Data          17  __printf_flags_ss_wp.o(.constdata)
    .constdata                               0x08002fd8   Section        8  _printf_wctomb.o(.constdata)
    initial_mbstate                          0x08002fd8   Data           8  _printf_wctomb.o(.constdata)
    .constdata                               0x08002fe0   Section      148  bigflt0.o(.constdata)
    tenpwrs_x                                0x08002fe0   Data          60  bigflt0.o(.constdata)
    tenpwrs_i                                0x0800301c   Data          64  bigflt0.o(.constdata)
    locale$$data                             0x08003094   Section      272  lc_ctype_c.o(locale$$data)
    __lcctype_c_name                         0x08003098   Data           2  lc_ctype_c.o(locale$$data)
    __lcctype_c_start                        0x080030a0   Data           0  lc_ctype_c.o(locale$$data)
    locale$$data                             0x080031a4   Section       28  lc_numeric_c.o(locale$$data)
    __lcctype_c_end                          0x080031a4   Data           0  lc_ctype_c.o(locale$$data)
    __lcnum_c_name                           0x080031a8   Data           2  lc_numeric_c.o(locale$$data)
    __lcnum_c_start                          0x080031b0   Data           0  lc_numeric_c.o(locale$$data)
    __lcnum_c_point                          0x080031bc   Data           0  lc_numeric_c.o(locale$$data)
    __lcnum_c_thousands                      0x080031be   Data           0  lc_numeric_c.o(locale$$data)
    __lcnum_c_grouping                       0x080031bf   Data           0  lc_numeric_c.o(locale$$data)
    __lcnum_c_end                            0x080031c0   Data           0  lc_numeric_c.o(locale$$data)
    .data                                    0x20000000   Section       20  system_stm32f10x.o(.data)
    .data                                    0x20000014   Section        1  key.o(.data)
    key_up                                   0x20000014   Data           1  key.o(.data)
    .data                                    0x20000016   Section        2  usart2.o(.data)
    .data                                    0x20000018   Section        4  delay.o(.data)
    fac_us                                   0x20000018   Data           1  delay.o(.data)
    fac_ms                                   0x2000001a   Data           2  delay.o(.data)
    .data                                    0x2000001c   Section        8  usart.o(.data)
    .data                                    0x20000024   Section       20  stm32f10x_rcc.o(.data)
    APBAHBPrescTable                         0x20000024   Data          16  stm32f10x_rcc.o(.data)
    ADCPrescTable                            0x20000034   Data           4  stm32f10x_rcc.o(.data)
    .bss                                     0x20000038   Section     2048  usart2.o(.bss)
    .bss                                     0x20000838   Section      200  usart.o(.bss)
    .bss                                     0x20000900   Section       96  libspace.o(.bss)
    HEAP                                     0x20000960   Section      512  startup_stm32f10x_hd.o(HEAP)
    Heap_Mem                                 0x20000960   Data         512  startup_stm32f10x_hd.o(HEAP)
    STACK                                    0x20000b60   Section     1024  startup_stm32f10x_hd.o(STACK)
    Stack_Mem                                0x20000b60   Data        1024  startup_stm32f10x_hd.o(STACK)
    __initial_sp                             0x20000f60   Data           0  startup_stm32f10x_hd.o(STACK)

    Global Symbols

    Symbol Name                              Value     Ov Type        Size  Object(Section)

    BuildAttributes$$THM_ISAv4$P$D$K$B$S$PE$A:L22UL41UL21$X:L11$S22US41US21$IEEE1$IW$USESV6$~STKCKD$USESV7$~SHL$OTIME$ROPI$IEEEX$EBA8$UX$STANDARDLIB$REQ8$PRES8$EABIv2 0x00000000   Number         0  anon$$obj.o ABSOLUTE
    __ARM_use_no_argv                        0x00000000   Number         0  main.o ABSOLUTE
    _printf_flags                            0x00000000   Number         0  printf_stubs.o ABSOLUTE
    _printf_return_value                     0x00000000   Number         0  printf_stubs.o ABSOLUTE
    _printf_sizespec                         0x00000000   Number         0  printf_stubs.o ABSOLUTE
    _printf_widthprec                        0x00000000   Number         0  printf_stubs.o ABSOLUTE
    __ARM_exceptions_init                     - Undefined Weak Reference
    __alloca_initialize                       - Undefined Weak Reference
    __cpp_initialize__aeabi_                  - Undefined Weak Reference
    __cxa_finalize                            - Undefined Weak Reference
    __sigvec_lookup                           - Undefined Weak Reference
    __user_heap_extent                        - Undefined Weak Reference
    _atexit_init                              - Undefined Weak Reference
    _call_atexit_fns                          - Undefined Weak Reference
    _clock_init                               - Undefined Weak Reference
    _fp_trap_init                             - Undefined Weak Reference
    _fp_trap_shutdown                         - Undefined Weak Reference
    _get_lc_collate                           - Undefined Weak Reference
    _get_lc_monetary                          - Undefined Weak Reference
    _getenv_init                              - Undefined Weak Reference
    _handle_redirection                       - Undefined Weak Reference
    _initio                                   - Undefined Weak Reference
    _mutex_acquire                            - Undefined Weak Reference
    _mutex_free                               - Undefined Weak Reference
    _mutex_release                            - Undefined Weak Reference
    _printf_mbtowc                            - Undefined Weak Reference
    _printf_wc                                - Undefined Weak Reference
    _rand_init                                - Undefined Weak Reference
    _signal_finish                            - Undefined Weak Reference
    _signal_init                              - Undefined Weak Reference
    _terminateio                              - Undefined Weak Reference
    __Vectors_Size                           0x00000130   Number         0  startup_stm32f10x_hd.o ABSOLUTE
    __Vectors                                0x08000000   Data           4  startup_stm32f10x_hd.o(RESET)
    __Vectors_End                            0x08000130   Data           0  startup_stm32f10x_hd.o(RESET)
    __main                                   0x08000131   Thumb Code     8  __main.o(!!!main)
    __scatterload                            0x08000139   Thumb Code     0  __scatter.o(!!!scatter)
    __scatterload_rt2                        0x08000139   Thumb Code    44  __scatter.o(!!!scatter)
    __scatterload_rt2_thumb_only             0x08000139   Thumb Code     0  __scatter.o(!!!scatter)
    __scatterload_null                       0x08000147   Thumb Code     0  __scatter.o(!!!scatter)
    __scatterload_copy                       0x0800016d   Thumb Code    26  __scatter_copy.o(!!handler_copy)
    __scatterload_zeroinit                   0x08000189   Thumb Code    28  __scatter_zi.o(!!handler_zi)
    _printf_n                                0x080001a5   Thumb Code     0  _printf_n.o(.ARM.Collect$$_printf_percent$$00000001)
    _printf_percent                          0x080001a5   Thumb Code     0  _printf_percent.o(.ARM.Collect$$_printf_percent$$00000000)
    _printf_p                                0x080001ab   Thumb Code     0  _printf_p.o(.ARM.Collect$$_printf_percent$$00000002)
    _printf_f                                0x080001b1   Thumb Code     0  _printf_f.o(.ARM.Collect$$_printf_percent$$00000003)
    _printf_e                                0x080001b7   Thumb Code     0  _printf_e.o(.ARM.Collect$$_printf_percent$$00000004)
    _printf_g                                0x080001bd   Thumb Code     0  _printf_g.o(.ARM.Collect$$_printf_percent$$00000005)
    _printf_a                                0x080001c3   Thumb Code     0  _printf_a.o(.ARM.Collect$$_printf_percent$$00000006)
    _printf_ll                               0x080001c9   Thumb Code     0  _printf_ll.o(.ARM.Collect$$_printf_percent$$00000007)
    _printf_i                                0x080001d3   Thumb Code     0  _printf_i.o(.ARM.Collect$$_printf_percent$$00000008)
    _printf_d                                0x080001d9   Thumb Code     0  _printf_d.o(.ARM.Collect$$_printf_percent$$00000009)
    _printf_u                                0x080001df   Thumb Code     0  _printf_u.o(.ARM.Collect$$_printf_percent$$0000000A)
    _printf_o                                0x080001e5   Thumb Code     0  _printf_o.o(.ARM.Collect$$_printf_percent$$0000000B)
    _printf_x                                0x080001eb   Thumb Code     0  _printf_x.o(.ARM.Collect$$_printf_percent$$0000000C)
    _printf_lli                              0x080001f1   Thumb Code     0  _printf_lli.o(.ARM.Collect$$_printf_percent$$0000000D)
    _printf_lld                              0x080001f7   Thumb Code     0  _printf_lld.o(.ARM.Collect$$_printf_percent$$0000000E)
    _printf_llu                              0x080001fd   Thumb Code     0  _printf_llu.o(.ARM.Collect$$_printf_percent$$0000000F)
    _printf_llo                              0x08000203   Thumb Code     0  _printf_llo.o(.ARM.Collect$$_printf_percent$$00000010)
    _printf_llx                              0x08000209   Thumb Code     0  _printf_llx.o(.ARM.Collect$$_printf_percent$$00000011)
    _printf_l                                0x0800020f   Thumb Code     0  _printf_l.o(.ARM.Collect$$_printf_percent$$00000012)
    _printf_c                                0x08000219   Thumb Code     0  _printf_c.o(.ARM.Collect$$_printf_percent$$00000013)
    _printf_s                                0x0800021f   Thumb Code     0  _printf_s.o(.ARM.Collect$$_printf_percent$$00000014)
    _printf_lc                               0x08000225   Thumb Code     0  _printf_lc.o(.ARM.Collect$$_printf_percent$$00000015)
    _printf_ls                               0x0800022b   Thumb Code     0  _printf_ls.o(.ARM.Collect$$_printf_percent$$00000016)
    _printf_percent_end                      0x08000231   Thumb Code     0  _printf_percent_end.o(.ARM.Collect$$_printf_percent$$00000017)
    __rt_lib_init                            0x08000235   Thumb Code     0  libinit.o(.ARM.Collect$$libinit$$00000000)
    __rt_lib_init_fp_1                       0x08000237   Thumb Code     0  libinit2.o(.ARM.Collect$$libinit$$00000002)
    __rt_lib_init_heap_1                     0x08000237   Thumb Code     0  libinit2.o(.ARM.Collect$$libinit$$00000008)
    __rt_lib_init_lc_common                  0x08000237   Thumb Code     0  libinit2.o(.ARM.Collect$$libinit$$0000000D)
    __rt_lib_init_rand_1                     0x08000237   Thumb Code     0  libinit2.o(.ARM.Collect$$libinit$$0000000C)
    __rt_lib_init_user_alloc_1               0x08000237   Thumb Code     0  libinit2.o(.ARM.Collect$$libinit$$0000000A)
    __rt_lib_init_lc_collate_1               0x0800023d   Thumb Code     0  libinit2.o(.ARM.Collect$$libinit$$0000000F)
    __rt_lib_init_lc_ctype_2                 0x0800023d   Thumb Code     0  libinit2.o(.ARM.Collect$$libinit$$00000010)
    __rt_lib_init_lc_ctype_1                 0x08000249   Thumb Code     0  libinit2.o(.ARM.Collect$$libinit$$00000011)
    __rt_lib_init_lc_monetary_1              0x08000249   Thumb Code     0  libinit2.o(.ARM.Collect$$libinit$$00000013)
    __rt_lib_init_lc_numeric_2               0x08000249   Thumb Code     0  libinit2.o(.ARM.Collect$$libinit$$00000014)
    __rt_lib_init_alloca_1                   0x08000253   Thumb Code     0  libinit2.o(.ARM.Collect$$libinit$$0000002C)
    __rt_lib_init_argv_1                     0x08000253   Thumb Code     0  libinit2.o(.ARM.Collect$$libinit$$0000002A)
    __rt_lib_init_atexit_1                   0x08000253   Thumb Code     0  libinit2.o(.ARM.Collect$$libinit$$00000019)
    __rt_lib_init_clock_1                    0x08000253   Thumb Code     0  libinit2.o(.ARM.Collect$$libinit$$0000001F)
    __rt_lib_init_cpp_1                      0x08000253   Thumb Code     0  libinit2.o(.ARM.Collect$$libinit$$00000030)
    __rt_lib_init_exceptions_1               0x08000253   Thumb Code     0  libinit2.o(.ARM.Collect$$libinit$$0000002E)
    __rt_lib_init_fp_trap_1                  0x08000253   Thumb Code     0  libinit2.o(.ARM.Collect$$libinit$$0000001D)
    __rt_lib_init_getenv_1                   0x08000253   Thumb Code     0  libinit2.o(.ARM.Collect$$libinit$$00000021)
    __rt_lib_init_lc_numeric_1               0x08000253   Thumb Code     0  libinit2.o(.ARM.Collect$$libinit$$00000015)
    __rt_lib_init_lc_time_1                  0x08000253   Thumb Code     0  libinit2.o(.ARM.Collect$$libinit$$00000017)
    __rt_lib_init_return                     0x08000253   Thumb Code     0  libinit2.o(.ARM.Collect$$libinit$$00000031)
    __rt_lib_init_signal_1                   0x08000253   Thumb Code     0  libinit2.o(.ARM.Collect$$libinit$$0000001B)
    __rt_lib_init_stdio_1                    0x08000253   Thumb Code     0  libinit2.o(.ARM.Collect$$libinit$$00000023)
    __rt_lib_shutdown                        0x08000255   Thumb Code     0  libshutdown.o(.ARM.Collect$$libshutdown$$00000000)
    __rt_lib_shutdown_fp_trap_1              0x08000257   Thumb Code     0  libshutdown2.o(.ARM.Collect$$libshutdown$$00000006)
    __rt_lib_shutdown_heap_1                 0x08000257   Thumb Code     0  libshutdown2.o(.ARM.Collect$$libshutdown$$0000000E)
    __rt_lib_shutdown_return                 0x08000257   Thumb Code     0  libshutdown2.o(.ARM.Collect$$libshutdown$$0000000F)
    __rt_lib_shutdown_signal_1               0x08000257   Thumb Code     0  libshutdown2.o(.ARM.Collect$$libshutdown$$00000009)
    __rt_lib_shutdown_stdio_1                0x08000257   Thumb Code     0  libshutdown2.o(.ARM.Collect$$libshutdown$$00000003)
    __rt_lib_shutdown_user_alloc_1           0x08000257   Thumb Code     0  libshutdown2.o(.ARM.Collect$$libshutdown$$0000000B)
    __rt_entry                               0x08000259   Thumb Code     0  rtentry.o(.ARM.Collect$$rtentry$$00000000)
    __rt_entry_presh_1                       0x08000259   Thumb Code     0  rtentry2.o(.ARM.Collect$$rtentry$$00000002)
    __rt_entry_sh                            0x08000259   Thumb Code     0  rtentry4.o(.ARM.Collect$$rtentry$$00000004)
    __rt_entry_li                            0x0800025f   Thumb Code     0  rtentry2.o(.ARM.Collect$$rtentry$$0000000A)
    __rt_entry_postsh_1                      0x0800025f   Thumb Code     0  rtentry2.o(.ARM.Collect$$rtentry$$00000009)
    __rt_entry_main                          0x08000263   Thumb Code     0  rtentry2.o(.ARM.Collect$$rtentry$$0000000D)
    __rt_entry_postli_1                      0x08000263   Thumb Code     0  rtentry2.o(.ARM.Collect$$rtentry$$0000000C)
    __rt_exit                                0x0800026b   Thumb Code     0  rtexit.o(.ARM.Collect$$rtexit$$00000000)
    __rt_exit_ls                             0x0800026d   Thumb Code     0  rtexit2.o(.ARM.Collect$$rtexit$$00000003)
    __rt_exit_prels_1                        0x0800026d   Thumb Code     0  rtexit2.o(.ARM.Collect$$rtexit$$00000002)
    __rt_exit_exit                           0x08000271   Thumb Code     0  rtexit2.o(.ARM.Collect$$rtexit$$00000004)
    WFI_SET                                  0x08000279   Thumb Code     2  sys.o(.emb_text)
    INTX_DISABLE                             0x0800027b   Thumb Code     2  sys.o(.emb_text)
    INTX_ENABLE                              0x0800027d   Thumb Code     2  sys.o(.emb_text)
    MSR_MSP                                  0x0800027f   Thumb Code     6  sys.o(.emb_text)
    main                                     0x08000285   Thumb Code    36  main.o(.text)
    NMI_Handler                              0x080002a9   Thumb Code     2  stm32f10x_it.o(.text)
    HardFault_Handler                        0x080002ab   Thumb Code     4  stm32f10x_it.o(.text)
    MemManage_Handler                        0x080002af   Thumb Code     4  stm32f10x_it.o(.text)
    BusFault_Handler                         0x080002b3   Thumb Code     4  stm32f10x_it.o(.text)
    UsageFault_Handler                       0x080002b7   Thumb Code     4  stm32f10x_it.o(.text)
    SVC_Handler                              0x080002bb   Thumb Code     2  stm32f10x_it.o(.text)
    DebugMon_Handler                         0x080002bd   Thumb Code     2  stm32f10x_it.o(.text)
    PendSV_Handler                           0x080002bf   Thumb Code     2  stm32f10x_it.o(.text)
    SysTick_Handler                          0x080002c1   Thumb Code     2  stm32f10x_it.o(.text)
    SystemInit                               0x080003a1   Thumb Code    78  system_stm32f10x.o(.text)
    SystemCoreClockUpdate                    0x080003ef   Thumb Code   142  system_stm32f10x.o(.text)
    LED_Init                                 0x080004a1   Thumb Code    68  led.o(.text)
    KEY_Init                                 0x080004ed   Thumb Code    52  key.o(.text)
    KEY_Scan                                 0x08000521   Thumb Code   188  key.o(.text)
    TIM4_Set                                 0x080005e9   Thumb Code    38  usart2.o(.text)
    USART2_IRQHandler                        0x0800060f   Thumb Code    82  usart2.o(.text)
    TIM4_Init                                0x08000661   Thumb Code    70  usart2.o(.text)
    UART_DMA_Config                          0x080006a7   Thumb Code    80  usart2.o(.text)
    USART2_Init                              0x080006f7   Thumb Code   186  usart2.o(.text)
    UART_DMA_Enable                          0x080007b1   Thumb Code    20  usart2.o(.text)
    u2_printf                                0x080007c5   Thumb Code    54  usart2.o(.text)
    TIM4_IRQHandler                          0x080007fb   Thumb Code    50  usart2.o(.text)
    delay_init                               0x08000855   Thumb Code    50  delay.o(.text)
    delay_us                                 0x08000887   Thumb Code    70  delay.o(.text)
    delay_ms                                 0x080008cd   Thumb Code    70  delay.o(.text)
    MY_NVIC_SetVectorTable                   0x08000925   Thumb Code    12  sys.o(.text)
    MY_NVIC_PriorityGroupConfig              0x08000931   Thumb Code    36  sys.o(.text)
    MY_NVIC_Init                             0x08000955   Thumb Code   114  sys.o(.text)
    Ex_NVIC_Config                           0x080009c7   Thumb Code   144  sys.o(.text)
    MYRCC_DeInit                             0x08000a57   Thumb Code    90  sys.o(.text)
    Sys_Standby                              0x08000ab1   Thumb Code    68  sys.o(.text)
    Sys_Soft_Reset                           0x08000af5   Thumb Code    12  sys.o(.text)
    JTAG_Set                                 0x08000b01   Thumb Code    42  sys.o(.text)
    Stm32_Clock_Init                         0x08000b2b   Thumb Code   130  sys.o(.text)
    _sys_exit                                0x08000be1   Thumb Code     6  usart.o(.text)
    fputc                                    0x08000be7   Thumb Code    32  usart.o(.text)
    uart_init                                0x08000c07   Thumb Code   158  usart.o(.text)
    USART1_IRQHandler                        0x08000ca5   Thumb Code   122  usart.o(.text)
    Reset_Handler                            0x08000d31   Thumb Code     8  startup_stm32f10x_hd.o(.text)
    ADC1_2_IRQHandler                        0x08000d4b   Thumb Code     0  startup_stm32f10x_hd.o(.text)
    ADC3_IRQHandler                          0x08000d4b   Thumb Code     0  startup_stm32f10x_hd.o(.text)
    CAN1_RX1_IRQHandler                      0x08000d4b   Thumb Code     0  startup_stm32f10x_hd.o(.text)
    CAN1_SCE_IRQHandler                      0x08000d4b   Thumb Code     0  startup_stm32f10x_hd.o(.text)
    DMA1_Channel1_IRQHandler                 0x08000d4b   Thumb Code     0  startup_stm32f10x_hd.o(.text)
    DMA1_Channel2_IRQHandler                 0x08000d4b   Thumb Code     0  startup_stm32f10x_hd.o(.text)
    DMA1_Channel3_IRQHandler                 0x08000d4b   Thumb Code     0  startup_stm32f10x_hd.o(.text)
    DMA1_Channel4_IRQHandler                 0x08000d4b   Thumb Code     0  startup_stm32f10x_hd.o(.text)
    DMA1_Channel5_IRQHandler                 0x08000d4b   Thumb Code     0  startup_stm32f10x_hd.o(.text)
    DMA1_Channel6_IRQHandler                 0x08000d4b   Thumb Code     0  startup_stm32f10x_hd.o(.text)
    DMA1_Channel7_IRQHandler                 0x08000d4b   Thumb Code     0  startup_stm32f10x_hd.o(.text)
    DMA2_Channel1_IRQHandler                 0x08000d4b   Thumb Code     0  startup_stm32f10x_hd.o(.text)
    DMA2_Channel2_IRQHandler                 0x08000d4b   Thumb Code     0  startup_stm32f10x_hd.o(.text)
    DMA2_Channel3_IRQHandler                 0x08000d4b   Thumb Code     0  startup_stm32f10x_hd.o(.text)
    DMA2_Channel4_5_IRQHandler               0x08000d4b   Thumb Code     0  startup_stm32f10x_hd.o(.text)
    EXTI0_IRQHandler                         0x08000d4b   Thumb Code     0  startup_stm32f10x_hd.o(.text)
    EXTI15_10_IRQHandler                     0x08000d4b   Thumb Code     0  startup_stm32f10x_hd.o(.text)
    EXTI1_IRQHandler                         0x08000d4b   Thumb Code     0  startup_stm32f10x_hd.o(.text)
    EXTI2_IRQHandler                         0x08000d4b   Thumb Code     0  startup_stm32f10x_hd.o(.text)
    EXTI3_IRQHandler                         0x08000d4b   Thumb Code     0  startup_stm32f10x_hd.o(.text)
    EXTI4_IRQHandler                         0x08000d4b   Thumb Code     0  startup_stm32f10x_hd.o(.text)
    EXTI9_5_IRQHandler                       0x08000d4b   Thumb Code     0  startup_stm32f10x_hd.o(.text)
    FLASH_IRQHandler                         0x08000d4b   Thumb Code     0  startup_stm32f10x_hd.o(.text)
    FSMC_IRQHandler                          0x08000d4b   Thumb Code     0  startup_stm32f10x_hd.o(.text)
    I2C1_ER_IRQHandler                       0x08000d4b   Thumb Code     0  startup_stm32f10x_hd.o(.text)
    I2C1_EV_IRQHandler                       0x08000d4b   Thumb Code     0  startup_stm32f10x_hd.o(.text)
    I2C2_ER_IRQHandler                       0x08000d4b   Thumb Code     0  startup_stm32f10x_hd.o(.text)
    I2C2_EV_IRQHandler                       0x08000d4b   Thumb Code     0  startup_stm32f10x_hd.o(.text)
    PVD_IRQHandler                           0x08000d4b   Thumb Code     0  startup_stm32f10x_hd.o(.text)
    RCC_IRQHandler                           0x08000d4b   Thumb Code     0  startup_stm32f10x_hd.o(.text)
    RTCAlarm_IRQHandler                      0x08000d4b   Thumb Code     0  startup_stm32f10x_hd.o(.text)
    RTC_IRQHandler                           0x08000d4b   Thumb Code     0  startup_stm32f10x_hd.o(.text)
    SDIO_IRQHandler                          0x08000d4b   Thumb Code     0  startup_stm32f10x_hd.o(.text)
    SPI1_IRQHandler                          0x08000d4b   Thumb Code     0  startup_stm32f10x_hd.o(.text)
    SPI2_IRQHandler                          0x08000d4b   Thumb Code     0  startup_stm32f10x_hd.o(.text)
    SPI3_IRQHandler                          0x08000d4b   Thumb Code     0  startup_stm32f10x_hd.o(.text)
    TAMPER_IRQHandler                        0x08000d4b   Thumb Code     0  startup_stm32f10x_hd.o(.text)
    TIM1_BRK_IRQHandler                      0x08000d4b   Thumb Code     0  startup_stm32f10x_hd.o(.text)
    TIM1_CC_IRQHandler                       0x08000d4b   Thumb Code     0  startup_stm32f10x_hd.o(.text)
    TIM1_TRG_COM_IRQHandler                  0x08000d4b   Thumb Code     0  startup_stm32f10x_hd.o(.text)
    TIM1_UP_IRQHandler                       0x08000d4b   Thumb Code     0  startup_stm32f10x_hd.o(.text)
    TIM2_IRQHandler                          0x08000d4b   Thumb Code     0  startup_stm32f10x_hd.o(.text)
    TIM3_IRQHandler                          0x08000d4b   Thumb Code     0  startup_stm32f10x_hd.o(.text)
    TIM5_IRQHandler                          0x08000d4b   Thumb Code     0  startup_stm32f10x_hd.o(.text)
    TIM6_IRQHandler                          0x08000d4b   Thumb Code     0  startup_stm32f10x_hd.o(.text)
    TIM7_IRQHandler                          0x08000d4b   Thumb Code     0  startup_stm32f10x_hd.o(.text)
    TIM8_BRK_IRQHandler                      0x08000d4b   Thumb Code     0  startup_stm32f10x_hd.o(.text)
    TIM8_CC_IRQHandler                       0x08000d4b   Thumb Code     0  startup_stm32f10x_hd.o(.text)
    TIM8_TRG_COM_IRQHandler                  0x08000d4b   Thumb Code     0  startup_stm32f10x_hd.o(.text)
    TIM8_UP_IRQHandler                       0x08000d4b   Thumb Code     0  startup_stm32f10x_hd.o(.text)
    UART4_IRQHandler                         0x08000d4b   Thumb Code     0  startup_stm32f10x_hd.o(.text)
    UART5_IRQHandler                         0x08000d4b   Thumb Code     0  startup_stm32f10x_hd.o(.text)
    USART3_IRQHandler                        0x08000d4b   Thumb Code     0  startup_stm32f10x_hd.o(.text)
    USBWakeUp_IRQHandler                     0x08000d4b   Thumb Code     0  startup_stm32f10x_hd.o(.text)
    USB_HP_CAN1_TX_IRQHandler                0x08000d4b   Thumb Code     0  startup_stm32f10x_hd.o(.text)
    USB_LP_CAN1_RX0_IRQHandler               0x08000d4b   Thumb Code     0  startup_stm32f10x_hd.o(.text)
    WWDG_IRQHandler                          0x08000d4b   Thumb Code     0  startup_stm32f10x_hd.o(.text)
    __user_initial_stackheap                 0x08000d4d   Thumb Code     0  startup_stm32f10x_hd.o(.text)
    NVIC_PriorityGroupConfig                 0x08000d71   Thumb Code    10  misc.o(.text)
    NVIC_Init                                0x08000d7b   Thumb Code   102  misc.o(.text)
    NVIC_SetVectorTable                      0x08000de1   Thumb Code    14  misc.o(.text)
    NVIC_SystemLPConfig                      0x08000def   Thumb Code    34  misc.o(.text)
    SysTick_CLKSourceConfig                  0x08000e11   Thumb Code    40  misc.o(.text)
    GPIO_DeInit                              0x08000e4d   Thumb Code   172  stm32f10x_gpio.o(.text)
    GPIO_AFIODeInit                          0x08000ef9   Thumb Code    20  stm32f10x_gpio.o(.text)
    GPIO_Init                                0x08000f0d   Thumb Code   274  stm32f10x_gpio.o(.text)
    GPIO_StructInit                          0x0800101f   Thumb Code    16  stm32f10x_gpio.o(.text)
    GPIO_ReadInputDataBit                    0x0800102f   Thumb Code    18  stm32f10x_gpio.o(.text)
    GPIO_ReadInputData                       0x08001041   Thumb Code     8  stm32f10x_gpio.o(.text)
    GPIO_ReadOutputDataBit                   0x08001049   Thumb Code    18  stm32f10x_gpio.o(.text)
    GPIO_ReadOutputData                      0x0800105b   Thumb Code     8  stm32f10x_gpio.o(.text)
    GPIO_SetBits                             0x08001063   Thumb Code     4  stm32f10x_gpio.o(.text)
    GPIO_ResetBits                           0x08001067   Thumb Code     4  stm32f10x_gpio.o(.text)
    GPIO_WriteBit                            0x0800106b   Thumb Code    10  stm32f10x_gpio.o(.text)
    GPIO_Write                               0x08001075   Thumb Code     4  stm32f10x_gpio.o(.text)
    GPIO_PinLockConfig                       0x08001079   Thumb Code    18  stm32f10x_gpio.o(.text)
    GPIO_EventOutputConfig                   0x0800108b   Thumb Code    26  stm32f10x_gpio.o(.text)
    GPIO_EventOutputCmd                      0x080010a5   Thumb Code     6  stm32f10x_gpio.o(.text)
    GPIO_PinRemapConfig                      0x080010ab   Thumb Code   138  stm32f10x_gpio.o(.text)
    GPIO_EXTILineConfig                      0x08001135   Thumb Code    66  stm32f10x_gpio.o(.text)
    GPIO_ETH_MediaInterfaceConfig            0x08001177   Thumb Code     6  stm32f10x_gpio.o(.text)
    RCC_DeInit                               0x080011a5   Thumb Code    64  stm32f10x_rcc.o(.text)
    RCC_HSEConfig                            0x080011e5   Thumb Code    70  stm32f10x_rcc.o(.text)
    RCC_GetFlagStatus                        0x0800122b   Thumb Code    56  stm32f10x_rcc.o(.text)
    RCC_WaitForHSEStartUp                    0x08001263   Thumb Code    56  stm32f10x_rcc.o(.text)
    RCC_AdjustHSICalibrationValue            0x0800129b   Thumb Code    20  stm32f10x_rcc.o(.text)
    RCC_HSICmd                               0x080012af   Thumb Code     6  stm32f10x_rcc.o(.text)
    RCC_PLLConfig                            0x080012b5   Thumb Code    24  stm32f10x_rcc.o(.text)
    RCC_PLLCmd                               0x080012cd   Thumb Code     6  stm32f10x_rcc.o(.text)
    RCC_SYSCLKConfig                         0x080012d3   Thumb Code    18  stm32f10x_rcc.o(.text)
    RCC_GetSYSCLKSource                      0x080012e5   Thumb Code    10  stm32f10x_rcc.o(.text)
    RCC_HCLKConfig                           0x080012ef   Thumb Code    18  stm32f10x_rcc.o(.text)
    RCC_PCLK1Config                          0x08001301   Thumb Code    18  stm32f10x_rcc.o(.text)
    RCC_PCLK2Config                          0x08001313   Thumb Code    20  stm32f10x_rcc.o(.text)
    RCC_ITConfig                             0x08001327   Thumb Code    26  stm32f10x_rcc.o(.text)
    RCC_USBCLKConfig                         0x08001341   Thumb Code     6  stm32f10x_rcc.o(.text)
    RCC_ADCCLKConfig                         0x08001347   Thumb Code    18  stm32f10x_rcc.o(.text)
    RCC_LSEConfig                            0x08001359   Thumb Code    44  stm32f10x_rcc.o(.text)
    RCC_LSICmd                               0x08001385   Thumb Code     6  stm32f10x_rcc.o(.text)
    RCC_RTCCLKConfig                         0x0800138b   Thumb Code    12  stm32f10x_rcc.o(.text)
    RCC_RTCCLKCmd                            0x08001397   Thumb Code     8  stm32f10x_rcc.o(.text)
    RCC_GetClocksFreq                        0x0800139f   Thumb Code   192  stm32f10x_rcc.o(.text)
    RCC_AHBPeriphClockCmd                    0x0800145f   Thumb Code    26  stm32f10x_rcc.o(.text)
    RCC_APB2PeriphClockCmd                   0x08001479   Thumb Code    26  stm32f10x_rcc.o(.text)
    RCC_APB1PeriphClockCmd                   0x08001493   Thumb Code    26  stm32f10x_rcc.o(.text)
    RCC_APB2PeriphResetCmd                   0x080014ad   Thumb Code    26  stm32f10x_rcc.o(.text)
    RCC_APB1PeriphResetCmd                   0x080014c7   Thumb Code    26  stm32f10x_rcc.o(.text)
    RCC_BackupResetCmd                       0x080014e1   Thumb Code     8  stm32f10x_rcc.o(.text)
    RCC_ClockSecuritySystemCmd               0x080014e9   Thumb Code     6  stm32f10x_rcc.o(.text)
    RCC_MCOConfig                            0x080014ef   Thumb Code     6  stm32f10x_rcc.o(.text)
    RCC_ClearFlag                            0x080014f5   Thumb Code    14  stm32f10x_rcc.o(.text)
    RCC_GetITStatus                          0x08001503   Thumb Code    20  stm32f10x_rcc.o(.text)
    RCC_ClearITPendingBit                    0x08001517   Thumb Code     6  stm32f10x_rcc.o(.text)
    USART_DeInit                             0x08001549   Thumb Code   134  stm32f10x_usart.o(.text)
    USART_Init                               0x080015cf   Thumb Code   210  stm32f10x_usart.o(.text)
    USART_StructInit                         0x080016a1   Thumb Code    24  stm32f10x_usart.o(.text)
    USART_ClockInit                          0x080016b9   Thumb Code    34  stm32f10x_usart.o(.text)
    USART_ClockStructInit                    0x080016db   Thumb Code    12  stm32f10x_usart.o(.text)
    USART_Cmd                                0x080016e7   Thumb Code    24  stm32f10x_usart.o(.text)
    USART_ITConfig                           0x080016ff   Thumb Code    74  stm32f10x_usart.o(.text)
    USART_DMACmd                             0x08001749   Thumb Code    18  stm32f10x_usart.o(.text)
    USART_SetAddress                         0x0800175b   Thumb Code    18  stm32f10x_usart.o(.text)
    USART_WakeUpConfig                       0x0800176d   Thumb Code    18  stm32f10x_usart.o(.text)
    USART_ReceiverWakeUpCmd                  0x0800177f   Thumb Code    24  stm32f10x_usart.o(.text)
    USART_LINBreakDetectLengthConfig         0x08001797   Thumb Code    18  stm32f10x_usart.o(.text)
    USART_LINCmd                             0x080017a9   Thumb Code    24  stm32f10x_usart.o(.text)
    USART_SendData                           0x080017c1   Thumb Code     8  stm32f10x_usart.o(.text)
    USART_ReceiveData                        0x080017c9   Thumb Code    10  stm32f10x_usart.o(.text)
    USART_SendBreak                          0x080017d3   Thumb Code    10  stm32f10x_usart.o(.text)
    USART_SetGuardTime                       0x080017dd   Thumb Code    16  stm32f10x_usart.o(.text)
    USART_SetPrescaler                       0x080017ed   Thumb Code    16  stm32f10x_usart.o(.text)
    USART_SmartCardCmd                       0x080017fd   Thumb Code    24  stm32f10x_usart.o(.text)
    USART_SmartCardNACKCmd                   0x08001815   Thumb Code    24  stm32f10x_usart.o(.text)
    USART_HalfDuplexCmd                      0x0800182d   Thumb Code    24  stm32f10x_usart.o(.text)
    USART_OverSampling8Cmd                   0x08001845   Thumb Code    22  stm32f10x_usart.o(.text)
    USART_OneBitMethodCmd                    0x0800185b   Thumb Code    24  stm32f10x_usart.o(.text)
    USART_IrDAConfig                         0x08001873   Thumb Code    18  stm32f10x_usart.o(.text)
    USART_IrDACmd                            0x08001885   Thumb Code    24  stm32f10x_usart.o(.text)
    USART_GetFlagStatus                      0x0800189d   Thumb Code    26  stm32f10x_usart.o(.text)
    USART_ClearFlag                          0x080018b7   Thumb Code    18  stm32f10x_usart.o(.text)
    USART_GetITStatus                        0x080018c9   Thumb Code    84  stm32f10x_usart.o(.text)
    USART_ClearITPendingBit                  0x0800191d   Thumb Code    52  stm32f10x_usart.o(.text)
    __use_no_semihosting                     0x08001951   Thumb Code     2  use_no_semi_2.o(.text)
    __c89vsprintf                            0x08001955   Thumb Code    32  c89vsprintf.o(.text)
    _printf_pre_padding                      0x08001979   Thumb Code    46  _printf_pad.o(.text)
    _printf_post_padding                     0x080019a7   Thumb Code    36  _printf_pad.o(.text)
    _printf_int_dec                          0x080019cd   Thumb Code   102  _printf_dec.o(.text)
    _printf_longlong_hex                     0x08001a45   Thumb Code    92  _printf_hex_int_ll_ptr.o(.text)
    _printf_int_hex                          0x08001aa1   Thumb Code    28  _printf_hex_int_ll_ptr.o(.text)
    _printf_ll_hex                           0x08001abd   Thumb Code    12  _printf_hex_int_ll_ptr.o(.text)
    _printf_hex_ptr                          0x08001ac9   Thumb Code    18  _printf_hex_int_ll_ptr.o(.text)
    __printf                                 0x08001ae1   Thumb Code   390  __printf_flags_ss_wp.o(.text)
    strlen                                   0x08001c6d   Thumb Code    62  strlen.o(.text)
    __use_two_region_memory                  0x08001cab   Thumb Code     2  heapauxi.o(.text)
    __rt_heap_escrow                         0x08001cad   Thumb Code     2  heapauxi.o(.text)
    __rt_heap_expand                         0x08001caf   Thumb Code     2  heapauxi.o(.text)
    __I$use$semihosting                      0x08001cb1   Thumb Code     0  use_no_semi.o(.text)
    __use_no_semihosting_swi                 0x08001cb1   Thumb Code     2  use_no_semi.o(.text)
    __rt_ctype_table                         0x08001cb5   Thumb Code    16  rt_ctype_table.o(.text)
    __rt_locale                              0x08001cc5   Thumb Code     8  rt_locale_intlibspace.o(.text)
    _printf_truncate_signed                  0x08001ccd   Thumb Code    18  _printf_truncate.o(.text)
    _printf_truncate_unsigned                0x08001cdf   Thumb Code    18  _printf_truncate.o(.text)
    _printf_str                              0x08001cf1   Thumb Code    82  _printf_str.o(.text)
    _printf_int_common                       0x08001d43   Thumb Code   184  _printf_intcommon.o(.text)
    _printf_charcount                        0x08001dfb   Thumb Code    42  _printf_charcount.o(.text)
    __lib_sel_fp_printf                      0x08001e25   Thumb Code     2  _printf_fp_dec.o(.text)
    _printf_fp_dec_real                      0x08001fd1   Thumb Code   628  _printf_fp_dec.o(.text)
    _printf_char_common                      0x0800224f   Thumb Code    32  _printf_char_common.o(.text)
    _sputc                                   0x08002275   Thumb Code    10  _sputc.o(.text)
    _printf_wctomb                           0x08002281   Thumb Code   182  _printf_wctomb.o(.text)
    _printf_longlong_dec                     0x0800233d   Thumb Code   104  _printf_longlong_dec.o(.text)
    _printf_longlong_oct                     0x080023b5   Thumb Code    76  _printf_oct_int_ll.o(.text)
    _printf_int_oct                          0x08002401   Thumb Code    24  _printf_oct_int_ll.o(.text)
    _printf_ll_oct                           0x08002419   Thumb Code    12  _printf_oct_int_ll.o(.text)
    __user_libspace                          0x0800242d   Thumb Code     8  libspace.o(.text)
    __user_perproc_libspace                  0x0800242d   Thumb Code     0  libspace.o(.text)
    __user_perthread_libspace                0x0800242d   Thumb Code     0  libspace.o(.text)
    _ll_udiv10                               0x08002435   Thumb Code   138  lludiv10.o(.text)
    _printf_fp_infnan                        0x080024c1   Thumb Code   112  _printf_fp_infnan.o(.text)
    _printf_cs_common                        0x08002541   Thumb Code    20  _printf_char.o(.text)
    _printf_char                             0x08002555   Thumb Code    16  _printf_char.o(.text)
    _printf_string                           0x08002565   Thumb Code     8  _printf_char.o(.text)
    _printf_lcs_common                       0x0800256d   Thumb Code    20  _printf_wchar.o(.text)
    _printf_wchar                            0x08002581   Thumb Code    16  _printf_wchar.o(.text)
    _printf_wstring                          0x08002591   Thumb Code     8  _printf_wchar.o(.text)
    _btod_etento                             0x08002599   Thumb Code   222  bigflt0.o(.text)
    _wcrtomb                                 0x0800267d   Thumb Code    64  _wcrtomb.o(.text)
    strcmp                                   0x080026bd   Thumb Code   128  strcmpv7m.o(.text)
    __user_setup_stackheap                   0x0800273d   Thumb Code    74  sys_stackheap_outer.o(.text)
    exit                                     0x08002787   Thumb Code    12  exit.o(.text)
    _btod_d2e                                0x08002793   Thumb Code    62  btod.o(CL$$btod_d2e)
    _d2e_denorm_low                          0x080027d1   Thumb Code    70  btod.o(CL$$btod_d2e_denorm_low)
    _d2e_norm_op1                            0x08002817   Thumb Code    96  btod.o(CL$$btod_d2e_norm_op1)
    __btod_div_common                        0x08002877   Thumb Code   696  btod.o(CL$$btod_div_common)
    _e2e                                     0x08002baf   Thumb Code   198  btod.o(CL$$btod_e2e)
    _btod_ediv                               0x08002c75   Thumb Code    40  btod.o(CL$$btod_ediv)
    _btod_emul                               0x08002c9d   Thumb Code    40  btod.o(CL$$btod_emul)
    __btod_mult_common                       0x08002cc5   Thumb Code   580  btod.o(CL$$btod_mult_common)
    __ARM_fpclassify                         0x08002f09   Thumb Code    40  fpclassify.o(i.__ARM_fpclassify)
    _is_digit                                0x08002f31   Thumb Code    14  __printf_wp.o(i._is_digit)
    _get_lc_ctype                            0x08002f41   Thumb Code    44  lc_ctype_c.o(locale$$code)
    _get_lc_numeric                          0x08002f6d   Thumb Code    44  lc_numeric_c.o(locale$$code)
    _printf_fp_dec                           0x08002f99   Thumb Code     4  printf1.o(x$fpl$printf1)
    __I$use$fp                               0x08002f9c   Number         0  usenofp.o(x$fpl$usenofp)
    Region$$Table$$Base                      0x08003074   Number         0  anon$$obj.o(Region$$Table)
    Region$$Table$$Limit                     0x08003094   Number         0  anon$$obj.o(Region$$Table)
    __ctype                                  0x080030a1   Data           0  lc_ctype_c.o(locale$$data)
    SystemCoreClock                          0x20000000   Data           4  system_stm32f10x.o(.data)
    AHBPrescTable                            0x20000004   Data          16  system_stm32f10x.o(.data)
    USART2_RX_STA                            0x20000016   Data           2  usart2.o(.data)
    USART_RX_STA                             0x2000001c   Data           2  usart.o(.data)
    __stdout                                 0x20000020   Data           4  usart.o(.data)
    USART2_TX_BUF                            0x20000038   Data        1024  usart2.o(.bss)
    USART2_RX_BUF                            0x20000438   Data        1024  usart2.o(.bss)
    USART_RX_BUF                             0x20000838   Data         200  usart.o(.bss)
    __libspace_start                         0x20000900   Data          96  libspace.o(.bss)
    __temporary_stack_top$libspace           0x20000960   Data           0  libspace.o(.bss)



==============================================================================

Memory Map of the image

  Image Entry point : 0x08000131

  Load Region LR_IROM1 (Base: 0x08000000, Size: 0x000031f8, Max: 0x00080000, ABSOLUTE)

    Execution Region ER_IROM1 (Base: 0x08000000, Size: 0x000031c0, Max: 0x00080000, ABSOLUTE)

    Base Addr    Size         Type   Attr      Idx    E Section Name        Object

    0x08000000   0x00000130   Data   RO          241    RESET               startup_stm32f10x_hd.o
    0x08000130   0x00000008   Code   RO          524  * !!!main             c_w.l(__main.o)
    0x08000138   0x00000034   Code   RO          922    !!!scatter          c_w.l(__scatter.o)
    0x0800016c   0x0000001a   Code   RO          924    !!handler_copy      c_w.l(__scatter_copy.o)
    0x08000186   0x00000002   PAD
    0x08000188   0x0000001c   Code   RO          926    !!handler_zi        c_w.l(__scatter_zi.o)
    0x080001a4   0x00000000   Code   RO          497    .ARM.Collect$$_printf_percent$$00000000  c_w.l(_printf_percent.o)
    0x080001a4   0x00000006   Code   RO          636    .ARM.Collect$$_printf_percent$$00000001  c_w.l(_printf_n.o)
    0x080001aa   0x00000006   Code   RO          637    .ARM.Collect$$_printf_percent$$00000002  c_w.l(_printf_p.o)
    0x080001b0   0x00000006   Code   RO          495    .ARM.Collect$$_printf_percent$$00000003  c_w.l(_printf_f.o)
    0x080001b6   0x00000006   Code   RO          496    .ARM.Collect$$_printf_percent$$00000004  c_w.l(_printf_e.o)
    0x080001bc   0x00000006   Code   RO          641    .ARM.Collect$$_printf_percent$$00000005  c_w.l(_printf_g.o)
    0x080001c2   0x00000006   Code   RO          642    .ARM.Collect$$_printf_percent$$00000006  c_w.l(_printf_a.o)
    0x080001c8   0x0000000a   Code   RO          647    .ARM.Collect$$_printf_percent$$00000007  c_w.l(_printf_ll.o)
    0x080001d2   0x00000006   Code   RO          639    .ARM.Collect$$_printf_percent$$00000008  c_w.l(_printf_i.o)
    0x080001d8   0x00000006   Code   RO          494    .ARM.Collect$$_printf_percent$$00000009  c_w.l(_printf_d.o)
    0x080001de   0x00000006   Code   RO          640    .ARM.Collect$$_printf_percent$$0000000A  c_w.l(_printf_u.o)
    0x080001e4   0x00000006   Code   RO          638    .ARM.Collect$$_printf_percent$$0000000B  c_w.l(_printf_o.o)
    0x080001ea   0x00000006   Code   RO          493    .ARM.Collect$$_printf_percent$$0000000C  c_w.l(_printf_x.o)
    0x080001f0   0x00000006   Code   RO          644    .ARM.Collect$$_printf_percent$$0000000D  c_w.l(_printf_lli.o)
    0x080001f6   0x00000006   Code   RO          645    .ARM.Collect$$_printf_percent$$0000000E  c_w.l(_printf_lld.o)
    0x080001fc   0x00000006   Code   RO          646    .ARM.Collect$$_printf_percent$$0000000F  c_w.l(_printf_llu.o)
    0x08000202   0x00000006   Code   RO          651    .ARM.Collect$$_printf_percent$$00000010  c_w.l(_printf_llo.o)
    0x08000208   0x00000006   Code   RO          652    .ARM.Collect$$_printf_percent$$00000011  c_w.l(_printf_llx.o)
    0x0800020e   0x0000000a   Code   RO          648    .ARM.Collect$$_printf_percent$$00000012  c_w.l(_printf_l.o)
    0x08000218   0x00000006   Code   RO          634    .ARM.Collect$$_printf_percent$$00000013  c_w.l(_printf_c.o)
    0x0800021e   0x00000006   Code   RO          635    .ARM.Collect$$_printf_percent$$00000014  c_w.l(_printf_s.o)
    0x08000224   0x00000006   Code   RO          649    .ARM.Collect$$_printf_percent$$00000015  c_w.l(_printf_lc.o)
    0x0800022a   0x00000006   Code   RO          650    .ARM.Collect$$_printf_percent$$00000016  c_w.l(_printf_ls.o)
    0x08000230   0x00000004   Code   RO          643    .ARM.Collect$$_printf_percent$$00000017  c_w.l(_printf_percent_end.o)
    0x08000234   0x00000002   Code   RO          860    .ARM.Collect$$libinit$$00000000  c_w.l(libinit.o)
    0x08000236   0x00000000   Code   RO          662    .ARM.Collect$$libinit$$00000002  c_w.l(libinit2.o)
    0x08000236   0x00000000   Code   RO          665    .ARM.Collect$$libinit$$00000008  c_w.l(libinit2.o)
    0x08000236   0x00000000   Code   RO          667    .ARM.Collect$$libinit$$0000000A  c_w.l(libinit2.o)
    0x08000236   0x00000000   Code   RO          669    .ARM.Collect$$libinit$$0000000C  c_w.l(libinit2.o)
    0x08000236   0x00000006   Code   RO          670    .ARM.Collect$$libinit$$0000000D  c_w.l(libinit2.o)
    0x0800023c   0x00000000   Code   RO          672    .ARM.Collect$$libinit$$0000000F  c_w.l(libinit2.o)
    0x0800023c   0x0000000c   Code   RO          673    .ARM.Collect$$libinit$$00000010  c_w.l(libinit2.o)
    0x08000248   0x00000000   Code   RO          674    .ARM.Collect$$libinit$$00000011  c_w.l(libinit2.o)
    0x08000248   0x00000000   Code   RO          676    .ARM.Collect$$libinit$$00000013  c_w.l(libinit2.o)
    0x08000248   0x0000000a   Code   RO          677    .ARM.Collect$$libinit$$00000014  c_w.l(libinit2.o)
    0x08000252   0x00000000   Code   RO          678    .ARM.Collect$$libinit$$00000015  c_w.l(libinit2.o)
    0x08000252   0x00000000   Code   RO          680    .ARM.Collect$$libinit$$00000017  c_w.l(libinit2.o)
    0x08000252   0x00000000   Code   RO          682    .ARM.Collect$$libinit$$00000019  c_w.l(libinit2.o)
    0x08000252   0x00000000   Code   RO          684    .ARM.Collect$$libinit$$0000001B  c_w.l(libinit2.o)
    0x08000252   0x00000000   Code   RO          686    .ARM.Collect$$libinit$$0000001D  c_w.l(libinit2.o)
    0x08000252   0x00000000   Code   RO          688    .ARM.Collect$$libinit$$0000001F  c_w.l(libinit2.o)
    0x08000252   0x00000000   Code   RO          690    .ARM.Collect$$libinit$$00000021  c_w.l(libinit2.o)
    0x08000252   0x00000000   Code   RO          692    .ARM.Collect$$libinit$$00000023  c_w.l(libinit2.o)
    0x08000252   0x00000000   Code   RO          696    .ARM.Collect$$libinit$$0000002A  c_w.l(libinit2.o)
    0x08000252   0x00000000   Code   RO          698    .ARM.Collect$$libinit$$0000002C  c_w.l(libinit2.o)
    0x08000252   0x00000000   Code   RO          700    .ARM.Collect$$libinit$$0000002E  c_w.l(libinit2.o)
    0x08000252   0x00000000   Code   RO          702    .ARM.Collect$$libinit$$00000030  c_w.l(libinit2.o)
    0x08000252   0x00000002   Code   RO          703    .ARM.Collect$$libinit$$00000031  c_w.l(libinit2.o)
    0x08000254   0x00000002   Code   RO          919    .ARM.Collect$$libshutdown$$00000000  c_w.l(libshutdown.o)
    0x08000256   0x00000000   Code   RO          875    .ARM.Collect$$libshutdown$$00000003  c_w.l(libshutdown2.o)
    0x08000256   0x00000000   Code   RO          878    .ARM.Collect$$libshutdown$$00000006  c_w.l(libshutdown2.o)
    0x08000256   0x00000000   Code   RO          881    .ARM.Collect$$libshutdown$$00000009  c_w.l(libshutdown2.o)
    0x08000256   0x00000000   Code   RO          883    .ARM.Collect$$libshutdown$$0000000B  c_w.l(libshutdown2.o)
    0x08000256   0x00000000   Code   RO          886    .ARM.Collect$$libshutdown$$0000000E  c_w.l(libshutdown2.o)
    0x08000256   0x00000002   Code   RO          887    .ARM.Collect$$libshutdown$$0000000F  c_w.l(libshutdown2.o)
    0x08000258   0x00000000   Code   RO          572    .ARM.Collect$$rtentry$$00000000  c_w.l(rtentry.o)
    0x08000258   0x00000000   Code   RO          740    .ARM.Collect$$rtentry$$00000002  c_w.l(rtentry2.o)
    0x08000258   0x00000006   Code   RO          752    .ARM.Collect$$rtentry$$00000004  c_w.l(rtentry4.o)
    0x0800025e   0x00000000   Code   RO          742    .ARM.Collect$$rtentry$$00000009  c_w.l(rtentry2.o)
    0x0800025e   0x00000004   Code   RO          743    .ARM.Collect$$rtentry$$0000000A  c_w.l(rtentry2.o)
    0x08000262   0x00000000   Code   RO          745    .ARM.Collect$$rtentry$$0000000C  c_w.l(rtentry2.o)
    0x08000262   0x00000008   Code   RO          746    .ARM.Collect$$rtentry$$0000000D  c_w.l(rtentry2.o)
    0x0800026a   0x00000002   Code   RO          863    .ARM.Collect$$rtexit$$00000000  c_w.l(rtexit.o)
    0x0800026c   0x00000000   Code   RO          893    .ARM.Collect$$rtexit$$00000002  c_w.l(rtexit2.o)
    0x0800026c   0x00000004   Code   RO          894    .ARM.Collect$$rtexit$$00000003  c_w.l(rtexit2.o)
    0x08000270   0x00000006   Code   RO          895    .ARM.Collect$$rtexit$$00000004  c_w.l(rtexit2.o)
    0x08000276   0x00000002   PAD
    0x08000278   0x0000000c   Code   RO          189    .emb_text           sys.o
    0x08000284   0x00000024   Code   RO            1    .text               main.o
    0x080002a8   0x0000001a   Code   RO           71    .text               stm32f10x_it.o
    0x080002c2   0x00000002   PAD
    0x080002c4   0x000001dc   Code   RO          103    .text               system_stm32f10x.o
    0x080004a0   0x0000004c   Code   RO          121    .text               led.o
    0x080004ec   0x000000fc   Code   RO          133    .text               key.o
    0x080005e8   0x0000026c   Code   RO          146    .text               usart2.o
    0x08000854   0x000000d0   Code   RO          175    .text               delay.o
    0x08000924   0x000002bc   Code   RO          190    .text               sys.o
    0x08000be0   0x00000150   Code   RO          206    .text               usart.o
    0x08000d30   0x00000040   Code   RO          242    .text               startup_stm32f10x_hd.o
    0x08000d70   0x000000dc   Code   RO          246    .text               misc.o
    0x08000e4c   0x00000358   Code   RO          258    .text               stm32f10x_gpio.o
    0x080011a4   0x000003a4   Code   RO          270    .text               stm32f10x_rcc.o
    0x08001548   0x00000408   Code   RO          284    .text               stm32f10x_usart.o
    0x08001950   0x00000002   Code   RO          374    .text               c_w.l(use_no_semi_2.o)
    0x08001952   0x00000002   PAD
    0x08001954   0x00000024   Code   RO          440    .text               c_w.l(c89vsprintf.o)
    0x08001978   0x00000052   Code   RO          448    .text               c_w.l(_printf_pad.o)
    0x080019ca   0x00000002   PAD
    0x080019cc   0x00000078   Code   RO          450    .text               c_w.l(_printf_dec.o)
    0x08001a44   0x0000009c   Code   RO          470    .text               c_w.l(_printf_hex_int_ll_ptr.o)
    0x08001ae0   0x0000018c   Code   RO          490    .text               c_w.l(__printf_flags_ss_wp.o)
    0x08001c6c   0x0000003e   Code   RO          502    .text               c_w.l(strlen.o)
    0x08001caa   0x00000006   Code   RO          522    .text               c_w.l(heapauxi.o)
    0x08001cb0   0x00000002   Code   RO          568    .text               c_w.l(use_no_semi.o)
    0x08001cb2   0x00000002   PAD
    0x08001cb4   0x00000010   Code   RO          573    .text               c_w.l(rt_ctype_table.o)
    0x08001cc4   0x00000008   Code   RO          583    .text               c_w.l(rt_locale_intlibspace.o)
    0x08001ccc   0x00000024   Code   RO          609    .text               c_w.l(_printf_truncate.o)
    0x08001cf0   0x00000052   Code   RO          611    .text               c_w.l(_printf_str.o)
    0x08001d42   0x000000b8   Code   RO          613    .text               c_w.l(_printf_intcommon.o)
    0x08001dfa   0x0000002a   Code   RO          615    .text               c_w.l(_printf_charcount.o)
    0x08001e24   0x00000420   Code   RO          617    .text               c_w.l(_printf_fp_dec.o)
    0x08002244   0x00000030   Code   RO          619    .text               c_w.l(_printf_char_common.o)
    0x08002274   0x0000000a   Code   RO          621    .text               c_w.l(_sputc.o)
    0x0800227e   0x00000002   PAD
    0x08002280   0x000000bc   Code   RO          623    .text               c_w.l(_printf_wctomb.o)
    0x0800233c   0x00000078   Code   RO          626    .text               c_w.l(_printf_longlong_dec.o)
    0x080023b4   0x00000078   Code   RO          632    .text               c_w.l(_printf_oct_int_ll.o)
    0x0800242c   0x00000008   Code   RO          736    .text               c_w.l(libspace.o)
    0x08002434   0x0000008a   Code   RO          767    .text               c_w.l(lludiv10.o)
    0x080024be   0x00000002   PAD
    0x080024c0   0x00000080   Code   RO          769    .text               c_w.l(_printf_fp_infnan.o)
    0x08002540   0x0000002c   Code   RO          773    .text               c_w.l(_printf_char.o)
    0x0800256c   0x0000002c   Code   RO          775    .text               c_w.l(_printf_wchar.o)
    0x08002598   0x000000e4   Code   RO          777    .text               c_w.l(bigflt0.o)
    0x0800267c   0x00000040   Code   RO          802    .text               c_w.l(_wcrtomb.o)
    0x080026bc   0x00000080   Code   RO          814    .text               c_w.l(strcmpv7m.o)
    0x0800273c   0x0000004a   Code   RO          836    .text               c_w.l(sys_stackheap_outer.o)
    0x08002786   0x0000000c   Code   RO          845    .text               c_w.l(exit.o)
    0x08002792   0x0000003e   Code   RO          780    CL$$btod_d2e        c_w.l(btod.o)
    0x080027d0   0x00000046   Code   RO          782    CL$$btod_d2e_denorm_low  c_w.l(btod.o)
    0x08002816   0x00000060   Code   RO          781    CL$$btod_d2e_norm_op1  c_w.l(btod.o)
    0x08002876   0x00000338   Code   RO          790    CL$$btod_div_common  c_w.l(btod.o)
    0x08002bae   0x000000c6   Code   RO          787    CL$$btod_e2e        c_w.l(btod.o)
    0x08002c74   0x00000028   Code   RO          784    CL$$btod_ediv       c_w.l(btod.o)
    0x08002c9c   0x00000028   Code   RO          783    CL$$btod_emul       c_w.l(btod.o)
    0x08002cc4   0x00000244   Code   RO          789    CL$$btod_mult_common  c_w.l(btod.o)
    0x08002f08   0x00000028   Code   RO          721    i.__ARM_fpclassify  m_ws.l(fpclassify.o)
    0x08002f30   0x0000000e   Code   RO          483    i._is_digit         c_w.l(__printf_wp.o)
    0x08002f3e   0x00000002   PAD
    0x08002f40   0x0000002c   Code   RO          805    locale$$code        c_w.l(lc_ctype_c.o)
    0x08002f6c   0x0000002c   Code   RO          808    locale$$code        c_w.l(lc_numeric_c.o)
    0x08002f98   0x00000004   Code   RO          552    x$fpl$printf1       fz_ws.l(printf1.o)
    0x08002f9c   0x00000000   Code   RO          718    x$fpl$usenofp       fz_ws.l(usenofp.o)
    0x08002f9c   0x00000028   Data   RO          471    .constdata          c_w.l(_printf_hex_int_ll_ptr.o)
    0x08002fc4   0x00000011   Data   RO          491    .constdata          c_w.l(__printf_flags_ss_wp.o)
    0x08002fd5   0x00000003   PAD
    0x08002fd8   0x00000008   Data   RO          624    .constdata          c_w.l(_printf_wctomb.o)
    0x08002fe0   0x00000094   Data   RO          778    .constdata          c_w.l(bigflt0.o)
    0x08003074   0x00000020   Data   RO          920    Region$$Table       anon$$obj.o
    0x08003094   0x00000110   Data   RO          804    locale$$data        c_w.l(lc_ctype_c.o)
    0x080031a4   0x0000001c   Data   RO          807    locale$$data        c_w.l(lc_numeric_c.o)


    Execution Region RW_IRAM1 (Base: 0x20000000, Size: 0x00000f60, Max: 0x00010000, ABSOLUTE)

    Base Addr    Size         Type   Attr      Idx    E Section Name        Object

    0x20000000   0x00000014   Data   RW          104    .data               system_stm32f10x.o
    0x20000014   0x00000001   Data   RW          134    .data               key.o
    0x20000015   0x00000001   PAD
    0x20000016   0x00000002   Data   RW          148    .data               usart2.o
    0x20000018   0x00000004   Data   RW          176    .data               delay.o
    0x2000001c   0x00000008   Data   RW          208    .data               usart.o
    0x20000024   0x00000014   Data   RW          271    .data               stm32f10x_rcc.o
    0x20000038   0x00000800   Zero   RW          147    .bss                usart2.o
    0x20000838   0x000000c8   Zero   RW          207    .bss                usart.o
    0x20000900   0x00000060   Zero   RW          737    .bss                c_w.l(libspace.o)
    0x20000960   0x00000200   Zero   RW          240    HEAP                startup_stm32f10x_hd.o
    0x20000b60   0x00000400   Zero   RW          239    STACK               startup_stm32f10x_hd.o


==============================================================================

Image component sizes


      Code (inc. data)   RO Data    RW Data    ZI Data      Debug   Object Name

       208         18          0          4          0        911   delay.o
       252         12          0          1          0        780   key.o
        76          8          0          0          0        447   led.o
        36          0          0          0          0     232295   main.o
       220         20          0          0          0       1697   misc.o
        64         26        304          0       1536        744   startup_stm32f10x_hd.o
       856         40          0          0          0       5541   stm32f10x_gpio.o
        26          0          0          0          0       1130   stm32f10x_it.o
       932         44          0         20          0       8660   stm32f10x_rcc.o
      1032         22          0          0          0       8268   stm32f10x_usart.o
       712         52          0          0          0       2691   sys.o
       476         36          0         20          0       1587   system_stm32f10x.o
       336         18          0          8        200       2990   usart.o
       620         40          0          2       2048       3149   usart2.o

    ----------------------------------------------------------------------
      5848        336        336         56       3784     270890   Object Totals
         0          0         32          0          0          0   (incl. Generated)
         2          0          0          1          0          0   (incl. Padding)

    ----------------------------------------------------------------------

      Code (inc. data)   RO Data    RW Data    ZI Data      Debug   Library Member Name

         8          0          0          0          0         68   __main.o
       396          6         17          0          0         92   __printf_flags_ss_wp.o
        14          0          0          0          0         68   __printf_wp.o
        52          8          0          0          0          0   __scatter.o
        26          0          0          0          0          0   __scatter_copy.o
        28          0          0          0          0          0   __scatter_zi.o
         6          0          0          0          0          0   _printf_a.o
         6          0          0          0          0          0   _printf_c.o
        44          0          0          0          0        108   _printf_char.o
        48          6          0          0          0         96   _printf_char_common.o
        42          0          0          0          0         68   _printf_charcount.o
         6          0          0          0          0          0   _printf_d.o
       120         18          0          0          0         92   _printf_dec.o
         6          0          0          0          0          0   _printf_e.o
         6          0          0          0          0          0   _printf_f.o
      1056          0          0          0          0        212   _printf_fp_dec.o
       128         16          0          0          0         84   _printf_fp_infnan.o
         6          0          0          0          0          0   _printf_g.o
       156          6         40          0          0        160   _printf_hex_int_ll_ptr.o
         6          0          0          0          0          0   _printf_i.o
       184          0          0          0          0         88   _printf_intcommon.o
        10          0          0          0          0          0   _printf_l.o
         6          0          0          0          0          0   _printf_lc.o
        10          0          0          0          0          0   _printf_ll.o
         6          0          0          0          0          0   _printf_lld.o
         6          0          0          0          0          0   _printf_lli.o
         6          0          0          0          0          0   _printf_llo.o
         6          0          0          0          0          0   _printf_llu.o
         6          0          0          0          0          0   _printf_llx.o
       120         16          0          0          0         92   _printf_longlong_dec.o
         6          0          0          0          0          0   _printf_ls.o
         6          0          0          0          0          0   _printf_n.o
         6          0          0          0          0          0   _printf_o.o
       120          8          0          0          0        124   _printf_oct_int_ll.o
         6          0          0          0          0          0   _printf_p.o
        82          0          0          0          0        108   _printf_pad.o
         0          0          0          0          0          0   _printf_percent.o
         4          0          0          0          0          0   _printf_percent_end.o
         6          0          0          0          0          0   _printf_s.o
        82          0          0          0          0         80   _printf_str.o
        36          0          0          0          0         84   _printf_truncate.o
         6          0          0          0          0          0   _printf_u.o
        44          0          0          0          0        108   _printf_wchar.o
       188          6          8          0          0         92   _printf_wctomb.o
         6          0          0          0          0          0   _printf_x.o
        10          0          0          0          0         68   _sputc.o
        64          0          0          0          0         92   _wcrtomb.o
       228          6        148          0          0         96   bigflt0.o
      1910        128          0          0          0        672   btod.o
        36          4          0          0          0         76   c89vsprintf.o
        12          0          0          0          0         72   exit.o
         6          0          0          0          0        152   heapauxi.o
        44         10        272          0          0         76   lc_ctype_c.o
        44         10         28          0          0         76   lc_numeric_c.o
         2          0          0          0          0          0   libinit.o
        30          0          0          0          0          0   libinit2.o
         2          0          0          0          0          0   libshutdown.o
         2          0          0          0          0          0   libshutdown2.o
         8          4          0          0         96         68   libspace.o
       138          0          0          0          0         80   lludiv10.o
        16          4          0          0          0         76   rt_ctype_table.o
         8          4          0          0          0         68   rt_locale_intlibspace.o
         0          0          0          0          0          0   rtentry.o
        12          0          0          0          0          0   rtentry2.o
         6          0          0          0          0          0   rtentry4.o
         2          0          0          0          0          0   rtexit.o
        10          0          0          0          0          0   rtexit2.o
       128          0          0          0          0         68   strcmpv7m.o
        62          0          0          0          0         76   strlen.o
        74          0          0          0          0         80   sys_stackheap_outer.o
         2          0          0          0          0         68   use_no_semi.o
         2          0          0          0          0         68   use_no_semi_2.o
         4          0          0          0          0         68   printf1.o
         0          0          0          0          0          0   usenofp.o
        40          0          0          0          0         68   fpclassify.o

    ----------------------------------------------------------------------
      6036        260        516          0         96       3992   Library Totals
        16          0          3          0          0          0   (incl. Padding)

    ----------------------------------------------------------------------

      Code (inc. data)   RO Data    RW Data    ZI Data      Debug   Library Name

      5976        260        513          0         96       3856   c_w.l
         4          0          0          0          0         68   fz_ws.l
        40          0          0          0          0         68   m_ws.l

    ----------------------------------------------------------------------
      6036        260        516          0         96       3992   Library Totals

    ----------------------------------------------------------------------

==============================================================================


      Code (inc. data)   RO Data    RW Data    ZI Data      Debug   

     11884        596        852         56       3880     271450   Grand Totals
     11884        596        852         56       3880     271450   ELF Image Totals
     11884        596        852         56          0          0   ROM Totals

==============================================================================

    Total RO  Size (Code + RO Data)                12736 (  12.44kB)
    Total RW  Size (RW Data + ZI Data)              3936 (   3.84kB)
    Total ROM Size (Code + RO Data + RW Data)      12792 (  12.49kB)

==============================================================================

